[0;33m> data/4-leg-mat-1.txt[0m

     a     b     c     d     e     f     g     h    
  +-----+-----+-----+-----+-----+-----+-----+-----+
8 |  ‚ôú  |  ‚ôû  |  ‚ôù  |  ‚ôõ  |  ‚ôö  |  ‚ôù  |  ‚ôû  |  ‚ôú  |
  +-----+-----+-----+-----+-----+-----+-----+-----+
7 |  ‚ôü   |  ‚ôü  |  ‚ôü  |  ‚ôü  |  ‚ôü  |  ‚ôü  |  ‚ôü  |  ‚ôü  |
  +-----+-----+-----+-----+-----+-----+-----+-----+
6 |     |     |     |     |     |     |     |     |
  +-----+-----+-----+-----+-----+-----+-----+-----+
5 |     |     |     |     |     |     |     |     |
  +-----+-----+-----+-----+-----+-----+-----+-----+
4 |     |     |     |     |     |     |     |     |
  +-----+-----+-----+-----+-----+-----+-----+-----+
3 |     |     |     |     |     |     |     |     |
  +-----+-----+-----+-----+-----+-----+-----+-----+
2 |  ‚ôô   |  ‚ôô  |  ‚ôô  |  ‚ôô  |  ‚ôô  |  ‚ôô  |  ‚ôô  |  ‚ôô  |
  +-----+-----+-----+-----+-----+-----+-----+-----+
1 |  ‚ôñ  |  ‚ôò  |  ‚ôó  |  ‚ôï  |  ‚ôî  |  ‚ôó  |  ‚ôò  |  ‚ôñ  |
  +-----+-----+-----+-----+-----+-----+-----+-----+
Coup (eg. a1a8) ? 

     a     b     c     d     e     f     g     h    
  +-----+-----+-----+-----+-----+-----+-----+-----+
8 |  ‚ôú  |  ‚ôû  |  ‚ôù  |  ‚ôõ  |  ‚ôö  |  ‚ôù  |  ‚ôû  |  ‚ôú  |
  +-----+-----+-----+-----+-----+-----+-----+-----+
7 |  ‚ôü   |  ‚ôü  |  ‚ôü  |  ‚ôü  |  ‚ôü  |  ‚ôü  |  ‚ôü  |  ‚ôü  |
  +-----+-----+-----+-----+-----+-----+-----+-----+
6 |     |     |     |     |     |     |     |     |
  +-----+-----+-----+-----+-----+-----+-----+-----+
5 |     |     |     |     |     |     |     |     |
  +-----+-----+-----+-----+-----+-----+-----+-----+
4 |     |     |     |     |  ‚ôô  |     |     |     |
  +-----+-----+-----+-----+-----+-----+-----+-----+
3 |     |     |     |     |     |     |     |     |
  +-----+-----+-----+-----+-----+-----+-----+-----+
2 |  ‚ôô   |  ‚ôô  |  ‚ôô  |  ‚ôô  |     |  ‚ôô  |  ‚ôô  |  ‚ôô  |
  +-----+-----+-----+-----+-----+-----+-----+-----+
1 |  ‚ôñ  |  ‚ôò  |  ‚ôó  |  ‚ôï  |  ‚ôî  |  ‚ôó  |  ‚ôò  |  ‚ôñ  |
  +-----+-----+-----+-----+-----+-----+-----+-----+
Coup (eg. a1a8) ? 

     a     b     c     d     e     f     g     h    
  +-----+-----+-----+-----+-----+-----+-----+-----+
8 |  ‚ôú  |  ‚ôû  |  ‚ôù  |  ‚ôõ  |  ‚ôö  |  ‚ôù  |  ‚ôû  |  ‚ôú  |
  +-----+-----+-----+-----+-----+-----+-----+-----+
7 |  ‚ôü   |  ‚ôü  |  ‚ôü  |  ‚ôü  |     |  ‚ôü  |  ‚ôü  |  ‚ôü  |
  +-----+-----+-----+-----+-----+-----+-----+-----+
6 |     |     |     |     |     |     |     |     |
  +-----+-----+-----+-----+-----+-----+-----+-----+
5 |     |     |     |     |  ‚ôü  |     |     |     |
  +-----+-----+-----+-----+-----+-----+-----+-----+
4 |     |     |     |     |  ‚ôô  |     |     |     |
  +-----+-----+-----+-----+-----+-----+-----+-----+
3 |     |     |     |     |     |     |     |     |
  +-----+-----+-----+-----+-----+-----+-----+-----+
2 |  ‚ôô   |  ‚ôô  |  ‚ôô  |  ‚ôô  |     |  ‚ôô  |  ‚ôô  |  ‚ôô  |
  +-----+-----+-----+-----+-----+-----+-----+-----+
1 |  ‚ôñ  |  ‚ôò  |  ‚ôó  |  ‚ôï  |  ‚ôî  |  ‚ôó  |  ‚ôò  |  ‚ôñ  |
  +-----+-----+-----+-----+-----+-----+-----+-----+
Coup (eg. a1a8) ? 

     a     b     c     d     e     f     g     h    
  +-----+-----+-----+-----+-----+-----+-----+-----+
8 |  ‚ôú  |  ‚ôû  |  ‚ôù  |  ‚ôõ  |  ‚ôö  |  ‚ôù  |  ‚ôû  |  ‚ôú  |
  +-----+-----+-----+-----+-----+-----+-----+-----+
7 |  ‚ôü   |  ‚ôü  |  ‚ôü  |  ‚ôü  |     |  ‚ôü  |  ‚ôü  |  ‚ôü  |
  +-----+-----+-----+-----+-----+-----+-----+-----+
6 |     |     |     |     |     |     |     |     |
  +-----+-----+-----+-----+-----+-----+-----+-----+
5 |     |     |     |     |  ‚ôü  |     |     |     |
  +-----+-----+-----+-----+-----+-----+-----+-----+
4 |     |     |     |     |  ‚ôô  |  ‚ôô  |     |     |
  +-----+-----+-----+-----+-----+-----+-----+-----+
3 |     |     |     |     |     |     |     |     |
  +-----+-----+-----+-----+-----+-----+-----+-----+
2 |  ‚ôô   |  ‚ôô  |  ‚ôô  |  ‚ôô  |     |     |  ‚ôô  |  ‚ôô  |
  +-----+-----+-----+-----+-----+-----+-----+-----+
1 |  ‚ôñ  |  ‚ôò  |  ‚ôó  |  ‚ôï  |  ‚ôî  |  ‚ôó  |  ‚ôò  |  ‚ôñ  |
  +-----+-----+-----+-----+-----+-----+-----+-----+
Coup (eg. a1a8) ? 

     a     b     c     d     e     f     g     h    
  +-----+-----+-----+-----+-----+-----+-----+-----+
8 |  ‚ôú  |  ‚ôû  |  ‚ôù  |  ‚ôõ  |  ‚ôö  |  ‚ôù  |  ‚ôû  |  ‚ôú  |
  +-----+-----+-----+-----+-----+-----+-----+-----+
7 |  ‚ôü   |  ‚ôü  |  ‚ôü  |     |     |  ‚ôü  |  ‚ôü  |  ‚ôü  |
  +-----+-----+-----+-----+-----+-----+-----+-----+
6 |     |     |     |     |     |     |     |     |
  +-----+-----+-----+-----+-----+-----+-----+-----+
5 |     |     |     |  ‚ôü  |  ‚ôü  |     |     |     |
  +-----+-----+-----+-----+-----+-----+-----+-----+
4 |     |     |     |     |  ‚ôô  |  ‚ôô  |     |     |
  +-----+-----+-----+-----+-----+-----+-----+-----+
3 |     |     |     |     |     |     |     |     |
  +-----+-----+-----+-----+-----+-----+-----+-----+
2 |  ‚ôô   |  ‚ôô  |  ‚ôô  |  ‚ôô  |     |     |  ‚ôô  |  ‚ôô  |
  +-----+-----+-----+-----+-----+-----+-----+-----+
1 |  ‚ôñ  |  ‚ôò  |  ‚ôó  |  ‚ôï  |  ‚ôî  |  ‚ôó  |  ‚ôò  |  ‚ôñ  |
  +-----+-----+-----+-----+-----+-----+-----+-----+
Coup (eg. a1a8) ? 

     a     b     c     d     e     f     g     h    
  +-----+-----+-----+-----+-----+-----+-----+-----+
8 |  ‚ôú  |  ‚ôû  |  ‚ôù  |  ‚ôõ  |  ‚ôö  |  ‚ôù  |  ‚ôû  |  ‚ôú  |
  +-----+-----+-----+-----+-----+-----+-----+-----+
7 |  ‚ôü   |  ‚ôü  |  ‚ôü  |     |     |  ‚ôü  |  ‚ôü  |  ‚ôü  |
  +-----+-----+-----+-----+-----+-----+-----+-----+
6 |     |     |     |     |     |     |     |     |
  +-----+-----+-----+-----+-----+-----+-----+-----+
5 |     |     |     |  ‚ôü  |  ‚ôü  |     |     |     |
  +-----+-----+-----+-----+-----+-----+-----+-----+
4 |     |     |     |     |  ‚ôô  |  ‚ôô  |     |     |
  +-----+-----+-----+-----+-----+-----+-----+-----+
3 |     |     |  ‚ôò  |     |     |     |     |     |
  +-----+-----+-----+-----+-----+-----+-----+-----+
2 |  ‚ôô   |  ‚ôô  |  ‚ôô  |  ‚ôô  |     |     |  ‚ôô  |  ‚ôô  |
  +-----+-----+-----+-----+-----+-----+-----+-----+
1 |  ‚ôñ  |     |  ‚ôó  |  ‚ôï  |  ‚ôî  |  ‚ôó  |  ‚ôò  |  ‚ôñ  |
  +-----+-----+-----+-----+-----+-----+-----+-----+
Coup (eg. a1a8) ? 

     a     b     c     d     e     f     g     h    
  +-----+-----+-----+-----+-----+-----+-----+-----+
8 |  ‚ôú  |  ‚ôû  |  ‚ôù  |  ‚ôõ  |  ‚ôö  |  ‚ôù  |  ‚ôû  |  ‚ôú  |
  +-----+-----+-----+-----+-----+-----+-----+-----+
7 |  ‚ôü   |  ‚ôü  |  ‚ôü  |     |     |  ‚ôü  |  ‚ôü  |  ‚ôü  |
  +-----+-----+-----+-----+-----+-----+-----+-----+
6 |     |     |     |     |     |     |     |     |
  +-----+-----+-----+-----+-----+-----+-----+-----+
5 |     |     |     |     |  ‚ôü  |     |     |     |
  +-----+-----+-----+-----+-----+-----+-----+-----+
4 |     |     |     |  ‚ôü  |  ‚ôô  |  ‚ôô  |     |     |
  +-----+-----+-----+-----+-----+-----+-----+-----+
3 |     |     |  ‚ôò  |     |     |     |     |     |
  +-----+-----+-----+-----+-----+-----+-----+-----+
2 |  ‚ôô   |  ‚ôô  |  ‚ôô  |  ‚ôô  |     |     |  ‚ôô  |  ‚ôô  |
  +-----+-----+-----+-----+-----+-----+-----+-----+
1 |  ‚ôñ  |     |  ‚ôó  |  ‚ôï  |  ‚ôî  |  ‚ôó  |  ‚ôò  |  ‚ôñ  |
  +-----+-----+-----+-----+-----+-----+-----+-----+
Coup (eg. a1a8) ? 

     a     b     c     d     e     f     g     h    
  +-----+-----+-----+-----+-----+-----+-----+-----+
8 |  ‚ôú  |  ‚ôû  |  ‚ôù  |  ‚ôõ  |  ‚ôö  |  ‚ôù  |  ‚ôû  |  ‚ôú  |
  +-----+-----+-----+-----+-----+-----+-----+-----+
7 |  ‚ôü   |  ‚ôü  |  ‚ôü  |     |     |  ‚ôü  |  ‚ôü  |  ‚ôü  |
  +-----+-----+-----+-----+-----+-----+-----+-----+
6 |     |     |     |     |     |     |     |     |
  +-----+-----+-----+-----+-----+-----+-----+-----+
5 |     |     |     |     |  ‚ôü  |     |     |     |
  +-----+-----+-----+-----+-----+-----+-----+-----+
4 |     |     |     |  ‚ôü  |  ‚ôô  |  ‚ôô  |     |     |
  +-----+-----+-----+-----+-----+-----+-----+-----+
3 |     |     |     |     |     |     |     |     |
  +-----+-----+-----+-----+-----+-----+-----+-----+
2 |  ‚ôô   |  ‚ôô  |  ‚ôô  |  ‚ôô  |  ‚ôò  |     |  ‚ôô  |  ‚ôô  |
  +-----+-----+-----+-----+-----+-----+-----+-----+
1 |  ‚ôñ  |     |  ‚ôó  |  ‚ôï  |  ‚ôî  |  ‚ôó  |  ‚ôò  |  ‚ôñ  |
  +-----+-----+-----+-----+-----+-----+-----+-----+
Coup (eg. a1a8) ? 

     a     b     c     d     e     f     g     h    
  +-----+-----+-----+-----+-----+-----+-----+-----+
8 |  ‚ôú  |  ‚ôû  |  ‚ôù  |  ‚ôõ  |  ‚ôö  |     |  ‚ôû  |  ‚ôú  |
  +-----+-----+-----+-----+-----+-----+-----+-----+
7 |  ‚ôü   |  ‚ôü  |  ‚ôü  |     |     |  ‚ôü  |  ‚ôü  |  ‚ôü  |
  +-----+-----+-----+-----+-----+-----+-----+-----+
6 |     |     |     |     |     |     |     |     |
  +-----+-----+-----+-----+-----+-----+-----+-----+
5 |     |     |     |     |  ‚ôü  |     |     |     |
  +-----+-----+-----+-----+-----+-----+-----+-----+
4 |     |  ‚ôù  |     |  ‚ôü  |  ‚ôô  |  ‚ôô  |     |     |
  +-----+-----+-----+-----+-----+-----+-----+-----+
3 |     |     |     |     |     |     |     |     |
  +-----+-----+-----+-----+-----+-----+-----+-----+
2 |  ‚ôô   |  ‚ôô  |  ‚ôô  |  ‚ôô  |  ‚ôò  |     |  ‚ôô  |  ‚ôô  |
  +-----+-----+-----+-----+-----+-----+-----+-----+
1 |  ‚ôñ  |     |  ‚ôó  |  ‚ôï  |  ‚ôî  |  ‚ôó  |  ‚ôò  |  ‚ôñ  |
  +-----+-----+-----+-----+-----+-----+-----+-----+
Coup (eg. a1a8) ? 

     a     b     c     d     e     f     g     h    
  +-----+-----+-----+-----+-----+-----+-----+-----+
8 |  ‚ôú  |  ‚ôû  |  ‚ôù  |  ‚ôõ  |  ‚ôö  |     |  ‚ôû  |  ‚ôú  |
  +-----+-----+-----+-----+-----+-----+-----+-----+
7 |  ‚ôü   |  ‚ôü  |  ‚ôü  |     |     |  ‚ôü  |  ‚ôü  |  ‚ôü  |
  +-----+-----+-----+-----+-----+-----+-----+-----+
6 |     |     |     |     |     |     |     |     |
  +-----+-----+-----+-----+-----+-----+-----+-----+
5 |     |     |     |     |  ‚ôü  |  ‚ôô  |     |     |
  +-----+-----+-----+-----+-----+-----+-----+-----+
4 |     |  ‚ôù  |     |  ‚ôü  |  ‚ôô  |     |     |     |
  +-----+-----+-----+-----+-----+-----+-----+-----+
3 |     |     |     |     |     |     |     |     |
  +-----+-----+-----+-----+-----+-----+-----+-----+
2 |  ‚ôô   |  ‚ôô  |  ‚ôô  |  ‚ôô  |  ‚ôò  |     |  ‚ôô  |  ‚ôô  |
  +-----+-----+-----+-----+-----+-----+-----+-----+
1 |  ‚ôñ  |     |  ‚ôó  |  ‚ôï  |  ‚ôî  |  ‚ôó  |  ‚ôò  |  ‚ôñ  |
  +-----+-----+-----+-----+-----+-----+-----+-----+
Coup (eg. a1a8) ? 

     a     b     c     d     e     f     g     h    
  +-----+-----+-----+-----+-----+-----+-----+-----+
8 |  ‚ôú  |     |  ‚ôù  |  ‚ôõ  |  ‚ôö  |     |  ‚ôû  |  ‚ôú  |
  +-----+-----+-----+-----+-----+-----+-----+-----+
7 |  ‚ôü   |  ‚ôü  |  ‚ôü  |     |     |  ‚ôü  |  ‚ôü  |  ‚ôü  |
  +-----+-----+-----+-----+-----+-----+-----+-----+
6 |     |     |  ‚ôû  |     |     |     |     |     |
  +-----+-----+-----+-----+-----+-----+-----+-----+
5 |     |     |     |     |  ‚ôü  |  ‚ôô  |     |     |
  +-----+-----+-----+-----+-----+-----+-----+-----+
4 |     |  ‚ôù  |     |  ‚ôü  |  ‚ôô  |     |     |     |
  +-----+-----+-----+-----+-----+-----+-----+-----+
3 |     |     |     |     |     |     |     |     |
  +-----+-----+-----+-----+-----+-----+-----+-----+
2 |  ‚ôô   |  ‚ôô  |  ‚ôô  |  ‚ôô  |  ‚ôò  |     |  ‚ôô  |  ‚ôô  |
  +-----+-----+-----+-----+-----+-----+-----+-----+
1 |  ‚ôñ  |     |  ‚ôó  |  ‚ôï  |  ‚ôî  |  ‚ôó  |  ‚ôò  |  ‚ôñ  |
  +-----+-----+-----+-----+-----+-----+-----+-----+
Coup (eg. a1a8) ? 

     a     b     c     d     e     f     g     h    
  +-----+-----+-----+-----+-----+-----+-----+-----+
8 |  ‚ôú  |     |  ‚ôù  |  ‚ôõ  |  ‚ôö  |     |  ‚ôû  |  ‚ôú  |
  +-----+-----+-----+-----+-----+-----+-----+-----+
7 |  ‚ôü   |  ‚ôü  |  ‚ôü  |     |     |  ‚ôü  |  ‚ôü  |  ‚ôü  |
  +-----+-----+-----+-----+-----+-----+-----+-----+
6 |     |     |  ‚ôû  |     |     |     |     |     |
  +-----+-----+-----+-----+-----+-----+-----+-----+
5 |     |     |     |     |  ‚ôü  |  ‚ôô  |     |     |
  +-----+-----+-----+-----+-----+-----+-----+-----+
4 |     |  ‚ôù  |     |  ‚ôü  |  ‚ôô  |     |     |     |
  +-----+-----+-----+-----+-----+-----+-----+-----+
3 |     |     |  ‚ôô  |     |     |     |     |     |
  +-----+-----+-----+-----+-----+-----+-----+-----+
2 |  ‚ôô   |  ‚ôô  |     |  ‚ôô  |  ‚ôò  |     |  ‚ôô  |  ‚ôô  |
  +-----+-----+-----+-----+-----+-----+-----+-----+
1 |  ‚ôñ  |     |  ‚ôó  |  ‚ôï  |  ‚ôî  |  ‚ôó  |  ‚ôò  |  ‚ôñ  |
  +-----+-----+-----+-----+-----+-----+-----+-----+
Coup (eg. a1a8) ? 

     a     b     c     d     e     f     g     h    
  +-----+-----+-----+-----+-----+-----+-----+-----+
8 |  ‚ôú  |     |  ‚ôù  |  ‚ôõ  |  ‚ôö  |     |  ‚ôû  |  ‚ôú  |
  +-----+-----+-----+-----+-----+-----+-----+-----+
7 |  ‚ôü   |  ‚ôü  |  ‚ôü  |     |     |  ‚ôü  |  ‚ôü  |  ‚ôü  |
  +-----+-----+-----+-----+-----+-----+-----+-----+
6 |     |     |  ‚ôû  |     |     |     |     |     |
  +-----+-----+-----+-----+-----+-----+-----+-----+
5 |     |     |     |     |  ‚ôü  |  ‚ôô  |     |     |
  +-----+-----+-----+-----+-----+-----+-----+-----+
4 |     |  ‚ôù  |     |     |  ‚ôô  |     |     |     |
  +-----+-----+-----+-----+-----+-----+-----+-----+
3 |     |     |  ‚ôü  |     |     |     |     |     |
  +-----+-----+-----+-----+-----+-----+-----+-----+
2 |  ‚ôô   |  ‚ôô  |     |  ‚ôô  |  ‚ôò  |     |  ‚ôô  |  ‚ôô  |
  +-----+-----+-----+-----+-----+-----+-----+-----+
1 |  ‚ôñ  |     |  ‚ôó  |  ‚ôï  |  ‚ôî  |  ‚ôó  |  ‚ôò  |  ‚ôñ  |
  +-----+-----+-----+-----+-----+-----+-----+-----+
Coup (eg. a1a8) ? 

     a     b     c     d     e     f     g     h    
  +-----+-----+-----+-----+-----+-----+-----+-----+
8 |  ‚ôú  |     |  ‚ôù  |  ‚ôõ  |  ‚ôö  |     |  ‚ôû  |  ‚ôú  |
  +-----+-----+-----+-----+-----+-----+-----+-----+
7 |  ‚ôü   |  ‚ôü  |  ‚ôü  |     |     |  ‚ôü  |  ‚ôü  |  ‚ôü  |
  +-----+-----+-----+-----+-----+-----+-----+-----+
6 |     |     |  ‚ôû  |     |     |     |     |     |
  +-----+-----+-----+-----+-----+-----+-----+-----+
5 |     |     |     |     |  ‚ôü  |  ‚ôô  |     |     |
  +-----+-----+-----+-----+-----+-----+-----+-----+
4 |     |  ‚ôù  |     |     |  ‚ôô  |     |     |     |
  +-----+-----+-----+-----+-----+-----+-----+-----+
3 |     |     |  ‚ôò  |     |     |     |     |     |
  +-----+-----+-----+-----+-----+-----+-----+-----+
2 |  ‚ôô   |  ‚ôô  |     |  ‚ôô  |     |     |  ‚ôô  |  ‚ôô  |
  +-----+-----+-----+-----+-----+-----+-----+-----+
1 |  ‚ôñ  |     |  ‚ôó  |  ‚ôï  |  ‚ôî  |  ‚ôó  |  ‚ôò  |  ‚ôñ  |
  +-----+-----+-----+-----+-----+-----+-----+-----+
Coup (eg. a1a8) ? 

     a     b     c     d     e     f     g     h    
  +-----+-----+-----+-----+-----+-----+-----+-----+
8 |  ‚ôú  |     |  ‚ôù  |  ‚ôõ  |  ‚ôö  |     |  ‚ôû  |  ‚ôú  |
  +-----+-----+-----+-----+-----+-----+-----+-----+
7 |  ‚ôü   |  ‚ôü  |  ‚ôü  |     |     |     |  ‚ôü  |  ‚ôü  |
  +-----+-----+-----+-----+-----+-----+-----+-----+
6 |     |     |  ‚ôû  |     |     |  ‚ôü  |     |     |
  +-----+-----+-----+-----+-----+-----+-----+-----+
5 |     |     |     |     |  ‚ôü  |  ‚ôô  |     |     |
  +-----+-----+-----+-----+-----+-----+-----+-----+
4 |     |  ‚ôù  |     |     |  ‚ôô  |     |     |     |
  +-----+-----+-----+-----+-----+-----+-----+-----+
3 |     |     |  ‚ôò  |     |     |     |     |     |
  +-----+-----+-----+-----+-----+-----+-----+-----+
2 |  ‚ôô   |  ‚ôô  |     |  ‚ôô  |     |     |  ‚ôô  |  ‚ôô  |
  +-----+-----+-----+-----+-----+-----+-----+-----+
1 |  ‚ôñ  |     |  ‚ôó  |  ‚ôï  |  ‚ôî  |  ‚ôó  |  ‚ôò  |  ‚ôñ  |
  +-----+-----+-----+-----+-----+-----+-----+-----+
Coup (eg. a1a8) ? 

     a     b     c     d     e     f     g     h    
  +-----+-----+-----+-----+-----+-----+-----+-----+
8 |  ‚ôú  |     |  ‚ôù  |  ‚ôõ  |  ‚ôö  |     |  ‚ôû  |  ‚ôú  |
  +-----+-----+-----+-----+-----+-----+-----+-----+
7 |  ‚ôü   |  ‚ôü  |  ‚ôü  |     |     |     |  ‚ôü  |  ‚ôü  |
  +-----+-----+-----+-----+-----+-----+-----+-----+
6 |     |     |  ‚ôû  |     |     |  ‚ôü  |     |     |
  +-----+-----+-----+-----+-----+-----+-----+-----+
5 |     |     |     |     |  ‚ôü  |  ‚ôô  |     |     |
  +-----+-----+-----+-----+-----+-----+-----+-----+
4 |     |  ‚ôù  |     |     |  ‚ôô  |     |  ‚ôô  |     |
  +-----+-----+-----+-----+-----+-----+-----+-----+
3 |     |     |  ‚ôò  |     |     |     |     |     |
  +-----+-----+-----+-----+-----+-----+-----+-----+
2 |  ‚ôô   |  ‚ôô  |     |  ‚ôô  |     |     |     |  ‚ôô  |
  +-----+-----+-----+-----+-----+-----+-----+-----+
1 |  ‚ôñ  |     |  ‚ôó  |  ‚ôï  |  ‚ôî  |  ‚ôó  |  ‚ôò  |  ‚ôñ  |
  +-----+-----+-----+-----+-----+-----+-----+-----+
Coup (eg. a1a8) ? 

     a     b     c     d     e     f     g     h    
  +-----+-----+-----+-----+-----+-----+-----+-----+
8 |  ‚ôú  |     |  ‚ôù  |  ‚ôõ  |  ‚ôö  |     |  ‚ôû  |  ‚ôú  |
  +-----+-----+-----+-----+-----+-----+-----+-----+
7 |  ‚ôü   |  ‚ôü  |  ‚ôü  |     |     |     |  ‚ôü  |  ‚ôü  |
  +-----+-----+-----+-----+-----+-----+-----+-----+
6 |     |     |     |     |     |  ‚ôü  |     |     |
  +-----+-----+-----+-----+-----+-----+-----+-----+
5 |     |     |     |     |  ‚ôü  |  ‚ôô  |     |     |
  +-----+-----+-----+-----+-----+-----+-----+-----+
4 |     |  ‚ôù  |     |  ‚ôû  |  ‚ôô  |     |  ‚ôô  |     |
  +-----+-----+-----+-----+-----+-----+-----+-----+
3 |     |     |  ‚ôò  |     |     |     |     |     |
  +-----+-----+-----+-----+-----+-----+-----+-----+
2 |  ‚ôô   |  ‚ôô  |     |  ‚ôô  |     |     |     |  ‚ôô  |
  +-----+-----+-----+-----+-----+-----+-----+-----+
1 |  ‚ôñ  |     |  ‚ôó  |  ‚ôï  |  ‚ôî  |  ‚ôó  |  ‚ôò  |  ‚ôñ  |
  +-----+-----+-----+-----+-----+-----+-----+-----+
Coup (eg. a1a8) ? 

     a     b     c     d     e     f     g     h    
  +-----+-----+-----+-----+-----+-----+-----+-----+
8 |  ‚ôú  |     |  ‚ôù  |  ‚ôõ  |  ‚ôö  |     |  ‚ôû  |  ‚ôú  |
  +-----+-----+-----+-----+-----+-----+-----+-----+
7 |  ‚ôü   |  ‚ôü  |  ‚ôü  |     |     |     |  ‚ôü  |  ‚ôü  |
  +-----+-----+-----+-----+-----+-----+-----+-----+
6 |     |     |     |     |     |  ‚ôü  |     |     |
  +-----+-----+-----+-----+-----+-----+-----+-----+
5 |     |     |     |     |  ‚ôü  |  ‚ôô  |     |     |
  +-----+-----+-----+-----+-----+-----+-----+-----+
4 |     |  ‚ôù  |     |  ‚ôû  |  ‚ôô  |     |  ‚ôô  |     |
  +-----+-----+-----+-----+-----+-----+-----+-----+
3 |     |     |  ‚ôò  |  ‚ôô  |     |     |     |     |
  +-----+-----+-----+-----+-----+-----+-----+-----+
2 |  ‚ôô   |  ‚ôô  |     |     |     |     |     |  ‚ôô  |
  +-----+-----+-----+-----+-----+-----+-----+-----+
1 |  ‚ôñ  |     |  ‚ôó  |  ‚ôï  |  ‚ôî  |  ‚ôó  |  ‚ôò  |  ‚ôñ  |
  +-----+-----+-----+-----+-----+-----+-----+-----+
Coup (eg. a1a8) ? 

     a     b     c     d     e     f     g     h    
  +-----+-----+-----+-----+-----+-----+-----+-----+
8 |  ‚ôú  |     |  ‚ôù  |  ‚ôõ  |  ‚ôö  |     |     |  ‚ôú  |
  +-----+-----+-----+-----+-----+-----+-----+-----+
7 |  ‚ôü   |  ‚ôü  |  ‚ôü  |     |  ‚ôû  |     |  ‚ôü  |  ‚ôü  |
  +-----+-----+-----+-----+-----+-----+-----+-----+
6 |     |     |     |     |     |  ‚ôü  |     |     |
  +-----+-----+-----+-----+-----+-----+-----+-----+
5 |     |     |     |     |  ‚ôü  |  ‚ôô  |     |     |
  +-----+-----+-----+-----+-----+-----+-----+-----+
4 |     |  ‚ôù  |     |  ‚ôû  |  ‚ôô  |     |  ‚ôô  |     |
  +-----+-----+-----+-----+-----+-----+-----+-----+
3 |     |     |  ‚ôò  |  ‚ôô  |     |     |     |     |
  +-----+-----+-----+-----+-----+-----+-----+-----+
2 |  ‚ôô   |  ‚ôô  |     |     |     |     |     |  ‚ôô  |
  +-----+-----+-----+-----+-----+-----+-----+-----+
1 |  ‚ôñ  |     |  ‚ôó  |  ‚ôï  |  ‚ôî  |  ‚ôó  |  ‚ôò  |  ‚ôñ  |
  +-----+-----+-----+-----+-----+-----+-----+-----+
Coup (eg. a1a8) ? 

     a     b     c     d     e     f     g     h    
  +-----+-----+-----+-----+-----+-----+-----+-----+
8 |  ‚ôú  |     |  ‚ôù  |  ‚ôõ  |  ‚ôö  |     |     |  ‚ôú  |
  +-----+-----+-----+-----+-----+-----+-----+-----+
7 |  ‚ôü   |  ‚ôü  |  ‚ôü  |     |  ‚ôû  |     |  ‚ôü  |  ‚ôü  |
  +-----+-----+-----+-----+-----+-----+-----+-----+
6 |     |     |     |     |     |  ‚ôü  |     |     |
  +-----+-----+-----+-----+-----+-----+-----+-----+
5 |     |     |     |     |  ‚ôü  |  ‚ôô  |  ‚ôô  |     |
  +-----+-----+-----+-----+-----+-----+-----+-----+
4 |     |  ‚ôù  |     |  ‚ôû  |  ‚ôô  |     |     |     |
  +-----+-----+-----+-----+-----+-----+-----+-----+
3 |     |     |  ‚ôò  |  ‚ôô  |     |     |     |     |
  +-----+-----+-----+-----+-----+-----+-----+-----+
2 |  ‚ôô   |  ‚ôô  |     |     |     |     |     |  ‚ôô  |
  +-----+-----+-----+-----+-----+-----+-----+-----+
1 |  ‚ôñ  |     |  ‚ôó  |  ‚ôï  |  ‚ôî  |  ‚ôó  |  ‚ôò  |  ‚ôñ  |
  +-----+-----+-----+-----+-----+-----+-----+-----+
Coup (eg. a1a8) ? 

     a     b     c     d     e     f     g     h    
  +-----+-----+-----+-----+-----+-----+-----+-----+
8 |  ‚ôú  |     |  ‚ôù  |     |  ‚ôö  |     |     |  ‚ôú  |
  +-----+-----+-----+-----+-----+-----+-----+-----+
7 |  ‚ôü   |  ‚ôü  |  ‚ôü  |     |  ‚ôû  |     |  ‚ôü  |  ‚ôü  |
  +-----+-----+-----+-----+-----+-----+-----+-----+
6 |     |     |     |  ‚ôõ  |     |  ‚ôü  |     |     |
  +-----+-----+-----+-----+-----+-----+-----+-----+
5 |     |     |     |     |  ‚ôü  |  ‚ôô  |  ‚ôô  |     |
  +-----+-----+-----+-----+-----+-----+-----+-----+
4 |     |  ‚ôù  |     |  ‚ôû  |  ‚ôô  |     |     |     |
  +-----+-----+-----+-----+-----+-----+-----+-----+
3 |     |     |  ‚ôò  |  ‚ôô  |     |     |     |     |
  +-----+-----+-----+-----+-----+-----+-----+-----+
2 |  ‚ôô   |  ‚ôô  |     |     |     |     |     |  ‚ôô  |
  +-----+-----+-----+-----+-----+-----+-----+-----+
1 |  ‚ôñ  |     |  ‚ôó  |  ‚ôï  |  ‚ôî  |  ‚ôó  |  ‚ôò  |  ‚ôñ  |
  +-----+-----+-----+-----+-----+-----+-----+-----+
Coup (eg. a1a8) ? 

     a     b     c     d     e     f     g     h    
  +-----+-----+-----+-----+-----+-----+-----+-----+
8 |  ‚ôú  |     |  ‚ôù  |     |  ‚ôö  |     |     |  ‚ôú  |
  +-----+-----+-----+-----+-----+-----+-----+-----+
7 |  ‚ôü   |  ‚ôü  |  ‚ôü  |     |  ‚ôû  |     |  ‚ôü  |  ‚ôü  |
  +-----+-----+-----+-----+-----+-----+-----+-----+
6 |     |     |     |  ‚ôõ  |     |  ‚ôü  |     |     |
  +-----+-----+-----+-----+-----+-----+-----+-----+
5 |     |     |     |     |  ‚ôü  |  ‚ôô  |  ‚ôô  |     |
  +-----+-----+-----+-----+-----+-----+-----+-----+
4 |     |  ‚ôù  |     |  ‚ôû  |  ‚ôô  |     |     |     |
  +-----+-----+-----+-----+-----+-----+-----+-----+
3 |  ‚ôô   |     |  ‚ôò  |  ‚ôô  |     |     |     |     |
  +-----+-----+-----+-----+-----+-----+-----+-----+
2 |     |  ‚ôô  |     |     |     |     |     |  ‚ôô  |
  +-----+-----+-----+-----+-----+-----+-----+-----+
1 |  ‚ôñ  |     |  ‚ôó  |  ‚ôï  |  ‚ôî  |  ‚ôó  |  ‚ôò  |  ‚ôñ  |
  +-----+-----+-----+-----+-----+-----+-----+-----+
Coup (eg. a1a8) ? 

     a     b     c     d     e     f     g     h    
  +-----+-----+-----+-----+-----+-----+-----+-----+
8 |  ‚ôú  |     |  ‚ôù  |     |  ‚ôö  |     |     |  ‚ôú  |
  +-----+-----+-----+-----+-----+-----+-----+-----+
7 |  ‚ôü   |  ‚ôü  |  ‚ôü  |     |  ‚ôû  |     |  ‚ôü  |  ‚ôü  |
  +-----+-----+-----+-----+-----+-----+-----+-----+
6 |     |     |     |  ‚ôõ  |     |  ‚ôü  |     |     |
  +-----+-----+-----+-----+-----+-----+-----+-----+
5 |     |     |     |     |  ‚ôü  |  ‚ôô  |  ‚ôô  |     |
  +-----+-----+-----+-----+-----+-----+-----+-----+
4 |     |     |     |  ‚ôû  |  ‚ôô  |     |     |     |
  +-----+-----+-----+-----+-----+-----+-----+-----+
3 |  ‚ôô   |     |  ‚ôù  |  ‚ôô  |     |     |     |     |
  +-----+-----+-----+-----+-----+-----+-----+-----+
2 |     |  ‚ôô  |     |     |     |     |     |  ‚ôô  |
  +-----+-----+-----+-----+-----+-----+-----+-----+
1 |  ‚ôñ  |     |  ‚ôó  |  ‚ôï  |  ‚ôî  |  ‚ôó  |  ‚ôò  |  ‚ôñ  |
  +-----+-----+-----+-----+-----+-----+-----+-----+
Coup (eg. a1a8) ? 

     a     b     c     d     e     f     g     h    
  +-----+-----+-----+-----+-----+-----+-----+-----+
8 |  ‚ôú  |     |  ‚ôù  |     |  ‚ôö  |     |     |  ‚ôú  |
  +-----+-----+-----+-----+-----+-----+-----+-----+
7 |  ‚ôü   |  ‚ôü  |  ‚ôü  |     |  ‚ôû  |     |  ‚ôü  |  ‚ôü  |
  +-----+-----+-----+-----+-----+-----+-----+-----+
6 |     |     |     |  ‚ôõ  |     |  ‚ôü  |     |     |
  +-----+-----+-----+-----+-----+-----+-----+-----+
5 |     |     |     |     |  ‚ôü  |  ‚ôô  |  ‚ôô  |     |
  +-----+-----+-----+-----+-----+-----+-----+-----+
4 |     |     |     |  ‚ôû  |  ‚ôô  |     |     |     |
  +-----+-----+-----+-----+-----+-----+-----+-----+
3 |  ‚ôô   |     |  ‚ôô  |  ‚ôô  |     |     |     |     |
  +-----+-----+-----+-----+-----+-----+-----+-----+
2 |     |     |     |     |     |     |     |  ‚ôô  |
  +-----+-----+-----+-----+-----+-----+-----+-----+
1 |  ‚ôñ  |     |  ‚ôó  |  ‚ôï  |  ‚ôî  |  ‚ôó  |  ‚ôò  |  ‚ôñ  |
  +-----+-----+-----+-----+-----+-----+-----+-----+
Coup (eg. a1a8) ? 

     a     b     c     d     e     f     g     h    
  +-----+-----+-----+-----+-----+-----+-----+-----+
8 |  ‚ôú  |     |  ‚ôù  |     |  ‚ôö  |     |     |  ‚ôú  |
  +-----+-----+-----+-----+-----+-----+-----+-----+
7 |  ‚ôü   |  ‚ôü  |  ‚ôü  |     |  ‚ôû  |     |  ‚ôü  |  ‚ôü  |
  +-----+-----+-----+-----+-----+-----+-----+-----+
6 |     |     |     |  ‚ôõ  |     |  ‚ôü  |     |     |
  +-----+-----+-----+-----+-----+-----+-----+-----+
5 |     |  ‚ôû  |     |     |  ‚ôü  |  ‚ôô  |  ‚ôô  |     |
  +-----+-----+-----+-----+-----+-----+-----+-----+
4 |     |     |     |     |  ‚ôô  |     |     |     |
  +-----+-----+-----+-----+-----+-----+-----+-----+
3 |  ‚ôô   |     |  ‚ôô  |  ‚ôô  |     |     |     |     |
  +-----+-----+-----+-----+-----+-----+-----+-----+
2 |     |     |     |     |     |     |     |  ‚ôô  |
  +-----+-----+-----+-----+-----+-----+-----+-----+
1 |  ‚ôñ  |     |  ‚ôó  |  ‚ôï  |  ‚ôî  |  ‚ôó  |  ‚ôò  |  ‚ôñ  |
  +-----+-----+-----+-----+-----+-----+-----+-----+
Coup (eg. a1a8) ? 

     a     b     c     d     e     f     g     h    
  +-----+-----+-----+-----+-----+-----+-----+-----+
8 |  ‚ôú  |     |  ‚ôù  |     |  ‚ôö  |     |     |  ‚ôú  |
  +-----+-----+-----+-----+-----+-----+-----+-----+
7 |  ‚ôü   |  ‚ôü  |  ‚ôü  |     |  ‚ôû  |     |  ‚ôü  |  ‚ôü  |
  +-----+-----+-----+-----+-----+-----+-----+-----+
6 |     |     |     |  ‚ôõ  |     |  ‚ôü  |     |     |
  +-----+-----+-----+-----+-----+-----+-----+-----+
5 |     |  ‚ôû  |     |     |  ‚ôü  |  ‚ôô  |  ‚ôô  |     |
  +-----+-----+-----+-----+-----+-----+-----+-----+
4 |     |     |     |     |  ‚ôô  |     |     |     |
  +-----+-----+-----+-----+-----+-----+-----+-----+
3 |  ‚ôô   |     |  ‚ôô  |  ‚ôô  |     |     |     |     |
  +-----+-----+-----+-----+-----+-----+-----+-----+
2 |     |     |     |     |  ‚ôò  |     |     |  ‚ôô  |
  +-----+-----+-----+-----+-----+-----+-----+-----+
1 |  ‚ôñ  |     |  ‚ôó  |  ‚ôï  |  ‚ôî  |  ‚ôó  |     |  ‚ôñ  |
  +-----+-----+-----+-----+-----+-----+-----+-----+
Coup (eg. a1a8) ? 

     a     b     c     d     e     f     g     h    
  +-----+-----+-----+-----+-----+-----+-----+-----+
8 |  ‚ôú  |     |  ‚ôù  |     |     |  ‚ôú  |  ‚ôö  |     |
  +-----+-----+-----+-----+-----+-----+-----+-----+
7 |  ‚ôü   |  ‚ôü  |  ‚ôü  |     |  ‚ôû  |     |  ‚ôü  |  ‚ôü  |
  +-----+-----+-----+-----+-----+-----+-----+-----+
6 |     |     |     |  ‚ôõ  |     |  ‚ôü  |     |     |
  +-----+-----+-----+-----+-----+-----+-----+-----+
5 |     |  ‚ôû  |     |     |  ‚ôü  |  ‚ôô  |  ‚ôô  |     |
  +-----+-----+-----+-----+-----+-----+-----+-----+
4 |     |     |     |     |  ‚ôô  |     |     |     |
  +-----+-----+-----+-----+-----+-----+-----+-----+
3 |  ‚ôô   |     |  ‚ôô  |  ‚ôô  |     |     |     |     |
  +-----+-----+-----+-----+-----+-----+-----+-----+
2 |     |     |     |     |  ‚ôò  |     |     |  ‚ôô  |
  +-----+-----+-----+-----+-----+-----+-----+-----+
1 |  ‚ôñ  |     |  ‚ôó  |  ‚ôï  |  ‚ôî  |  ‚ôó  |     |  ‚ôñ  |
  +-----+-----+-----+-----+-----+-----+-----+-----+
Coup (eg. a1a8) ? 

     a     b     c     d     e     f     g     h    
  +-----+-----+-----+-----+-----+-----+-----+-----+
8 |  ‚ôú  |     |  ‚ôù  |     |     |  ‚ôú  |  ‚ôö  |     |
  +-----+-----+-----+-----+-----+-----+-----+-----+
7 |  ‚ôü   |  ‚ôü  |  ‚ôü  |     |  ‚ôû  |     |  ‚ôü  |  ‚ôü  |
  +-----+-----+-----+-----+-----+-----+-----+-----+
6 |     |     |     |  ‚ôõ  |     |  ‚ôü  |  ‚ôô  |     |
  +-----+-----+-----+-----+-----+-----+-----+-----+
5 |     |  ‚ôû  |     |     |  ‚ôü  |  ‚ôô  |     |     |
  +-----+-----+-----+-----+-----+-----+-----+-----+
4 |     |     |     |     |  ‚ôô  |     |     |     |
  +-----+-----+-----+-----+-----+-----+-----+-----+
3 |  ‚ôô   |     |  ‚ôô  |  ‚ôô  |     |     |     |     |
  +-----+-----+-----+-----+-----+-----+-----+-----+
2 |     |     |     |     |  ‚ôò  |     |     |  ‚ôô  |
  +-----+-----+-----+-----+-----+-----+-----+-----+
1 |  ‚ôñ  |     |  ‚ôó  |  ‚ôï  |  ‚ôî  |  ‚ôó  |     |  ‚ôñ  |
  +-----+-----+-----+-----+-----+-----+-----+-----+
Coup (eg. a1a8) ? 

     a     b     c     d     e     f     g     h    
  +-----+-----+-----+-----+-----+-----+-----+-----+
8 |  ‚ôú  |     |     |     |     |  ‚ôú  |  ‚ôö  |     |
  +-----+-----+-----+-----+-----+-----+-----+-----+
7 |  ‚ôü   |  ‚ôü  |  ‚ôü  |  ‚ôù  |  ‚ôû  |     |  ‚ôü  |  ‚ôü  |
  +-----+-----+-----+-----+-----+-----+-----+-----+
6 |     |     |     |  ‚ôõ  |     |  ‚ôü  |  ‚ôô  |     |
  +-----+-----+-----+-----+-----+-----+-----+-----+
5 |     |  ‚ôû  |     |     |  ‚ôü  |  ‚ôô  |     |     |
  +-----+-----+-----+-----+-----+-----+-----+-----+
4 |     |     |     |     |  ‚ôô  |     |     |     |
  +-----+-----+-----+-----+-----+-----+-----+-----+
3 |  ‚ôô   |     |  ‚ôô  |  ‚ôô  |     |     |     |     |
  +-----+-----+-----+-----+-----+-----+-----+-----+
2 |     |     |     |     |  ‚ôò  |     |     |  ‚ôô  |
  +-----+-----+-----+-----+-----+-----+-----+-----+
1 |  ‚ôñ  |     |  ‚ôó  |  ‚ôï  |  ‚ôî  |  ‚ôó  |     |  ‚ôñ  |
  +-----+-----+-----+-----+-----+-----+-----+-----+
Coup (eg. a1a8) ? 

     a     b     c     d     e     f     g     h    
  +-----+-----+-----+-----+-----+-----+-----+-----+
8 |  ‚ôú  |     |     |     |     |  ‚ôú  |  ‚ôö  |     |
  +-----+-----+-----+-----+-----+-----+-----+-----+
7 |  ‚ôü   |  ‚ôü  |  ‚ôü  |  ‚ôù  |  ‚ôû  |     |  ‚ôü  |  ‚ôü  |
  +-----+-----+-----+-----+-----+-----+-----+-----+
6 |     |     |     |  ‚ôõ  |     |  ‚ôü  |  ‚ôô  |     |
  +-----+-----+-----+-----+-----+-----+-----+-----+
5 |     |  ‚ôû  |     |     |  ‚ôü  |  ‚ôô  |     |     |
  +-----+-----+-----+-----+-----+-----+-----+-----+
4 |     |     |     |  ‚ôô  |  ‚ôô  |     |     |     |
  +-----+-----+-----+-----+-----+-----+-----+-----+
3 |  ‚ôô   |     |  ‚ôô  |     |     |     |     |     |
  +-----+-----+-----+-----+-----+-----+-----+-----+
2 |     |     |     |     |  ‚ôò  |     |     |  ‚ôô  |
  +-----+-----+-----+-----+-----+-----+-----+-----+
1 |  ‚ôñ  |     |  ‚ôó  |  ‚ôï  |  ‚ôî  |  ‚ôó  |     |  ‚ôñ  |
  +-----+-----+-----+-----+-----+-----+-----+-----+
Coup (eg. a1a8) ? 

     a     b     c     d     e     f     g     h    
  +-----+-----+-----+-----+-----+-----+-----+-----+
8 |  ‚ôú  |     |     |     |     |  ‚ôú  |  ‚ôö  |     |
  +-----+-----+-----+-----+-----+-----+-----+-----+
7 |  ‚ôü   |  ‚ôü  |  ‚ôü  |  ‚ôù  |  ‚ôû  |     |  ‚ôü  |  ‚ôü  |
  +-----+-----+-----+-----+-----+-----+-----+-----+
6 |     |     |     |  ‚ôõ  |     |  ‚ôü  |  ‚ôô  |     |
  +-----+-----+-----+-----+-----+-----+-----+-----+
5 |     |  ‚ôû  |     |     |     |  ‚ôô  |     |     |
  +-----+-----+-----+-----+-----+-----+-----+-----+
4 |     |     |     |  ‚ôü  |  ‚ôô  |     |     |     |
  +-----+-----+-----+-----+-----+-----+-----+-----+
3 |  ‚ôô   |     |  ‚ôô  |     |     |     |     |     |
  +-----+-----+-----+-----+-----+-----+-----+-----+
2 |     |     |     |     |  ‚ôò  |     |     |  ‚ôô  |
  +-----+-----+-----+-----+-----+-----+-----+-----+
1 |  ‚ôñ  |     |  ‚ôó  |  ‚ôï  |  ‚ôî  |  ‚ôó  |     |  ‚ôñ  |
  +-----+-----+-----+-----+-----+-----+-----+-----+
Coup (eg. a1a8) ? 

     a     b     c     d     e     f     g     h    
  +-----+-----+-----+-----+-----+-----+-----+-----+
8 |  ‚ôú  |     |     |     |     |  ‚ôú  |  ‚ôö  |     |
  +-----+-----+-----+-----+-----+-----+-----+-----+
7 |  ‚ôü   |  ‚ôü  |  ‚ôü  |  ‚ôù  |  ‚ôû  |     |  ‚ôü  |  ‚ôü  |
  +-----+-----+-----+-----+-----+-----+-----+-----+
6 |     |     |     |  ‚ôõ  |     |  ‚ôü  |  ‚ôô  |     |
  +-----+-----+-----+-----+-----+-----+-----+-----+
5 |     |  ‚ôû  |     |     |     |  ‚ôô  |     |     |
  +-----+-----+-----+-----+-----+-----+-----+-----+
4 |     |     |     |  ‚ôò  |  ‚ôô  |     |     |     |
  +-----+-----+-----+-----+-----+-----+-----+-----+
3 |  ‚ôô   |     |  ‚ôô  |     |     |     |     |     |
  +-----+-----+-----+-----+-----+-----+-----+-----+
2 |     |     |     |     |     |     |     |  ‚ôô  |
  +-----+-----+-----+-----+-----+-----+-----+-----+
1 |  ‚ôñ  |     |  ‚ôó  |  ‚ôï  |  ‚ôî  |  ‚ôó  |     |  ‚ôñ  |
  +-----+-----+-----+-----+-----+-----+-----+-----+
Coup (eg. a1a8) ? 

     a     b     c     d     e     f     g     h    
  +-----+-----+-----+-----+-----+-----+-----+-----+
8 |  ‚ôú  |     |     |     |     |  ‚ôú  |  ‚ôö  |     |
  +-----+-----+-----+-----+-----+-----+-----+-----+
7 |  ‚ôü   |  ‚ôü  |  ‚ôü  |  ‚ôù  |  ‚ôû  |     |  ‚ôü  |  ‚ôü  |
  +-----+-----+-----+-----+-----+-----+-----+-----+
6 |     |     |     |  ‚ôõ  |     |  ‚ôü  |  ‚ôô  |     |
  +-----+-----+-----+-----+-----+-----+-----+-----+
5 |     |     |     |     |     |  ‚ôô  |     |     |
  +-----+-----+-----+-----+-----+-----+-----+-----+
4 |     |     |     |  ‚ôû  |  ‚ôô  |     |     |     |
  +-----+-----+-----+-----+-----+-----+-----+-----+
3 |  ‚ôô   |     |  ‚ôô  |     |     |     |     |     |
  +-----+-----+-----+-----+-----+-----+-----+-----+
2 |     |     |     |     |     |     |     |  ‚ôô  |
  +-----+-----+-----+-----+-----+-----+-----+-----+
1 |  ‚ôñ  |     |  ‚ôó  |  ‚ôï  |  ‚ôî  |  ‚ôó  |     |  ‚ôñ  |
  +-----+-----+-----+-----+-----+-----+-----+-----+
Coup (eg. a1a8) ? 

     a     b     c     d     e     f     g     h    
  +-----+-----+-----+-----+-----+-----+-----+-----+
8 |  ‚ôú  |     |     |     |     |  ‚ôú  |  ‚ôö  |     |
  +-----+-----+-----+-----+-----+-----+-----+-----+
7 |  ‚ôü   |  ‚ôü  |  ‚ôü  |  ‚ôù  |  ‚ôû  |     |  ‚ôü  |  ‚ôü  |
  +-----+-----+-----+-----+-----+-----+-----+-----+
6 |     |     |     |  ‚ôõ  |     |  ‚ôü  |  ‚ôô  |     |
  +-----+-----+-----+-----+-----+-----+-----+-----+
5 |     |     |     |     |     |  ‚ôô  |     |  ‚ôï  |
  +-----+-----+-----+-----+-----+-----+-----+-----+
4 |     |     |     |  ‚ôû  |  ‚ôô  |     |     |     |
  +-----+-----+-----+-----+-----+-----+-----+-----+
3 |  ‚ôô   |     |  ‚ôô  |     |     |     |     |     |
  +-----+-----+-----+-----+-----+-----+-----+-----+
2 |     |     |     |     |     |     |     |  ‚ôô  |
  +-----+-----+-----+-----+-----+-----+-----+-----+
1 |  ‚ôñ  |     |  ‚ôó  |     |  ‚ôî  |  ‚ôó  |     |  ‚ôñ  |
  +-----+-----+-----+-----+-----+-----+-----+-----+
Coup (eg. a1a8) ? 
Le roi est en echec
Coup (eg. a1a8) ? 

     a     b     c     d     e     f     g     h    
  +-----+-----+-----+-----+-----+-----+-----+-----+
8 |  ‚ôú  |     |     |     |     |  ‚ôú  |  ‚ôö  |     |
  +-----+-----+-----+-----+-----+-----+-----+-----+
7 |  ‚ôü   |  ‚ôü  |  ‚ôü  |  ‚ôù  |  ‚ôû  |     |  ‚ôü  |     |
  +-----+-----+-----+-----+-----+-----+-----+-----+
6 |     |     |     |  ‚ôõ  |     |  ‚ôü  |  ‚ôô  |  ‚ôü  |
  +-----+-----+-----+-----+-----+-----+-----+-----+
5 |     |     |     |     |     |  ‚ôô  |     |  ‚ôï  |
  +-----+-----+-----+-----+-----+-----+-----+-----+
4 |     |     |     |  ‚ôû  |  ‚ôô  |     |     |     |
  +-----+-----+-----+-----+-----+-----+-----+-----+
3 |  ‚ôô   |     |  ‚ôô  |     |     |     |     |     |
  +-----+-----+-----+-----+-----+-----+-----+-----+
2 |     |     |     |     |     |     |     |  ‚ôô  |
  +-----+-----+-----+-----+-----+-----+-----+-----+
1 |  ‚ôñ  |     |  ‚ôó  |     |  ‚ôî  |  ‚ôó  |     |  ‚ôñ  |
  +-----+-----+-----+-----+-----+-----+-----+-----+
Coup (eg. a1a8) ? 

     a     b     c     d     e     f     g     h    
  +-----+-----+-----+-----+-----+-----+-----+-----+
8 |  ‚ôú  |     |     |     |     |  ‚ôú  |  ‚ôö  |     |
  +-----+-----+-----+-----+-----+-----+-----+-----+
7 |  ‚ôü   |  ‚ôü  |  ‚ôü  |  ‚ôù  |  ‚ôû  |     |  ‚ôü  |     |
  +-----+-----+-----+-----+-----+-----+-----+-----+
6 |     |     |     |  ‚ôõ  |     |  ‚ôü  |  ‚ôô  |  ‚ôü  |
  +-----+-----+-----+-----+-----+-----+-----+-----+
5 |     |     |     |     |     |  ‚ôô  |     |  ‚ôï  |
  +-----+-----+-----+-----+-----+-----+-----+-----+
4 |     |     |     |  ‚ôô  |  ‚ôô  |     |     |     |
  +-----+-----+-----+-----+-----+-----+-----+-----+
3 |  ‚ôô   |     |     |     |     |     |     |     |
  +-----+-----+-----+-----+-----+-----+-----+-----+
2 |     |     |     |     |     |     |     |  ‚ôô  |
  +-----+-----+-----+-----+-----+-----+-----+-----+
1 |  ‚ôñ  |     |  ‚ôó  |     |  ‚ôî  |  ‚ôó  |     |  ‚ôñ  |
  +-----+-----+-----+-----+-----+-----+-----+-----+
Coup (eg. a1a8) ? 

     a     b     c     d     e     f     g     h    
  +-----+-----+-----+-----+-----+-----+-----+-----+
8 |  ‚ôú  |     |     |     |     |  ‚ôú  |  ‚ôö  |     |
  +-----+-----+-----+-----+-----+-----+-----+-----+
7 |  ‚ôü   |  ‚ôü  |  ‚ôü  |  ‚ôù  |  ‚ôû  |     |  ‚ôü  |     |
  +-----+-----+-----+-----+-----+-----+-----+-----+
6 |     |     |     |     |     |  ‚ôü  |  ‚ôô  |  ‚ôü  |
  +-----+-----+-----+-----+-----+-----+-----+-----+
5 |     |     |     |     |     |  ‚ôô  |     |  ‚ôï  |
  +-----+-----+-----+-----+-----+-----+-----+-----+
4 |     |     |     |  ‚ôõ  |  ‚ôô  |     |     |     |
  +-----+-----+-----+-----+-----+-----+-----+-----+
3 |  ‚ôô   |     |     |     |     |     |     |     |
  +-----+-----+-----+-----+-----+-----+-----+-----+
2 |     |     |     |     |     |     |     |  ‚ôô  |
  +-----+-----+-----+-----+-----+-----+-----+-----+
1 |  ‚ôñ  |     |  ‚ôó  |     |  ‚ôî  |  ‚ôó  |     |  ‚ôñ  |
  +-----+-----+-----+-----+-----+-----+-----+-----+
Coup (eg. a1a8) ? 

     a     b     c     d     e     f     g     h    
  +-----+-----+-----+-----+-----+-----+-----+-----+
8 |  ‚ôú  |     |     |     |     |  ‚ôú  |  ‚ôö  |     |
  +-----+-----+-----+-----+-----+-----+-----+-----+
7 |  ‚ôü   |  ‚ôü  |  ‚ôü  |  ‚ôù  |  ‚ôû  |     |  ‚ôü  |     |
  +-----+-----+-----+-----+-----+-----+-----+-----+
6 |     |     |     |     |     |  ‚ôü  |  ‚ôô  |  ‚ôü  |
  +-----+-----+-----+-----+-----+-----+-----+-----+
5 |     |     |     |     |     |  ‚ôô  |     |  ‚ôï  |
  +-----+-----+-----+-----+-----+-----+-----+-----+
4 |     |     |     |  ‚ôõ  |  ‚ôô  |     |     |     |
  +-----+-----+-----+-----+-----+-----+-----+-----+
3 |  ‚ôô   |     |     |     |     |     |     |     |
  +-----+-----+-----+-----+-----+-----+-----+-----+
2 |  ‚ôñ  |     |     |     |     |     |     |  ‚ôô  |
  +-----+-----+-----+-----+-----+-----+-----+-----+
1 |     |     |  ‚ôó  |     |  ‚ôî  |  ‚ôó  |     |  ‚ôñ  |
  +-----+-----+-----+-----+-----+-----+-----+-----+
Coup (eg. a1a8) ? 

     a     b     c     d     e     f     g     h    
  +-----+-----+-----+-----+-----+-----+-----+-----+
8 |  ‚ôú  |     |     |     |     |  ‚ôú  |  ‚ôö  |     |
  +-----+-----+-----+-----+-----+-----+-----+-----+
7 |  ‚ôü   |  ‚ôü  |  ‚ôü  |  ‚ôù  |  ‚ôû  |     |  ‚ôü  |     |
  +-----+-----+-----+-----+-----+-----+-----+-----+
6 |     |     |     |     |     |  ‚ôü  |  ‚ôô  |  ‚ôü  |
  +-----+-----+-----+-----+-----+-----+-----+-----+
5 |     |     |     |     |     |  ‚ôô  |     |  ‚ôï  |
  +-----+-----+-----+-----+-----+-----+-----+-----+
4 |     |     |     |     |  ‚ôõ  |     |     |     |
  +-----+-----+-----+-----+-----+-----+-----+-----+
3 |  ‚ôô   |     |     |     |     |     |     |     |
  +-----+-----+-----+-----+-----+-----+-----+-----+
2 |  ‚ôñ  |     |     |     |     |     |     |  ‚ôô  |
  +-----+-----+-----+-----+-----+-----+-----+-----+
1 |     |     |  ‚ôó  |     |  ‚ôî  |  ‚ôó  |     |  ‚ôñ  |
  +-----+-----+-----+-----+-----+-----+-----+-----+
Coup (eg. a1a8) ? 

     a     b     c     d     e     f     g     h    
  +-----+-----+-----+-----+-----+-----+-----+-----+
8 |  ‚ôú  |     |     |     |     |  ‚ôú  |  ‚ôö  |     |
  +-----+-----+-----+-----+-----+-----+-----+-----+
7 |  ‚ôü   |  ‚ôü  |  ‚ôü  |  ‚ôù  |  ‚ôû  |     |  ‚ôü  |     |
  +-----+-----+-----+-----+-----+-----+-----+-----+
6 |     |     |     |     |     |  ‚ôü  |  ‚ôô  |  ‚ôü  |
  +-----+-----+-----+-----+-----+-----+-----+-----+
5 |     |     |     |     |     |  ‚ôô  |     |  ‚ôï  |
  +-----+-----+-----+-----+-----+-----+-----+-----+
4 |     |     |     |     |  ‚ôõ  |     |     |     |
  +-----+-----+-----+-----+-----+-----+-----+-----+
3 |  ‚ôô   |     |     |     |     |     |     |     |
  +-----+-----+-----+-----+-----+-----+-----+-----+
2 |     |     |     |     |  ‚ôñ  |     |     |  ‚ôô  |
  +-----+-----+-----+-----+-----+-----+-----+-----+
1 |     |     |  ‚ôó  |     |  ‚ôî  |  ‚ôó  |     |  ‚ôñ  |
  +-----+-----+-----+-----+-----+-----+-----+-----+
Coup (eg. a1a8) ? 

     a     b     c     d     e     f     g     h    
  +-----+-----+-----+-----+-----+-----+-----+-----+
8 |  ‚ôú  |     |     |     |     |  ‚ôú  |  ‚ôö  |     |
  +-----+-----+-----+-----+-----+-----+-----+-----+
7 |  ‚ôü   |  ‚ôü  |  ‚ôü  |  ‚ôù  |  ‚ôû  |     |  ‚ôü  |     |
  +-----+-----+-----+-----+-----+-----+-----+-----+
6 |     |     |     |     |     |  ‚ôü  |  ‚ôô  |  ‚ôü  |
  +-----+-----+-----+-----+-----+-----+-----+-----+
5 |     |     |     |     |     |  ‚ôô  |     |  ‚ôï  |
  +-----+-----+-----+-----+-----+-----+-----+-----+
4 |     |     |     |     |     |     |     |     |
  +-----+-----+-----+-----+-----+-----+-----+-----+
3 |  ‚ôô   |     |     |     |     |     |     |     |
  +-----+-----+-----+-----+-----+-----+-----+-----+
2 |     |     |     |     |  ‚ôñ  |     |     |  ‚ôô  |
  +-----+-----+-----+-----+-----+-----+-----+-----+
1 |     |     |  ‚ôó  |     |  ‚ôî  |  ‚ôó  |     |  ‚ôõ  |
  +-----+-----+-----+-----+-----+-----+-----+-----+
Coup (eg. a1a8) ? 

     a     b     c     d     e     f     g     h    
  +-----+-----+-----+-----+-----+-----+-----+-----+
8 |  ‚ôú  |     |     |     |     |  ‚ôú  |  ‚ôö  |     |
  +-----+-----+-----+-----+-----+-----+-----+-----+
7 |  ‚ôü   |  ‚ôü  |  ‚ôü  |  ‚ôù  |  ‚ôñ  |     |  ‚ôü  |     |
  +-----+-----+-----+-----+-----+-----+-----+-----+
6 |     |     |     |     |     |  ‚ôü  |  ‚ôô  |  ‚ôü  |
  +-----+-----+-----+-----+-----+-----+-----+-----+
5 |     |     |     |     |     |  ‚ôô  |     |  ‚ôï  |
  +-----+-----+-----+-----+-----+-----+-----+-----+
4 |     |     |     |     |     |     |     |     |
  +-----+-----+-----+-----+-----+-----+-----+-----+
3 |  ‚ôô   |     |     |     |     |     |     |     |
  +-----+-----+-----+-----+-----+-----+-----+-----+
2 |     |     |     |     |     |     |     |  ‚ôô  |
  +-----+-----+-----+-----+-----+-----+-----+-----+
1 |     |     |  ‚ôó  |     |  ‚ôî  |  ‚ôó  |     |  ‚ôõ  |
  +-----+-----+-----+-----+-----+-----+-----+-----+
Coup (eg. a1a8) ? 

     a     b     c     d     e     f     g     h    
  +-----+-----+-----+-----+-----+-----+-----+-----+
8 |     |     |     |     |  ‚ôú  |  ‚ôú  |  ‚ôö  |     |
  +-----+-----+-----+-----+-----+-----+-----+-----+
7 |  ‚ôü   |  ‚ôü  |  ‚ôü  |  ‚ôù  |  ‚ôñ  |     |  ‚ôü  |     |
  +-----+-----+-----+-----+-----+-----+-----+-----+
6 |     |     |     |     |     |  ‚ôü  |  ‚ôô  |  ‚ôü  |
  +-----+-----+-----+-----+-----+-----+-----+-----+
5 |     |     |     |     |     |  ‚ôô  |     |  ‚ôï  |
  +-----+-----+-----+-----+-----+-----+-----+-----+
4 |     |     |     |     |     |     |     |     |
  +-----+-----+-----+-----+-----+-----+-----+-----+
3 |  ‚ôô   |     |     |     |     |     |     |     |
  +-----+-----+-----+-----+-----+-----+-----+-----+
2 |     |     |     |     |     |     |     |  ‚ôô  |
  +-----+-----+-----+-----+-----+-----+-----+-----+
1 |     |     |  ‚ôó  |     |  ‚ôî  |  ‚ôó  |     |  ‚ôõ  |
  +-----+-----+-----+-----+-----+-----+-----+-----+
Coup (eg. a1a8) ? 

     a     b     c     d     e     f     g     h    
  +-----+-----+-----+-----+-----+-----+-----+-----+
8 |     |     |     |     |  ‚ôñ  |  ‚ôú  |  ‚ôö  |     |
  +-----+-----+-----+-----+-----+-----+-----+-----+
7 |  ‚ôü   |  ‚ôü  |  ‚ôü  |  ‚ôù  |     |     |  ‚ôü  |     |
  +-----+-----+-----+-----+-----+-----+-----+-----+
6 |     |     |     |     |     |  ‚ôü  |  ‚ôô  |  ‚ôü  |
  +-----+-----+-----+-----+-----+-----+-----+-----+
5 |     |     |     |     |     |  ‚ôô  |     |  ‚ôï  |
  +-----+-----+-----+-----+-----+-----+-----+-----+
4 |     |     |     |     |     |     |     |     |
  +-----+-----+-----+-----+-----+-----+-----+-----+
3 |  ‚ôô   |     |     |     |     |     |     |     |
  +-----+-----+-----+-----+-----+-----+-----+-----+
2 |     |     |     |     |     |     |     |  ‚ôô  |
  +-----+-----+-----+-----+-----+-----+-----+-----+
1 |     |     |  ‚ôó  |     |  ‚ôî  |  ‚ôó  |     |  ‚ôõ  |
  +-----+-----+-----+-----+-----+-----+-----+-----+
Coup (eg. a1a8) ? 

     a     b     c     d     e     f     g     h    
  +-----+-----+-----+-----+-----+-----+-----+-----+
8 |     |     |     |     |  ‚ôú  |     |  ‚ôö  |     |
  +-----+-----+-----+-----+-----+-----+-----+-----+
7 |  ‚ôü   |  ‚ôü  |  ‚ôü  |  ‚ôù  |     |     |  ‚ôü  |     |
  +-----+-----+-----+-----+-----+-----+-----+-----+
6 |     |     |     |     |     |  ‚ôü  |  ‚ôô  |  ‚ôü  |
  +-----+-----+-----+-----+-----+-----+-----+-----+
5 |     |     |     |     |     |  ‚ôô  |     |  ‚ôï  |
  +-----+-----+-----+-----+-----+-----+-----+-----+
4 |     |     |     |     |     |     |     |     |
  +-----+-----+-----+-----+-----+-----+-----+-----+
3 |  ‚ôô   |     |     |     |     |     |     |     |
  +-----+-----+-----+-----+-----+-----+-----+-----+
2 |     |     |     |     |     |     |     |  ‚ôô  |
  +-----+-----+-----+-----+-----+-----+-----+-----+
1 |     |     |  ‚ôó  |     |  ‚ôî  |  ‚ôó  |     |  ‚ôõ  |
  +-----+-----+-----+-----+-----+-----+-----+-----+
Coup (eg. a1a8) ? 

     a     b     c     d     e     f     g     h    
  +-----+-----+-----+-----+-----+-----+-----+-----+
8 |     |     |     |     |  ‚ôú  |     |  ‚ôö  |     |
  +-----+-----+-----+-----+-----+-----+-----+-----+
7 |  ‚ôü   |  ‚ôü  |  ‚ôü  |  ‚ôù  |     |     |  ‚ôü  |     |
  +-----+-----+-----+-----+-----+-----+-----+-----+
6 |     |     |     |     |     |  ‚ôü  |  ‚ôô  |  ‚ôü  |
  +-----+-----+-----+-----+-----+-----+-----+-----+
5 |     |     |     |     |     |  ‚ôô  |     |  ‚ôï  |
  +-----+-----+-----+-----+-----+-----+-----+-----+
4 |     |     |     |     |     |     |     |     |
  +-----+-----+-----+-----+-----+-----+-----+-----+
3 |  ‚ôô   |     |     |     |     |     |     |     |
  +-----+-----+-----+-----+-----+-----+-----+-----+
2 |     |     |     |     |     |  ‚ôî  |     |  ‚ôô  |
  +-----+-----+-----+-----+-----+-----+-----+-----+
1 |     |     |  ‚ôó  |     |     |  ‚ôó  |     |  ‚ôõ  |
  +-----+-----+-----+-----+-----+-----+-----+-----+
Coup (eg. a1a8) ? 

     a     b     c     d     e     f     g     h    
  +-----+-----+-----+-----+-----+-----+-----+-----+
8 |     |     |     |     |  ‚ôú  |     |  ‚ôö  |     |
  +-----+-----+-----+-----+-----+-----+-----+-----+
7 |  ‚ôü   |  ‚ôü  |  ‚ôü  |     |     |     |  ‚ôü  |     |
  +-----+-----+-----+-----+-----+-----+-----+-----+
6 |     |     |  ‚ôù  |     |     |  ‚ôü  |  ‚ôô  |  ‚ôü  |
  +-----+-----+-----+-----+-----+-----+-----+-----+
5 |     |     |     |     |     |  ‚ôô  |     |  ‚ôï  |
  +-----+-----+-----+-----+-----+-----+-----+-----+
4 |     |     |     |     |     |     |     |     |
  +-----+-----+-----+-----+-----+-----+-----+-----+
3 |  ‚ôô   |     |     |     |     |     |     |     |
  +-----+-----+-----+-----+-----+-----+-----+-----+
2 |     |     |     |     |     |  ‚ôî  |     |  ‚ôô  |
  +-----+-----+-----+-----+-----+-----+-----+-----+
1 |     |     |  ‚ôó  |     |     |  ‚ôó  |     |  ‚ôõ  |
  +-----+-----+-----+-----+-----+-----+-----+-----+
Coup (eg. a1a8) ? 

     a     b     c     d     e     f     g     h    
  +-----+-----+-----+-----+-----+-----+-----+-----+
8 |     |     |     |     |  ‚ôú  |     |  ‚ôö  |     |
  +-----+-----+-----+-----+-----+-----+-----+-----+
7 |  ‚ôü   |  ‚ôü  |  ‚ôü  |     |     |     |  ‚ôü  |     |
  +-----+-----+-----+-----+-----+-----+-----+-----+
6 |     |     |  ‚ôù  |     |     |  ‚ôü  |  ‚ôô  |  ‚ôó  |
  +-----+-----+-----+-----+-----+-----+-----+-----+
5 |     |     |     |     |     |  ‚ôô  |     |  ‚ôï  |
  +-----+-----+-----+-----+-----+-----+-----+-----+
4 |     |     |     |     |     |     |     |     |
  +-----+-----+-----+-----+-----+-----+-----+-----+
3 |  ‚ôô   |     |     |     |     |     |     |     |
  +-----+-----+-----+-----+-----+-----+-----+-----+
2 |     |     |     |     |     |  ‚ôî  |     |  ‚ôô  |
  +-----+-----+-----+-----+-----+-----+-----+-----+
1 |     |     |     |     |     |  ‚ôó  |     |  ‚ôõ  |
  +-----+-----+-----+-----+-----+-----+-----+-----+
Coup (eg. a1a8) ? 

     a     b     c     d     e     f     g     h    
  +-----+-----+-----+-----+-----+-----+-----+-----+
8 |     |     |     |     |  ‚ôú  |     |  ‚ôö  |     |
  +-----+-----+-----+-----+-----+-----+-----+-----+
7 |  ‚ôü   |  ‚ôü  |  ‚ôü  |     |     |     |     |     |
  +-----+-----+-----+-----+-----+-----+-----+-----+
6 |     |     |  ‚ôù  |     |     |  ‚ôü  |  ‚ôô  |  ‚ôü  |
  +-----+-----+-----+-----+-----+-----+-----+-----+
5 |     |     |     |     |     |  ‚ôô  |     |  ‚ôï  |
  +-----+-----+-----+-----+-----+-----+-----+-----+
4 |     |     |     |     |     |     |     |     |
  +-----+-----+-----+-----+-----+-----+-----+-----+
3 |  ‚ôô   |     |     |     |     |     |     |     |
  +-----+-----+-----+-----+-----+-----+-----+-----+
2 |     |     |     |     |     |  ‚ôî  |     |  ‚ôô  |
  +-----+-----+-----+-----+-----+-----+-----+-----+
1 |     |     |     |     |     |  ‚ôó  |     |  ‚ôõ  |
  +-----+-----+-----+-----+-----+-----+-----+-----+
Coup (eg. a1a8) ? 

     a     b     c     d     e     f     g     h    
  +-----+-----+-----+-----+-----+-----+-----+-----+
8 |     |     |     |     |  ‚ôú  |     |  ‚ôö  |     |
  +-----+-----+-----+-----+-----+-----+-----+-----+
7 |  ‚ôü   |  ‚ôü  |  ‚ôü  |     |     |     |     |     |
  +-----+-----+-----+-----+-----+-----+-----+-----+
6 |     |     |  ‚ôù  |     |     |  ‚ôü  |  ‚ôô  |  ‚ôü  |
  +-----+-----+-----+-----+-----+-----+-----+-----+
5 |     |     |     |     |     |  ‚ôô  |     |  ‚ôï  |
  +-----+-----+-----+-----+-----+-----+-----+-----+
4 |     |     |  ‚ôó  |     |     |     |     |     |
  +-----+-----+-----+-----+-----+-----+-----+-----+
3 |  ‚ôô   |     |     |     |     |     |     |     |
  +-----+-----+-----+-----+-----+-----+-----+-----+
2 |     |     |     |     |     |  ‚ôî  |     |  ‚ôô  |
  +-----+-----+-----+-----+-----+-----+-----+-----+
1 |     |     |     |     |     |     |     |  ‚ôõ  |
  +-----+-----+-----+-----+-----+-----+-----+-----+
Coup (eg. a1a8) ? 

     a     b     c     d     e     f     g     h    
  +-----+-----+-----+-----+-----+-----+-----+-----+
8 |     |     |     |     |  ‚ôú  |     |     |  ‚ôö  |
  +-----+-----+-----+-----+-----+-----+-----+-----+
7 |  ‚ôü   |  ‚ôü  |  ‚ôü  |     |     |     |     |     |
  +-----+-----+-----+-----+-----+-----+-----+-----+
6 |     |     |  ‚ôù  |     |     |  ‚ôü  |  ‚ôô  |  ‚ôü  |
  +-----+-----+-----+-----+-----+-----+-----+-----+
5 |     |     |     |     |     |  ‚ôô  |     |  ‚ôï  |
  +-----+-----+-----+-----+-----+-----+-----+-----+
4 |     |     |  ‚ôó  |     |     |     |     |     |
  +-----+-----+-----+-----+-----+-----+-----+-----+
3 |  ‚ôô   |     |     |     |     |     |     |     |
  +-----+-----+-----+-----+-----+-----+-----+-----+
2 |     |     |     |     |     |  ‚ôî  |     |  ‚ôô  |
  +-----+-----+-----+-----+-----+-----+-----+-----+
1 |     |     |     |     |     |     |     |  ‚ôõ  |
  +-----+-----+-----+-----+-----+-----+-----+-----+
Coup (eg. a1a8) ? 

     a     b     c     d     e     f     g     h    
  +-----+-----+-----+-----+-----+-----+-----+-----+
8 |     |     |     |     |  ‚ôú  |     |     |  ‚ôö  |
  +-----+-----+-----+-----+-----+-----+-----+-----+
7 |  ‚ôü   |  ‚ôü  |  ‚ôü  |     |     |     |     |     |
  +-----+-----+-----+-----+-----+-----+-----+-----+
6 |     |     |  ‚ôù  |     |     |  ‚ôü  |  ‚ôô  |  ‚ôï  |
  +-----+-----+-----+-----+-----+-----+-----+-----+
5 |     |     |     |     |     |  ‚ôô  |     |     |
  +-----+-----+-----+-----+-----+-----+-----+-----+
4 |     |     |  ‚ôó  |     |     |     |     |     |
  +-----+-----+-----+-----+-----+-----+-----+-----+
3 |  ‚ôô   |     |     |     |     |     |     |     |
  +-----+-----+-----+-----+-----+-----+-----+-----+
2 |     |     |     |     |     |  ‚ôî  |     |  ‚ôô  |
  +-----+-----+-----+-----+-----+-----+-----+-----+
1 |     |     |     |     |     |     |     |  ‚ôõ  |
  +-----+-----+-----+-----+-----+-----+-----+-----+
Echec et mat
,,,,,,,bQ,,,,,,wK,,wP,wP,,,,,,,,,,wB,,,,,,,,,,,wP,,,,,bB,,,bP,wP,wQ,bP,bP,bP,,,,,,,,,,bR,,,bK, 1-0
  -> [0;32mreference position: OK[0m
  -> [0;32mreference result: OK[0m
  -> [0m(exit code=0)
[0;33m> data/4-leg-mat-berger.txt[0m

     a     b     c     d     e     f     g     h    
  +-----+-----+-----+-----+-----+-----+-----+-----+
8 |  ‚ôú  |  ‚ôû  |  ‚ôù  |  ‚ôõ  |  ‚ôö  |  ‚ôù  |  ‚ôû  |  ‚ôú  |
  +-----+-----+-----+-----+-----+-----+-----+-----+
7 |  ‚ôü   |  ‚ôü  |  ‚ôü  |  ‚ôü  |  ‚ôü  |  ‚ôü  |  ‚ôü  |  ‚ôü  |
  +-----+-----+-----+-----+-----+-----+-----+-----+
6 |     |     |     |     |     |     |     |     |
  +-----+-----+-----+-----+-----+-----+-----+-----+
5 |     |     |     |     |     |     |     |     |
  +-----+-----+-----+-----+-----+-----+-----+-----+
4 |     |     |     |     |     |     |     |     |
  +-----+-----+-----+-----+-----+-----+-----+-----+
3 |     |     |     |     |     |     |     |     |
  +-----+-----+-----+-----+-----+-----+-----+-----+
2 |  ‚ôô   |  ‚ôô  |  ‚ôô  |  ‚ôô  |  ‚ôô  |  ‚ôô  |  ‚ôô  |  ‚ôô  |
  +-----+-----+-----+-----+-----+-----+-----+-----+
1 |  ‚ôñ  |  ‚ôò  |  ‚ôó  |  ‚ôï  |  ‚ôî  |  ‚ôó  |  ‚ôò  |  ‚ôñ  |
  +-----+-----+-----+-----+-----+-----+-----+-----+
Coup (eg. a1a8) ? 

     a     b     c     d     e     f     g     h    
  +-----+-----+-----+-----+-----+-----+-----+-----+
8 |  ‚ôú  |  ‚ôû  |  ‚ôù  |  ‚ôõ  |  ‚ôö  |  ‚ôù  |  ‚ôû  |  ‚ôú  |
  +-----+-----+-----+-----+-----+-----+-----+-----+
7 |  ‚ôü   |  ‚ôü  |  ‚ôü  |  ‚ôü  |  ‚ôü  |  ‚ôü  |  ‚ôü  |  ‚ôü  |
  +-----+-----+-----+-----+-----+-----+-----+-----+
6 |     |     |     |     |     |     |     |     |
  +-----+-----+-----+-----+-----+-----+-----+-----+
5 |     |     |     |     |     |     |     |     |
  +-----+-----+-----+-----+-----+-----+-----+-----+
4 |     |     |     |     |  ‚ôô  |     |     |     |
  +-----+-----+-----+-----+-----+-----+-----+-----+
3 |     |     |     |     |     |     |     |     |
  +-----+-----+-----+-----+-----+-----+-----+-----+
2 |  ‚ôô   |  ‚ôô  |  ‚ôô  |  ‚ôô  |     |  ‚ôô  |  ‚ôô  |  ‚ôô  |
  +-----+-----+-----+-----+-----+-----+-----+-----+
1 |  ‚ôñ  |  ‚ôò  |  ‚ôó  |  ‚ôï  |  ‚ôî  |  ‚ôó  |  ‚ôò  |  ‚ôñ  |
  +-----+-----+-----+-----+-----+-----+-----+-----+
Coup (eg. a1a8) ? 

     a     b     c     d     e     f     g     h    
  +-----+-----+-----+-----+-----+-----+-----+-----+
8 |  ‚ôú  |  ‚ôû  |  ‚ôù  |  ‚ôõ  |  ‚ôö  |  ‚ôù  |  ‚ôû  |  ‚ôú  |
  +-----+-----+-----+-----+-----+-----+-----+-----+
7 |  ‚ôü   |  ‚ôü  |  ‚ôü  |  ‚ôü  |     |  ‚ôü  |  ‚ôü  |  ‚ôü  |
  +-----+-----+-----+-----+-----+-----+-----+-----+
6 |     |     |     |     |     |     |     |     |
  +-----+-----+-----+-----+-----+-----+-----+-----+
5 |     |     |     |     |  ‚ôü  |     |     |     |
  +-----+-----+-----+-----+-----+-----+-----+-----+
4 |     |     |     |     |  ‚ôô  |     |     |     |
  +-----+-----+-----+-----+-----+-----+-----+-----+
3 |     |     |     |     |     |     |     |     |
  +-----+-----+-----+-----+-----+-----+-----+-----+
2 |  ‚ôô   |  ‚ôô  |  ‚ôô  |  ‚ôô  |     |  ‚ôô  |  ‚ôô  |  ‚ôô  |
  +-----+-----+-----+-----+-----+-----+-----+-----+
1 |  ‚ôñ  |  ‚ôò  |  ‚ôó  |  ‚ôï  |  ‚ôî  |  ‚ôó  |  ‚ôò  |  ‚ôñ  |
  +-----+-----+-----+-----+-----+-----+-----+-----+
Coup (eg. a1a8) ? 

     a     b     c     d     e     f     g     h    
  +-----+-----+-----+-----+-----+-----+-----+-----+
8 |  ‚ôú  |  ‚ôû  |  ‚ôù  |  ‚ôõ  |  ‚ôö  |  ‚ôù  |  ‚ôû  |  ‚ôú  |
  +-----+-----+-----+-----+-----+-----+-----+-----+
7 |  ‚ôü   |  ‚ôü  |  ‚ôü  |  ‚ôü  |     |  ‚ôü  |  ‚ôü  |  ‚ôü  |
  +-----+-----+-----+-----+-----+-----+-----+-----+
6 |     |     |     |     |     |     |     |     |
  +-----+-----+-----+-----+-----+-----+-----+-----+
5 |     |     |     |     |  ‚ôü  |     |     |     |
  +-----+-----+-----+-----+-----+-----+-----+-----+
4 |     |     |  ‚ôó  |     |  ‚ôô  |     |     |     |
  +-----+-----+-----+-----+-----+-----+-----+-----+
3 |     |     |     |     |     |     |     |     |
  +-----+-----+-----+-----+-----+-----+-----+-----+
2 |  ‚ôô   |  ‚ôô  |  ‚ôô  |  ‚ôô  |     |  ‚ôô  |  ‚ôô  |  ‚ôô  |
  +-----+-----+-----+-----+-----+-----+-----+-----+
1 |  ‚ôñ  |  ‚ôò  |  ‚ôó  |  ‚ôï  |  ‚ôî  |     |  ‚ôò  |  ‚ôñ  |
  +-----+-----+-----+-----+-----+-----+-----+-----+
Coup (eg. a1a8) ? 

     a     b     c     d     e     f     g     h    
  +-----+-----+-----+-----+-----+-----+-----+-----+
8 |  ‚ôú  |  ‚ôû  |  ‚ôù  |  ‚ôõ  |  ‚ôö  |     |  ‚ôû  |  ‚ôú  |
  +-----+-----+-----+-----+-----+-----+-----+-----+
7 |  ‚ôü   |  ‚ôü  |  ‚ôü  |  ‚ôü  |     |  ‚ôü  |  ‚ôü  |  ‚ôü  |
  +-----+-----+-----+-----+-----+-----+-----+-----+
6 |     |     |     |     |     |     |     |     |
  +-----+-----+-----+-----+-----+-----+-----+-----+
5 |     |     |  ‚ôù  |     |  ‚ôü  |     |     |     |
  +-----+-----+-----+-----+-----+-----+-----+-----+
4 |     |     |  ‚ôó  |     |  ‚ôô  |     |     |     |
  +-----+-----+-----+-----+-----+-----+-----+-----+
3 |     |     |     |     |     |     |     |     |
  +-----+-----+-----+-----+-----+-----+-----+-----+
2 |  ‚ôô   |  ‚ôô  |  ‚ôô  |  ‚ôô  |     |  ‚ôô  |  ‚ôô  |  ‚ôô  |
  +-----+-----+-----+-----+-----+-----+-----+-----+
1 |  ‚ôñ  |  ‚ôò  |  ‚ôó  |  ‚ôï  |  ‚ôî  |     |  ‚ôò  |  ‚ôñ  |
  +-----+-----+-----+-----+-----+-----+-----+-----+
Coup (eg. a1a8) ? 

     a     b     c     d     e     f     g     h    
  +-----+-----+-----+-----+-----+-----+-----+-----+
8 |  ‚ôú  |  ‚ôû  |  ‚ôù  |  ‚ôõ  |  ‚ôö  |     |  ‚ôû  |  ‚ôú  |
  +-----+-----+-----+-----+-----+-----+-----+-----+
7 |  ‚ôü   |  ‚ôü  |  ‚ôü  |  ‚ôü  |     |  ‚ôü  |  ‚ôü  |  ‚ôü  |
  +-----+-----+-----+-----+-----+-----+-----+-----+
6 |     |     |     |     |     |     |     |     |
  +-----+-----+-----+-----+-----+-----+-----+-----+
5 |     |     |  ‚ôù  |     |  ‚ôü  |     |     |  ‚ôï  |
  +-----+-----+-----+-----+-----+-----+-----+-----+
4 |     |     |  ‚ôó  |     |  ‚ôô  |     |     |     |
  +-----+-----+-----+-----+-----+-----+-----+-----+
3 |     |     |     |     |     |     |     |     |
  +-----+-----+-----+-----+-----+-----+-----+-----+
2 |  ‚ôô   |  ‚ôô  |  ‚ôô  |  ‚ôô  |     |  ‚ôô  |  ‚ôô  |  ‚ôô  |
  +-----+-----+-----+-----+-----+-----+-----+-----+
1 |  ‚ôñ  |  ‚ôò  |  ‚ôó  |     |  ‚ôî  |     |  ‚ôò  |  ‚ôñ  |
  +-----+-----+-----+-----+-----+-----+-----+-----+
Coup (eg. a1a8) ? 

     a     b     c     d     e     f     g     h    
  +-----+-----+-----+-----+-----+-----+-----+-----+
8 |  ‚ôú  |     |  ‚ôù  |  ‚ôõ  |  ‚ôö  |     |  ‚ôû  |  ‚ôú  |
  +-----+-----+-----+-----+-----+-----+-----+-----+
7 |  ‚ôü   |  ‚ôü  |  ‚ôü  |  ‚ôü  |     |  ‚ôü  |  ‚ôü  |  ‚ôü  |
  +-----+-----+-----+-----+-----+-----+-----+-----+
6 |     |     |  ‚ôû  |     |     |     |     |     |
  +-----+-----+-----+-----+-----+-----+-----+-----+
5 |     |     |  ‚ôù  |     |  ‚ôü  |     |     |  ‚ôï  |
  +-----+-----+-----+-----+-----+-----+-----+-----+
4 |     |     |  ‚ôó  |     |  ‚ôô  |     |     |     |
  +-----+-----+-----+-----+-----+-----+-----+-----+
3 |     |     |     |     |     |     |     |     |
  +-----+-----+-----+-----+-----+-----+-----+-----+
2 |  ‚ôô   |  ‚ôô  |  ‚ôô  |  ‚ôô  |     |  ‚ôô  |  ‚ôô  |  ‚ôô  |
  +-----+-----+-----+-----+-----+-----+-----+-----+
1 |  ‚ôñ  |  ‚ôò  |  ‚ôó  |     |  ‚ôî  |     |  ‚ôò  |  ‚ôñ  |
  +-----+-----+-----+-----+-----+-----+-----+-----+
Coup (eg. a1a8) ? 

     a     b     c     d     e     f     g     h    
  +-----+-----+-----+-----+-----+-----+-----+-----+
8 |  ‚ôú  |     |  ‚ôù  |  ‚ôõ  |  ‚ôö  |     |  ‚ôû  |  ‚ôú  |
  +-----+-----+-----+-----+-----+-----+-----+-----+
7 |  ‚ôü   |  ‚ôü  |  ‚ôü  |  ‚ôü  |     |  ‚ôï  |  ‚ôü  |  ‚ôü  |
  +-----+-----+-----+-----+-----+-----+-----+-----+
6 |     |     |  ‚ôû  |     |     |     |     |     |
  +-----+-----+-----+-----+-----+-----+-----+-----+
5 |     |     |  ‚ôù  |     |  ‚ôü  |     |     |     |
  +-----+-----+-----+-----+-----+-----+-----+-----+
4 |     |     |  ‚ôó  |     |  ‚ôô  |     |     |     |
  +-----+-----+-----+-----+-----+-----+-----+-----+
3 |     |     |     |     |     |     |     |     |
  +-----+-----+-----+-----+-----+-----+-----+-----+
2 |  ‚ôô   |  ‚ôô  |  ‚ôô  |  ‚ôô  |     |  ‚ôô  |  ‚ôô  |  ‚ôô  |
  +-----+-----+-----+-----+-----+-----+-----+-----+
1 |  ‚ôñ  |  ‚ôò  |  ‚ôó  |     |  ‚ôî  |     |  ‚ôò  |  ‚ôñ  |
  +-----+-----+-----+-----+-----+-----+-----+-----+
Echec et mat
wR,wN,wB,,wK,,wN,wR,wP,wP,wP,wP,,wP,wP,wP,,,,,,,,,,,wB,,wP,,,,,,bB,,bP,,,,,,bN,,,,,,bP,bP,bP,bP,,wQ,bP,bP,bR,,bB,bQ,bK,,bN,bR, 1-0
  -> [0;32mreference position: OK[0m
  -> [0;32mreference result: OK[0m
  -> [0m(exit code=0)
[0;33m> data/4-leg-mat-decouv.txt[0m

     a     b     c     d     e     f     g     h    
  +-----+-----+-----+-----+-----+-----+-----+-----+
8 |  ‚ôú  |  ‚ôû  |  ‚ôù  |  ‚ôõ  |  ‚ôö  |  ‚ôù  |  ‚ôû  |  ‚ôú  |
  +-----+-----+-----+-----+-----+-----+-----+-----+
7 |  ‚ôü   |  ‚ôü  |  ‚ôü  |  ‚ôü  |  ‚ôü  |  ‚ôü  |  ‚ôü  |  ‚ôü  |
  +-----+-----+-----+-----+-----+-----+-----+-----+
6 |     |     |     |     |     |     |     |     |
  +-----+-----+-----+-----+-----+-----+-----+-----+
5 |     |     |     |     |     |     |     |     |
  +-----+-----+-----+-----+-----+-----+-----+-----+
4 |     |     |     |     |     |     |     |     |
  +-----+-----+-----+-----+-----+-----+-----+-----+
3 |     |     |     |     |     |     |     |     |
  +-----+-----+-----+-----+-----+-----+-----+-----+
2 |  ‚ôô   |  ‚ôô  |  ‚ôô  |  ‚ôô  |  ‚ôô  |  ‚ôô  |  ‚ôô  |  ‚ôô  |
  +-----+-----+-----+-----+-----+-----+-----+-----+
1 |  ‚ôñ  |  ‚ôò  |  ‚ôó  |  ‚ôï  |  ‚ôî  |  ‚ôó  |  ‚ôò  |  ‚ôñ  |
  +-----+-----+-----+-----+-----+-----+-----+-----+
Coup (eg. a1a8) ? 

     a     b     c     d     e     f     g     h    
  +-----+-----+-----+-----+-----+-----+-----+-----+
8 |  ‚ôú  |  ‚ôû  |  ‚ôù  |  ‚ôõ  |  ‚ôö  |  ‚ôù  |  ‚ôû  |  ‚ôú  |
  +-----+-----+-----+-----+-----+-----+-----+-----+
7 |  ‚ôü   |  ‚ôü  |  ‚ôü  |  ‚ôü  |  ‚ôü  |  ‚ôü  |  ‚ôü  |  ‚ôü  |
  +-----+-----+-----+-----+-----+-----+-----+-----+
6 |     |     |     |     |     |     |     |     |
  +-----+-----+-----+-----+-----+-----+-----+-----+
5 |     |     |     |     |     |     |     |     |
  +-----+-----+-----+-----+-----+-----+-----+-----+
4 |     |     |     |     |  ‚ôô  |     |     |     |
  +-----+-----+-----+-----+-----+-----+-----+-----+
3 |     |     |     |     |     |     |     |     |
  +-----+-----+-----+-----+-----+-----+-----+-----+
2 |  ‚ôô   |  ‚ôô  |  ‚ôô  |  ‚ôô  |     |  ‚ôô  |  ‚ôô  |  ‚ôô  |
  +-----+-----+-----+-----+-----+-----+-----+-----+
1 |  ‚ôñ  |  ‚ôò  |  ‚ôó  |  ‚ôï  |  ‚ôî  |  ‚ôó  |  ‚ôò  |  ‚ôñ  |
  +-----+-----+-----+-----+-----+-----+-----+-----+
Coup (eg. a1a8) ? 

     a     b     c     d     e     f     g     h    
  +-----+-----+-----+-----+-----+-----+-----+-----+
8 |  ‚ôú  |  ‚ôû  |  ‚ôù  |  ‚ôõ  |  ‚ôö  |  ‚ôù  |  ‚ôû  |  ‚ôú  |
  +-----+-----+-----+-----+-----+-----+-----+-----+
7 |  ‚ôü   |  ‚ôü  |  ‚ôü  |  ‚ôü  |     |  ‚ôü  |  ‚ôü  |  ‚ôü  |
  +-----+-----+-----+-----+-----+-----+-----+-----+
6 |     |     |     |     |     |     |     |     |
  +-----+-----+-----+-----+-----+-----+-----+-----+
5 |     |     |     |     |  ‚ôü  |     |     |     |
  +-----+-----+-----+-----+-----+-----+-----+-----+
4 |     |     |     |     |  ‚ôô  |     |     |     |
  +-----+-----+-----+-----+-----+-----+-----+-----+
3 |     |     |     |     |     |     |     |     |
  +-----+-----+-----+-----+-----+-----+-----+-----+
2 |  ‚ôô   |  ‚ôô  |  ‚ôô  |  ‚ôô  |     |  ‚ôô  |  ‚ôô  |  ‚ôô  |
  +-----+-----+-----+-----+-----+-----+-----+-----+
1 |  ‚ôñ  |  ‚ôò  |  ‚ôó  |  ‚ôï  |  ‚ôî  |  ‚ôó  |  ‚ôò  |  ‚ôñ  |
  +-----+-----+-----+-----+-----+-----+-----+-----+
Coup (eg. a1a8) ? 

     a     b     c     d     e     f     g     h    
  +-----+-----+-----+-----+-----+-----+-----+-----+
8 |  ‚ôú  |  ‚ôû  |  ‚ôù  |  ‚ôõ  |  ‚ôö  |  ‚ôù  |  ‚ôû  |  ‚ôú  |
  +-----+-----+-----+-----+-----+-----+-----+-----+
7 |  ‚ôü   |  ‚ôü  |  ‚ôü  |  ‚ôü  |     |  ‚ôü  |  ‚ôü  |  ‚ôü  |
  +-----+-----+-----+-----+-----+-----+-----+-----+
6 |     |     |     |     |     |     |     |     |
  +-----+-----+-----+-----+-----+-----+-----+-----+
5 |     |     |     |     |  ‚ôü  |     |     |  ‚ôï  |
  +-----+-----+-----+-----+-----+-----+-----+-----+
4 |     |     |     |     |  ‚ôô  |     |     |     |
  +-----+-----+-----+-----+-----+-----+-----+-----+
3 |     |     |     |     |     |     |     |     |
  +-----+-----+-----+-----+-----+-----+-----+-----+
2 |  ‚ôô   |  ‚ôô  |  ‚ôô  |  ‚ôô  |     |  ‚ôô  |  ‚ôô  |  ‚ôô  |
  +-----+-----+-----+-----+-----+-----+-----+-----+
1 |  ‚ôñ  |  ‚ôò  |  ‚ôó  |     |  ‚ôî  |  ‚ôó  |  ‚ôò  |  ‚ôñ  |
  +-----+-----+-----+-----+-----+-----+-----+-----+
Coup (eg. a1a8) ? 

     a     b     c     d     e     f     g     h    
  +-----+-----+-----+-----+-----+-----+-----+-----+
8 |  ‚ôú  |  ‚ôû  |  ‚ôù  |  ‚ôõ  |  ‚ôö  |  ‚ôù  |  ‚ôû  |  ‚ôú  |
  +-----+-----+-----+-----+-----+-----+-----+-----+
7 |  ‚ôü   |  ‚ôü  |  ‚ôü  |  ‚ôü  |     |  ‚ôü  |     |  ‚ôü  |
  +-----+-----+-----+-----+-----+-----+-----+-----+
6 |     |     |     |     |     |     |  ‚ôü  |     |
  +-----+-----+-----+-----+-----+-----+-----+-----+
5 |     |     |     |     |  ‚ôü  |     |     |  ‚ôï  |
  +-----+-----+-----+-----+-----+-----+-----+-----+
4 |     |     |     |     |  ‚ôô  |     |     |     |
  +-----+-----+-----+-----+-----+-----+-----+-----+
3 |     |     |     |     |     |     |     |     |
  +-----+-----+-----+-----+-----+-----+-----+-----+
2 |  ‚ôô   |  ‚ôô  |  ‚ôô  |  ‚ôô  |     |  ‚ôô  |  ‚ôô  |  ‚ôô  |
  +-----+-----+-----+-----+-----+-----+-----+-----+
1 |  ‚ôñ  |  ‚ôò  |  ‚ôó  |     |  ‚ôî  |  ‚ôó  |  ‚ôò  |  ‚ôñ  |
  +-----+-----+-----+-----+-----+-----+-----+-----+
Coup (eg. a1a8) ? 

     a     b     c     d     e     f     g     h    
  +-----+-----+-----+-----+-----+-----+-----+-----+
8 |  ‚ôú  |  ‚ôû  |  ‚ôù  |  ‚ôõ  |  ‚ôö  |  ‚ôù  |  ‚ôû  |  ‚ôú  |
  +-----+-----+-----+-----+-----+-----+-----+-----+
7 |  ‚ôü   |  ‚ôü  |  ‚ôü  |  ‚ôü  |     |  ‚ôü  |     |  ‚ôü  |
  +-----+-----+-----+-----+-----+-----+-----+-----+
6 |     |     |     |     |     |     |  ‚ôü  |     |
  +-----+-----+-----+-----+-----+-----+-----+-----+
5 |     |     |     |     |  ‚ôü  |     |     |     |
  +-----+-----+-----+-----+-----+-----+-----+-----+
4 |     |     |     |     |  ‚ôô  |     |     |     |
  +-----+-----+-----+-----+-----+-----+-----+-----+
3 |     |     |     |     |     |  ‚ôï  |     |     |
  +-----+-----+-----+-----+-----+-----+-----+-----+
2 |  ‚ôô   |  ‚ôô  |  ‚ôô  |  ‚ôô  |     |  ‚ôô  |  ‚ôô  |  ‚ôô  |
  +-----+-----+-----+-----+-----+-----+-----+-----+
1 |  ‚ôñ  |  ‚ôò  |  ‚ôó  |     |  ‚ôî  |  ‚ôó  |  ‚ôò  |  ‚ôñ  |
  +-----+-----+-----+-----+-----+-----+-----+-----+
Coup (eg. a1a8) ? 

     a     b     c     d     e     f     g     h    
  +-----+-----+-----+-----+-----+-----+-----+-----+
8 |  ‚ôú  |  ‚ôû  |  ‚ôù  |  ‚ôõ  |  ‚ôö  |     |  ‚ôû  |  ‚ôú  |
  +-----+-----+-----+-----+-----+-----+-----+-----+
7 |  ‚ôü   |  ‚ôü  |  ‚ôü  |  ‚ôü  |     |  ‚ôü  |  ‚ôù  |  ‚ôü  |
  +-----+-----+-----+-----+-----+-----+-----+-----+
6 |     |     |     |     |     |     |  ‚ôü  |     |
  +-----+-----+-----+-----+-----+-----+-----+-----+
5 |     |     |     |     |  ‚ôü  |     |     |     |
  +-----+-----+-----+-----+-----+-----+-----+-----+
4 |     |     |     |     |  ‚ôô  |     |     |     |
  +-----+-----+-----+-----+-----+-----+-----+-----+
3 |     |     |     |     |     |  ‚ôï  |     |     |
  +-----+-----+-----+-----+-----+-----+-----+-----+
2 |  ‚ôô   |  ‚ôô  |  ‚ôô  |  ‚ôô  |     |  ‚ôô  |  ‚ôô  |  ‚ôô  |
  +-----+-----+-----+-----+-----+-----+-----+-----+
1 |  ‚ôñ  |  ‚ôò  |  ‚ôó  |     |  ‚ôî  |  ‚ôó  |  ‚ôò  |  ‚ôñ  |
  +-----+-----+-----+-----+-----+-----+-----+-----+
Coup (eg. a1a8) ? 

     a     b     c     d     e     f     g     h    
  +-----+-----+-----+-----+-----+-----+-----+-----+
8 |  ‚ôú  |  ‚ôû  |  ‚ôù  |  ‚ôõ  |  ‚ôö  |     |  ‚ôû  |  ‚ôú  |
  +-----+-----+-----+-----+-----+-----+-----+-----+
7 |  ‚ôü   |  ‚ôü  |  ‚ôü  |  ‚ôü  |     |  ‚ôü  |  ‚ôù  |  ‚ôü  |
  +-----+-----+-----+-----+-----+-----+-----+-----+
6 |     |     |     |     |     |     |  ‚ôü  |     |
  +-----+-----+-----+-----+-----+-----+-----+-----+
5 |     |     |     |     |  ‚ôü  |     |     |     |
  +-----+-----+-----+-----+-----+-----+-----+-----+
4 |     |     |  ‚ôó  |     |  ‚ôô  |     |     |     |
  +-----+-----+-----+-----+-----+-----+-----+-----+
3 |     |     |     |     |     |  ‚ôï  |     |     |
  +-----+-----+-----+-----+-----+-----+-----+-----+
2 |  ‚ôô   |  ‚ôô  |  ‚ôô  |  ‚ôô  |     |  ‚ôô  |  ‚ôô  |  ‚ôô  |
  +-----+-----+-----+-----+-----+-----+-----+-----+
1 |  ‚ôñ  |  ‚ôò  |  ‚ôó  |     |  ‚ôî  |     |  ‚ôò  |  ‚ôñ  |
  +-----+-----+-----+-----+-----+-----+-----+-----+
Coup (eg. a1a8) ? 

     a     b     c     d     e     f     g     h    
  +-----+-----+-----+-----+-----+-----+-----+-----+
8 |  ‚ôú  |  ‚ôû  |  ‚ôù  |  ‚ôõ  |  ‚ôö  |     |     |  ‚ôú  |
  +-----+-----+-----+-----+-----+-----+-----+-----+
7 |  ‚ôü   |  ‚ôü  |  ‚ôü  |  ‚ôü  |  ‚ôû  |  ‚ôü  |  ‚ôù  |  ‚ôü  |
  +-----+-----+-----+-----+-----+-----+-----+-----+
6 |     |     |     |     |     |     |  ‚ôü  |     |
  +-----+-----+-----+-----+-----+-----+-----+-----+
5 |     |     |     |     |  ‚ôü  |     |     |     |
  +-----+-----+-----+-----+-----+-----+-----+-----+
4 |     |     |  ‚ôó  |     |  ‚ôô  |     |     |     |
  +-----+-----+-----+-----+-----+-----+-----+-----+
3 |     |     |     |     |     |  ‚ôï  |     |     |
  +-----+-----+-----+-----+-----+-----+-----+-----+
2 |  ‚ôô   |  ‚ôô  |  ‚ôô  |  ‚ôô  |     |  ‚ôô  |  ‚ôô  |  ‚ôô  |
  +-----+-----+-----+-----+-----+-----+-----+-----+
1 |  ‚ôñ  |  ‚ôò  |  ‚ôó  |     |  ‚ôî  |     |  ‚ôò  |  ‚ôñ  |
  +-----+-----+-----+-----+-----+-----+-----+-----+
Coup (eg. a1a8) ? 

     a     b     c     d     e     f     g     h    
  +-----+-----+-----+-----+-----+-----+-----+-----+
8 |  ‚ôú  |  ‚ôû  |  ‚ôù  |  ‚ôõ  |  ‚ôö  |     |     |  ‚ôú  |
  +-----+-----+-----+-----+-----+-----+-----+-----+
7 |  ‚ôü   |  ‚ôü  |  ‚ôü  |  ‚ôü  |  ‚ôû  |  ‚ôó  |  ‚ôù  |  ‚ôü  |
  +-----+-----+-----+-----+-----+-----+-----+-----+
6 |     |     |     |     |     |     |  ‚ôü  |     |
  +-----+-----+-----+-----+-----+-----+-----+-----+
5 |     |     |     |     |  ‚ôü  |     |     |     |
  +-----+-----+-----+-----+-----+-----+-----+-----+
4 |     |     |     |     |  ‚ôô  |     |     |     |
  +-----+-----+-----+-----+-----+-----+-----+-----+
3 |     |     |     |     |     |  ‚ôï  |     |     |
  +-----+-----+-----+-----+-----+-----+-----+-----+
2 |  ‚ôô   |  ‚ôô  |  ‚ôô  |  ‚ôô  |     |  ‚ôô  |  ‚ôô  |  ‚ôô  |
  +-----+-----+-----+-----+-----+-----+-----+-----+
1 |  ‚ôñ  |  ‚ôò  |  ‚ôó  |     |  ‚ôî  |     |  ‚ôò  |  ‚ôñ  |
  +-----+-----+-----+-----+-----+-----+-----+-----+
Coup (eg. a1a8) ? 

     a     b     c     d     e     f     g     h    
  +-----+-----+-----+-----+-----+-----+-----+-----+
8 |  ‚ôú  |  ‚ôû  |  ‚ôù  |  ‚ôõ  |     |  ‚ôö  |     |  ‚ôú  |
  +-----+-----+-----+-----+-----+-----+-----+-----+
7 |  ‚ôü   |  ‚ôü  |  ‚ôü  |  ‚ôü  |  ‚ôû  |  ‚ôó  |  ‚ôù  |  ‚ôü  |
  +-----+-----+-----+-----+-----+-----+-----+-----+
6 |     |     |     |     |     |     |  ‚ôü  |     |
  +-----+-----+-----+-----+-----+-----+-----+-----+
5 |     |     |     |     |  ‚ôü  |     |     |     |
  +-----+-----+-----+-----+-----+-----+-----+-----+
4 |     |     |     |     |  ‚ôô  |     |     |     |
  +-----+-----+-----+-----+-----+-----+-----+-----+
3 |     |     |     |     |     |  ‚ôï  |     |     |
  +-----+-----+-----+-----+-----+-----+-----+-----+
2 |  ‚ôô   |  ‚ôô  |  ‚ôô  |  ‚ôô  |     |  ‚ôô  |  ‚ôô  |  ‚ôô  |
  +-----+-----+-----+-----+-----+-----+-----+-----+
1 |  ‚ôñ  |  ‚ôò  |  ‚ôó  |     |  ‚ôî  |     |  ‚ôò  |  ‚ôñ  |
  +-----+-----+-----+-----+-----+-----+-----+-----+
Coup (eg. a1a8) ? 

     a     b     c     d     e     f     g     h    
  +-----+-----+-----+-----+-----+-----+-----+-----+
8 |  ‚ôú  |  ‚ôû  |  ‚ôù  |  ‚ôõ  |     |  ‚ôö  |     |  ‚ôú  |
  +-----+-----+-----+-----+-----+-----+-----+-----+
7 |  ‚ôü   |  ‚ôü  |  ‚ôü  |  ‚ôü  |  ‚ôû  |     |  ‚ôù  |  ‚ôü  |
  +-----+-----+-----+-----+-----+-----+-----+-----+
6 |     |     |     |     |     |     |  ‚ôó  |     |
  +-----+-----+-----+-----+-----+-----+-----+-----+
5 |     |     |     |     |  ‚ôü  |     |     |     |
  +-----+-----+-----+-----+-----+-----+-----+-----+
4 |     |     |     |     |  ‚ôô  |     |     |     |
  +-----+-----+-----+-----+-----+-----+-----+-----+
3 |     |     |     |     |     |  ‚ôï  |     |     |
  +-----+-----+-----+-----+-----+-----+-----+-----+
2 |  ‚ôô   |  ‚ôô  |  ‚ôô  |  ‚ôô  |     |  ‚ôô  |  ‚ôô  |  ‚ôô  |
  +-----+-----+-----+-----+-----+-----+-----+-----+
1 |  ‚ôñ  |  ‚ôò  |  ‚ôó  |     |  ‚ôî  |     |  ‚ôò  |  ‚ôñ  |
  +-----+-----+-----+-----+-----+-----+-----+-----+
Coup (eg. a1a8) ? 
Le roi est en echec
Coup (eg. a1a8) ? 

     a     b     c     d     e     f     g     h    
  +-----+-----+-----+-----+-----+-----+-----+-----+
8 |  ‚ôú  |  ‚ôû  |  ‚ôù  |  ‚ôõ  |     |  ‚ôö  |     |  ‚ôú  |
  +-----+-----+-----+-----+-----+-----+-----+-----+
7 |  ‚ôü   |  ‚ôü  |  ‚ôü  |  ‚ôü  |     |     |  ‚ôù  |  ‚ôü  |
  +-----+-----+-----+-----+-----+-----+-----+-----+
6 |     |     |     |     |     |     |  ‚ôó  |     |
  +-----+-----+-----+-----+-----+-----+-----+-----+
5 |     |     |     |     |  ‚ôü  |  ‚ôû  |     |     |
  +-----+-----+-----+-----+-----+-----+-----+-----+
4 |     |     |     |     |  ‚ôô  |     |     |     |
  +-----+-----+-----+-----+-----+-----+-----+-----+
3 |     |     |     |     |     |  ‚ôï  |     |     |
  +-----+-----+-----+-----+-----+-----+-----+-----+
2 |  ‚ôô   |  ‚ôô  |  ‚ôô  |  ‚ôô  |     |  ‚ôô  |  ‚ôô  |  ‚ôô  |
  +-----+-----+-----+-----+-----+-----+-----+-----+
1 |  ‚ôñ  |  ‚ôò  |  ‚ôó  |     |  ‚ôî  |     |  ‚ôò  |  ‚ôñ  |
  +-----+-----+-----+-----+-----+-----+-----+-----+
Coup (eg. a1a8) ? 

     a     b     c     d     e     f     g     h    
  +-----+-----+-----+-----+-----+-----+-----+-----+
8 |  ‚ôú  |  ‚ôû  |  ‚ôù  |  ‚ôõ  |     |  ‚ôö  |     |  ‚ôú  |
  +-----+-----+-----+-----+-----+-----+-----+-----+
7 |  ‚ôü   |  ‚ôü  |  ‚ôü  |  ‚ôü  |     |     |  ‚ôù  |  ‚ôü  |
  +-----+-----+-----+-----+-----+-----+-----+-----+
6 |     |     |     |     |     |     |  ‚ôó  |     |
  +-----+-----+-----+-----+-----+-----+-----+-----+
5 |     |     |     |     |  ‚ôü  |  ‚ôï  |     |     |
  +-----+-----+-----+-----+-----+-----+-----+-----+
4 |     |     |     |     |  ‚ôô  |     |     |     |
  +-----+-----+-----+-----+-----+-----+-----+-----+
3 |     |     |     |     |     |     |     |     |
  +-----+-----+-----+-----+-----+-----+-----+-----+
2 |  ‚ôô   |  ‚ôô  |  ‚ôô  |  ‚ôô  |     |  ‚ôô  |  ‚ôô  |  ‚ôô  |
  +-----+-----+-----+-----+-----+-----+-----+-----+
1 |  ‚ôñ  |  ‚ôò  |  ‚ôó  |     |  ‚ôî  |     |  ‚ôò  |  ‚ôñ  |
  +-----+-----+-----+-----+-----+-----+-----+-----+
Coup (eg. a1a8) ? 

     a     b     c     d     e     f     g     h    
  +-----+-----+-----+-----+-----+-----+-----+-----+
8 |  ‚ôú  |  ‚ôû  |  ‚ôù  |  ‚ôõ  |     |     |  ‚ôö  |  ‚ôú  |
  +-----+-----+-----+-----+-----+-----+-----+-----+
7 |  ‚ôü   |  ‚ôü  |  ‚ôü  |  ‚ôü  |     |     |  ‚ôù  |  ‚ôü  |
  +-----+-----+-----+-----+-----+-----+-----+-----+
6 |     |     |     |     |     |     |  ‚ôó  |     |
  +-----+-----+-----+-----+-----+-----+-----+-----+
5 |     |     |     |     |  ‚ôü  |  ‚ôï  |     |     |
  +-----+-----+-----+-----+-----+-----+-----+-----+
4 |     |     |     |     |  ‚ôô  |     |     |     |
  +-----+-----+-----+-----+-----+-----+-----+-----+
3 |     |     |     |     |     |     |     |     |
  +-----+-----+-----+-----+-----+-----+-----+-----+
2 |  ‚ôô   |  ‚ôô  |  ‚ôô  |  ‚ôô  |     |  ‚ôô  |  ‚ôô  |  ‚ôô  |
  +-----+-----+-----+-----+-----+-----+-----+-----+
1 |  ‚ôñ  |  ‚ôò  |  ‚ôó  |     |  ‚ôî  |     |  ‚ôò  |  ‚ôñ  |
  +-----+-----+-----+-----+-----+-----+-----+-----+
Coup (eg. a1a8) ? 

     a     b     c     d     e     f     g     h    
  +-----+-----+-----+-----+-----+-----+-----+-----+
8 |  ‚ôú  |  ‚ôû  |  ‚ôù  |  ‚ôõ  |     |     |  ‚ôö  |  ‚ôú  |
  +-----+-----+-----+-----+-----+-----+-----+-----+
7 |  ‚ôü   |  ‚ôü  |  ‚ôü  |  ‚ôü  |     |  ‚ôï  |  ‚ôù  |  ‚ôü  |
  +-----+-----+-----+-----+-----+-----+-----+-----+
6 |     |     |     |     |     |     |  ‚ôó  |     |
  +-----+-----+-----+-----+-----+-----+-----+-----+
5 |     |     |     |     |  ‚ôü  |     |     |     |
  +-----+-----+-----+-----+-----+-----+-----+-----+
4 |     |     |     |     |  ‚ôô  |     |     |     |
  +-----+-----+-----+-----+-----+-----+-----+-----+
3 |     |     |     |     |     |     |     |     |
  +-----+-----+-----+-----+-----+-----+-----+-----+
2 |  ‚ôô   |  ‚ôô  |  ‚ôô  |  ‚ôô  |     |  ‚ôô  |  ‚ôô  |  ‚ôô  |
  +-----+-----+-----+-----+-----+-----+-----+-----+
1 |  ‚ôñ  |  ‚ôò  |  ‚ôó  |     |  ‚ôî  |     |  ‚ôò  |  ‚ôñ  |
  +-----+-----+-----+-----+-----+-----+-----+-----+
Echec et mat
wR,wN,wB,,wK,,wN,wR,wP,wP,wP,wP,,wP,wP,wP,,,,,,,,,,,,,wP,,,,,,,,bP,,,,,,,,,,wB,,bP,bP,bP,bP,,wQ,bB,bP,bR,bN,bB,bQ,,,bK,bR, 1-0
  -> [0;32mreference position: OK[0m
  -> [0;32mreference result: OK[0m
  -> [0m(exit code=0)
[0;33m> data/4-leg-mat-parade.txt[0m

     a     b     c     d     e     f     g     h    
  +-----+-----+-----+-----+-----+-----+-----+-----+
8 |  ‚ôú  |  ‚ôû  |  ‚ôù  |  ‚ôõ  |  ‚ôö  |  ‚ôù  |  ‚ôû  |  ‚ôú  |
  +-----+-----+-----+-----+-----+-----+-----+-----+
7 |  ‚ôü   |  ‚ôü  |  ‚ôü  |  ‚ôü  |  ‚ôü  |  ‚ôü  |  ‚ôü  |  ‚ôü  |
  +-----+-----+-----+-----+-----+-----+-----+-----+
6 |     |     |     |     |     |     |     |     |
  +-----+-----+-----+-----+-----+-----+-----+-----+
5 |     |     |     |     |     |     |     |     |
  +-----+-----+-----+-----+-----+-----+-----+-----+
4 |     |     |     |     |     |     |     |     |
  +-----+-----+-----+-----+-----+-----+-----+-----+
3 |     |     |     |     |     |     |     |     |
  +-----+-----+-----+-----+-----+-----+-----+-----+
2 |  ‚ôô   |  ‚ôô  |  ‚ôô  |  ‚ôô  |  ‚ôô  |  ‚ôô  |  ‚ôô  |  ‚ôô  |
  +-----+-----+-----+-----+-----+-----+-----+-----+
1 |  ‚ôñ  |  ‚ôò  |  ‚ôó  |  ‚ôï  |  ‚ôî  |  ‚ôó  |  ‚ôò  |  ‚ôñ  |
  +-----+-----+-----+-----+-----+-----+-----+-----+
Coup (eg. a1a8) ? 

     a     b     c     d     e     f     g     h    
  +-----+-----+-----+-----+-----+-----+-----+-----+
8 |  ‚ôú  |  ‚ôû  |  ‚ôù  |  ‚ôõ  |  ‚ôö  |  ‚ôù  |  ‚ôû  |  ‚ôú  |
  +-----+-----+-----+-----+-----+-----+-----+-----+
7 |  ‚ôü   |  ‚ôü  |  ‚ôü  |  ‚ôü  |  ‚ôü  |  ‚ôü  |  ‚ôü  |  ‚ôü  |
  +-----+-----+-----+-----+-----+-----+-----+-----+
6 |     |     |     |     |     |     |     |     |
  +-----+-----+-----+-----+-----+-----+-----+-----+
5 |     |     |     |     |     |     |     |     |
  +-----+-----+-----+-----+-----+-----+-----+-----+
4 |     |     |     |     |  ‚ôô  |     |     |     |
  +-----+-----+-----+-----+-----+-----+-----+-----+
3 |     |     |     |     |     |     |     |     |
  +-----+-----+-----+-----+-----+-----+-----+-----+
2 |  ‚ôô   |  ‚ôô  |  ‚ôô  |  ‚ôô  |     |  ‚ôô  |  ‚ôô  |  ‚ôô  |
  +-----+-----+-----+-----+-----+-----+-----+-----+
1 |  ‚ôñ  |  ‚ôò  |  ‚ôó  |  ‚ôï  |  ‚ôî  |  ‚ôó  |  ‚ôò  |  ‚ôñ  |
  +-----+-----+-----+-----+-----+-----+-----+-----+
Coup (eg. a1a8) ? 

     a     b     c     d     e     f     g     h    
  +-----+-----+-----+-----+-----+-----+-----+-----+
8 |  ‚ôú  |  ‚ôû  |  ‚ôù  |  ‚ôõ  |  ‚ôö  |  ‚ôù  |  ‚ôû  |  ‚ôú  |
  +-----+-----+-----+-----+-----+-----+-----+-----+
7 |  ‚ôü   |  ‚ôü  |  ‚ôü  |  ‚ôü  |     |  ‚ôü  |  ‚ôü  |  ‚ôü  |
  +-----+-----+-----+-----+-----+-----+-----+-----+
6 |     |     |     |     |     |     |     |     |
  +-----+-----+-----+-----+-----+-----+-----+-----+
5 |     |     |     |     |  ‚ôü  |     |     |     |
  +-----+-----+-----+-----+-----+-----+-----+-----+
4 |     |     |     |     |  ‚ôô  |     |     |     |
  +-----+-----+-----+-----+-----+-----+-----+-----+
3 |     |     |     |     |     |     |     |     |
  +-----+-----+-----+-----+-----+-----+-----+-----+
2 |  ‚ôô   |  ‚ôô  |  ‚ôô  |  ‚ôô  |     |  ‚ôô  |  ‚ôô  |  ‚ôô  |
  +-----+-----+-----+-----+-----+-----+-----+-----+
1 |  ‚ôñ  |  ‚ôò  |  ‚ôó  |  ‚ôï  |  ‚ôî  |  ‚ôó  |  ‚ôò  |  ‚ôñ  |
  +-----+-----+-----+-----+-----+-----+-----+-----+
Coup (eg. a1a8) ? 

     a     b     c     d     e     f     g     h    
  +-----+-----+-----+-----+-----+-----+-----+-----+
8 |  ‚ôú  |  ‚ôû  |  ‚ôù  |  ‚ôõ  |  ‚ôö  |  ‚ôù  |  ‚ôû  |  ‚ôú  |
  +-----+-----+-----+-----+-----+-----+-----+-----+
7 |  ‚ôü   |  ‚ôü  |  ‚ôü  |  ‚ôü  |     |  ‚ôü  |  ‚ôü  |  ‚ôü  |
  +-----+-----+-----+-----+-----+-----+-----+-----+
6 |     |     |     |     |     |     |     |     |
  +-----+-----+-----+-----+-----+-----+-----+-----+
5 |     |     |     |     |  ‚ôü  |     |     |     |
  +-----+-----+-----+-----+-----+-----+-----+-----+
4 |     |     |     |  ‚ôô  |  ‚ôô  |     |     |     |
  +-----+-----+-----+-----+-----+-----+-----+-----+
3 |     |     |     |     |     |     |     |     |
  +-----+-----+-----+-----+-----+-----+-----+-----+
2 |  ‚ôô   |  ‚ôô  |  ‚ôô  |     |     |  ‚ôô  |  ‚ôô  |  ‚ôô  |
  +-----+-----+-----+-----+-----+-----+-----+-----+
1 |  ‚ôñ  |  ‚ôò  |  ‚ôó  |  ‚ôï  |  ‚ôî  |  ‚ôó  |  ‚ôò  |  ‚ôñ  |
  +-----+-----+-----+-----+-----+-----+-----+-----+
Coup (eg. a1a8) ? 

     a     b     c     d     e     f     g     h    
  +-----+-----+-----+-----+-----+-----+-----+-----+
8 |  ‚ôú  |  ‚ôû  |  ‚ôù  |  ‚ôõ  |  ‚ôö  |  ‚ôù  |  ‚ôû  |  ‚ôú  |
  +-----+-----+-----+-----+-----+-----+-----+-----+
7 |  ‚ôü   |  ‚ôü  |  ‚ôü  |  ‚ôü  |     |  ‚ôü  |  ‚ôü  |  ‚ôü  |
  +-----+-----+-----+-----+-----+-----+-----+-----+
6 |     |     |     |     |     |     |     |     |
  +-----+-----+-----+-----+-----+-----+-----+-----+
5 |     |     |     |     |     |     |     |     |
  +-----+-----+-----+-----+-----+-----+-----+-----+
4 |     |     |     |  ‚ôü  |  ‚ôô  |     |     |     |
  +-----+-----+-----+-----+-----+-----+-----+-----+
3 |     |     |     |     |     |     |     |     |
  +-----+-----+-----+-----+-----+-----+-----+-----+
2 |  ‚ôô   |  ‚ôô  |  ‚ôô  |     |     |  ‚ôô  |  ‚ôô  |  ‚ôô  |
  +-----+-----+-----+-----+-----+-----+-----+-----+
1 |  ‚ôñ  |  ‚ôò  |  ‚ôó  |  ‚ôï  |  ‚ôî  |  ‚ôó  |  ‚ôò  |  ‚ôñ  |
  +-----+-----+-----+-----+-----+-----+-----+-----+
Coup (eg. a1a8) ? 

     a     b     c     d     e     f     g     h    
  +-----+-----+-----+-----+-----+-----+-----+-----+
8 |  ‚ôú  |  ‚ôû  |  ‚ôù  |  ‚ôõ  |  ‚ôö  |  ‚ôù  |  ‚ôû  |  ‚ôú  |
  +-----+-----+-----+-----+-----+-----+-----+-----+
7 |  ‚ôü   |  ‚ôü  |  ‚ôü  |  ‚ôü  |     |  ‚ôü  |  ‚ôü  |  ‚ôü  |
  +-----+-----+-----+-----+-----+-----+-----+-----+
6 |     |     |     |     |     |     |     |     |
  +-----+-----+-----+-----+-----+-----+-----+-----+
5 |     |     |     |     |     |     |  ‚ôó  |     |
  +-----+-----+-----+-----+-----+-----+-----+-----+
4 |     |     |     |  ‚ôü  |  ‚ôô  |     |     |     |
  +-----+-----+-----+-----+-----+-----+-----+-----+
3 |     |     |     |     |     |     |     |     |
  +-----+-----+-----+-----+-----+-----+-----+-----+
2 |  ‚ôô   |  ‚ôô  |  ‚ôô  |     |     |  ‚ôô  |  ‚ôô  |  ‚ôô  |
  +-----+-----+-----+-----+-----+-----+-----+-----+
1 |  ‚ôñ  |  ‚ôò  |     |  ‚ôï  |  ‚ôî  |  ‚ôó  |  ‚ôò  |  ‚ôñ  |
  +-----+-----+-----+-----+-----+-----+-----+-----+
Coup (eg. a1a8) ? 

     a     b     c     d     e     f     g     h    
  +-----+-----+-----+-----+-----+-----+-----+-----+
8 |  ‚ôú  |  ‚ôû  |  ‚ôù  |  ‚ôõ  |  ‚ôö  |  ‚ôù  |  ‚ôû  |  ‚ôú  |
  +-----+-----+-----+-----+-----+-----+-----+-----+
7 |     |  ‚ôü  |  ‚ôü  |  ‚ôü  |     |  ‚ôü  |  ‚ôü  |  ‚ôü  |
  +-----+-----+-----+-----+-----+-----+-----+-----+
6 |  ‚ôü   |     |     |     |     |     |     |     |
  +-----+-----+-----+-----+-----+-----+-----+-----+
5 |     |     |     |     |     |     |  ‚ôó  |     |
  +-----+-----+-----+-----+-----+-----+-----+-----+
4 |     |     |     |  ‚ôü  |  ‚ôô  |     |     |     |
  +-----+-----+-----+-----+-----+-----+-----+-----+
3 |     |     |     |     |     |     |     |     |
  +-----+-----+-----+-----+-----+-----+-----+-----+
2 |  ‚ôô   |  ‚ôô  |  ‚ôô  |     |     |  ‚ôô  |  ‚ôô  |  ‚ôô  |
  +-----+-----+-----+-----+-----+-----+-----+-----+
1 |  ‚ôñ  |  ‚ôò  |     |  ‚ôï  |  ‚ôî  |  ‚ôó  |  ‚ôò  |  ‚ôñ  |
  +-----+-----+-----+-----+-----+-----+-----+-----+
Coup (eg. a1a8) ? 

     a     b     c     d     e     f     g     h    
  +-----+-----+-----+-----+-----+-----+-----+-----+
8 |  ‚ôú  |  ‚ôû  |  ‚ôù  |  ‚ôõ  |  ‚ôö  |  ‚ôù  |  ‚ôû  |  ‚ôú  |
  +-----+-----+-----+-----+-----+-----+-----+-----+
7 |     |  ‚ôü  |  ‚ôü  |  ‚ôü  |     |  ‚ôü  |  ‚ôü  |  ‚ôü  |
  +-----+-----+-----+-----+-----+-----+-----+-----+
6 |  ‚ôü   |     |     |     |     |     |     |     |
  +-----+-----+-----+-----+-----+-----+-----+-----+
5 |     |     |     |     |     |     |  ‚ôó  |     |
  +-----+-----+-----+-----+-----+-----+-----+-----+
4 |     |     |     |  ‚ôï  |  ‚ôô  |     |     |     |
  +-----+-----+-----+-----+-----+-----+-----+-----+
3 |     |     |     |     |     |     |     |     |
  +-----+-----+-----+-----+-----+-----+-----+-----+
2 |  ‚ôô   |  ‚ôô  |  ‚ôô  |     |     |  ‚ôô  |  ‚ôô  |  ‚ôô  |
  +-----+-----+-----+-----+-----+-----+-----+-----+
1 |  ‚ôñ  |  ‚ôò  |     |     |  ‚ôî  |  ‚ôó  |  ‚ôò  |  ‚ôñ  |
  +-----+-----+-----+-----+-----+-----+-----+-----+
Coup (eg. a1a8) ? 

     a     b     c     d     e     f     g     h    
  +-----+-----+-----+-----+-----+-----+-----+-----+
8 |  ‚ôú  |  ‚ôû  |  ‚ôù  |  ‚ôõ  |  ‚ôö  |  ‚ôù  |  ‚ôû  |  ‚ôú  |
  +-----+-----+-----+-----+-----+-----+-----+-----+
7 |     |  ‚ôü  |     |  ‚ôü  |     |  ‚ôü  |  ‚ôü  |  ‚ôü  |
  +-----+-----+-----+-----+-----+-----+-----+-----+
6 |  ‚ôü   |     |  ‚ôü  |     |     |     |     |     |
  +-----+-----+-----+-----+-----+-----+-----+-----+
5 |     |     |     |     |     |     |  ‚ôó  |     |
  +-----+-----+-----+-----+-----+-----+-----+-----+
4 |     |     |     |  ‚ôï  |  ‚ôô  |     |     |     |
  +-----+-----+-----+-----+-----+-----+-----+-----+
3 |     |     |     |     |     |     |     |     |
  +-----+-----+-----+-----+-----+-----+-----+-----+
2 |  ‚ôô   |  ‚ôô  |  ‚ôô  |     |     |  ‚ôô  |  ‚ôô  |  ‚ôô  |
  +-----+-----+-----+-----+-----+-----+-----+-----+
1 |  ‚ôñ  |  ‚ôò  |     |     |  ‚ôî  |  ‚ôó  |  ‚ôò  |  ‚ôñ  |
  +-----+-----+-----+-----+-----+-----+-----+-----+
Coup (eg. a1a8) ? 

     a     b     c     d     e     f     g     h    
  +-----+-----+-----+-----+-----+-----+-----+-----+
8 |  ‚ôú  |  ‚ôû  |  ‚ôù  |  ‚ôõ  |  ‚ôö  |  ‚ôù  |  ‚ôû  |  ‚ôú  |
  +-----+-----+-----+-----+-----+-----+-----+-----+
7 |     |  ‚ôü  |     |  ‚ôü  |     |  ‚ôü  |  ‚ôü  |  ‚ôü  |
  +-----+-----+-----+-----+-----+-----+-----+-----+
6 |  ‚ôü   |     |  ‚ôü  |     |     |     |     |     |
  +-----+-----+-----+-----+-----+-----+-----+-----+
5 |     |     |     |     |  ‚ôï  |     |  ‚ôó  |     |
  +-----+-----+-----+-----+-----+-----+-----+-----+
4 |     |     |     |     |  ‚ôô  |     |     |     |
  +-----+-----+-----+-----+-----+-----+-----+-----+
3 |     |     |     |     |     |     |     |     |
  +-----+-----+-----+-----+-----+-----+-----+-----+
2 |  ‚ôô   |  ‚ôô  |  ‚ôô  |     |     |  ‚ôô  |  ‚ôô  |  ‚ôô  |
  +-----+-----+-----+-----+-----+-----+-----+-----+
1 |  ‚ôñ  |  ‚ôò  |     |     |  ‚ôî  |  ‚ôó  |  ‚ôò  |  ‚ôñ  |
  +-----+-----+-----+-----+-----+-----+-----+-----+
Coup (eg. a1a8) ? 

     a     b     c     d     e     f     g     h    
  +-----+-----+-----+-----+-----+-----+-----+-----+
8 |  ‚ôú  |  ‚ôû  |  ‚ôù  |  ‚ôõ  |  ‚ôö  |     |  ‚ôû  |  ‚ôú  |
  +-----+-----+-----+-----+-----+-----+-----+-----+
7 |     |  ‚ôü  |     |  ‚ôü  |  ‚ôù  |  ‚ôü  |  ‚ôü  |  ‚ôü  |
  +-----+-----+-----+-----+-----+-----+-----+-----+
6 |  ‚ôü   |     |  ‚ôü  |     |     |     |     |     |
  +-----+-----+-----+-----+-----+-----+-----+-----+
5 |     |     |     |     |  ‚ôï  |     |  ‚ôó  |     |
  +-----+-----+-----+-----+-----+-----+-----+-----+
4 |     |     |     |     |  ‚ôô  |     |     |     |
  +-----+-----+-----+-----+-----+-----+-----+-----+
3 |     |     |     |     |     |     |     |     |
  +-----+-----+-----+-----+-----+-----+-----+-----+
2 |  ‚ôô   |  ‚ôô  |  ‚ôô  |     |     |  ‚ôô  |  ‚ôô  |  ‚ôô  |
  +-----+-----+-----+-----+-----+-----+-----+-----+
1 |  ‚ôñ  |  ‚ôò  |     |     |  ‚ôî  |  ‚ôó  |  ‚ôò  |  ‚ôñ  |
  +-----+-----+-----+-----+-----+-----+-----+-----+
Coup (eg. a1a8) ? 

     a     b     c     d     e     f     g     h    
  +-----+-----+-----+-----+-----+-----+-----+-----+
8 |  ‚ôú  |  ‚ôû  |  ‚ôù  |  ‚ôõ  |  ‚ôö  |     |  ‚ôû  |  ‚ôú  |
  +-----+-----+-----+-----+-----+-----+-----+-----+
7 |     |  ‚ôü  |     |  ‚ôü  |  ‚ôù  |  ‚ôü  |  ‚ôü  |  ‚ôü  |
  +-----+-----+-----+-----+-----+-----+-----+-----+
6 |  ‚ôü   |     |  ‚ôü  |     |     |     |     |     |
  +-----+-----+-----+-----+-----+-----+-----+-----+
5 |     |     |     |     |  ‚ôï  |     |  ‚ôó  |     |
  +-----+-----+-----+-----+-----+-----+-----+-----+
4 |     |     |     |     |  ‚ôô  |     |     |     |
  +-----+-----+-----+-----+-----+-----+-----+-----+
3 |     |     |  ‚ôò  |     |     |     |     |     |
  +-----+-----+-----+-----+-----+-----+-----+-----+
2 |  ‚ôô   |  ‚ôô  |  ‚ôô  |     |     |  ‚ôô  |  ‚ôô  |  ‚ôô  |
  +-----+-----+-----+-----+-----+-----+-----+-----+
1 |  ‚ôñ  |     |     |     |  ‚ôî  |  ‚ôó  |  ‚ôò  |  ‚ôñ  |
  +-----+-----+-----+-----+-----+-----+-----+-----+
Coup (eg. a1a8) ? 

     a     b     c     d     e     f     g     h    
  +-----+-----+-----+-----+-----+-----+-----+-----+
8 |  ‚ôú  |  ‚ôû  |  ‚ôù  |  ‚ôõ  |  ‚ôö  |     |  ‚ôû  |  ‚ôú  |
  +-----+-----+-----+-----+-----+-----+-----+-----+
7 |     |  ‚ôü  |     |  ‚ôü  |  ‚ôù  |  ‚ôü  |  ‚ôü  |  ‚ôü  |
  +-----+-----+-----+-----+-----+-----+-----+-----+
6 |  ‚ôü   |     |     |     |     |     |     |     |
  +-----+-----+-----+-----+-----+-----+-----+-----+
5 |     |     |  ‚ôü  |     |  ‚ôï  |     |  ‚ôó  |     |
  +-----+-----+-----+-----+-----+-----+-----+-----+
4 |     |     |     |     |  ‚ôô  |     |     |     |
  +-----+-----+-----+-----+-----+-----+-----+-----+
3 |     |     |  ‚ôò  |     |     |     |     |     |
  +-----+-----+-----+-----+-----+-----+-----+-----+
2 |  ‚ôô   |  ‚ôô  |  ‚ôô  |     |     |  ‚ôô  |  ‚ôô  |  ‚ôô  |
  +-----+-----+-----+-----+-----+-----+-----+-----+
1 |  ‚ôñ  |     |     |     |  ‚ôî  |  ‚ôó  |  ‚ôò  |  ‚ôñ  |
  +-----+-----+-----+-----+-----+-----+-----+-----+
Coup (eg. a1a8) ? 

     a     b     c     d     e     f     g     h    
  +-----+-----+-----+-----+-----+-----+-----+-----+
8 |  ‚ôú  |  ‚ôû  |  ‚ôù  |  ‚ôõ  |  ‚ôö  |     |  ‚ôû  |  ‚ôú  |
  +-----+-----+-----+-----+-----+-----+-----+-----+
7 |     |  ‚ôü  |     |  ‚ôü  |  ‚ôù  |  ‚ôü  |  ‚ôü  |  ‚ôü  |
  +-----+-----+-----+-----+-----+-----+-----+-----+
6 |  ‚ôü   |     |     |     |     |     |     |     |
  +-----+-----+-----+-----+-----+-----+-----+-----+
5 |     |     |  ‚ôü  |  ‚ôò  |  ‚ôï  |     |  ‚ôó  |     |
  +-----+-----+-----+-----+-----+-----+-----+-----+
4 |     |     |     |     |  ‚ôô  |     |     |     |
  +-----+-----+-----+-----+-----+-----+-----+-----+
3 |     |     |     |     |     |     |     |     |
  +-----+-----+-----+-----+-----+-----+-----+-----+
2 |  ‚ôô   |  ‚ôô  |  ‚ôô  |     |     |  ‚ôô  |  ‚ôô  |  ‚ôô  |
  +-----+-----+-----+-----+-----+-----+-----+-----+
1 |  ‚ôñ  |     |     |     |  ‚ôî  |  ‚ôó  |  ‚ôò  |  ‚ôñ  |
  +-----+-----+-----+-----+-----+-----+-----+-----+
Coup (eg. a1a8) ? 

     a     b     c     d     e     f     g     h    
  +-----+-----+-----+-----+-----+-----+-----+-----+
8 |  ‚ôú  |     |  ‚ôù  |  ‚ôõ  |  ‚ôö  |     |  ‚ôû  |  ‚ôú  |
  +-----+-----+-----+-----+-----+-----+-----+-----+
7 |     |  ‚ôü  |     |  ‚ôü  |  ‚ôù  |  ‚ôü  |  ‚ôü  |  ‚ôü  |
  +-----+-----+-----+-----+-----+-----+-----+-----+
6 |  ‚ôü   |     |  ‚ôû  |     |     |     |     |     |
  +-----+-----+-----+-----+-----+-----+-----+-----+
5 |     |     |  ‚ôü  |  ‚ôò  |  ‚ôï  |     |  ‚ôó  |     |
  +-----+-----+-----+-----+-----+-----+-----+-----+
4 |     |     |     |     |  ‚ôô  |     |     |     |
  +-----+-----+-----+-----+-----+-----+-----+-----+
3 |     |     |     |     |     |     |     |     |
  +-----+-----+-----+-----+-----+-----+-----+-----+
2 |  ‚ôô   |  ‚ôô  |  ‚ôô  |     |     |  ‚ôô  |  ‚ôô  |  ‚ôô  |
  +-----+-----+-----+-----+-----+-----+-----+-----+
1 |  ‚ôñ  |     |     |     |  ‚ôî  |  ‚ôó  |  ‚ôò  |  ‚ôñ  |
  +-----+-----+-----+-----+-----+-----+-----+-----+
Coup (eg. a1a8) ? 

     a     b     c     d     e     f     g     h    
  +-----+-----+-----+-----+-----+-----+-----+-----+
8 |  ‚ôú  |     |  ‚ôù  |  ‚ôõ  |  ‚ôö  |     |  ‚ôû  |  ‚ôú  |
  +-----+-----+-----+-----+-----+-----+-----+-----+
7 |     |  ‚ôü  |  ‚ôò  |  ‚ôü  |  ‚ôù  |  ‚ôü  |  ‚ôü  |  ‚ôü  |
  +-----+-----+-----+-----+-----+-----+-----+-----+
6 |  ‚ôü   |     |  ‚ôû  |     |     |     |     |     |
  +-----+-----+-----+-----+-----+-----+-----+-----+
5 |     |     |  ‚ôü  |     |  ‚ôï  |     |  ‚ôó  |     |
  +-----+-----+-----+-----+-----+-----+-----+-----+
4 |     |     |     |     |  ‚ôô  |     |     |     |
  +-----+-----+-----+-----+-----+-----+-----+-----+
3 |     |     |     |     |     |     |     |     |
  +-----+-----+-----+-----+-----+-----+-----+-----+
2 |  ‚ôô   |  ‚ôô  |  ‚ôô  |     |     |  ‚ôô  |  ‚ôô  |  ‚ôô  |
  +-----+-----+-----+-----+-----+-----+-----+-----+
1 |  ‚ôñ  |     |     |     |  ‚ôî  |  ‚ôó  |  ‚ôò  |  ‚ôñ  |
  +-----+-----+-----+-----+-----+-----+-----+-----+
Coup (eg. a1a8) ? 

     a     b     c     d     e     f     g     h    
  +-----+-----+-----+-----+-----+-----+-----+-----+
8 |  ‚ôú  |     |  ‚ôù  |  ‚ôõ  |     |  ‚ôö  |  ‚ôû  |  ‚ôú  |
  +-----+-----+-----+-----+-----+-----+-----+-----+
7 |     |  ‚ôü  |  ‚ôò  |  ‚ôü  |  ‚ôù  |  ‚ôü  |  ‚ôü  |  ‚ôü  |
  +-----+-----+-----+-----+-----+-----+-----+-----+
6 |  ‚ôü   |     |  ‚ôû  |     |     |     |     |     |
  +-----+-----+-----+-----+-----+-----+-----+-----+
5 |     |     |  ‚ôü  |     |  ‚ôï  |     |  ‚ôó  |     |
  +-----+-----+-----+-----+-----+-----+-----+-----+
4 |     |     |     |     |  ‚ôô  |     |     |     |
  +-----+-----+-----+-----+-----+-----+-----+-----+
3 |     |     |     |     |     |     |     |     |
  +-----+-----+-----+-----+-----+-----+-----+-----+
2 |  ‚ôô   |  ‚ôô  |  ‚ôô  |     |     |  ‚ôô  |  ‚ôô  |  ‚ôô  |
  +-----+-----+-----+-----+-----+-----+-----+-----+
1 |  ‚ôñ  |     |     |     |  ‚ôî  |  ‚ôó  |  ‚ôò  |  ‚ôñ  |
  +-----+-----+-----+-----+-----+-----+-----+-----+
Coup (eg. a1a8) ? 

     a     b     c     d     e     f     g     h    
  +-----+-----+-----+-----+-----+-----+-----+-----+
8 |  ‚ôú  |     |  ‚ôù  |  ‚ôõ  |     |  ‚ôö  |  ‚ôû  |  ‚ôú  |
  +-----+-----+-----+-----+-----+-----+-----+-----+
7 |     |  ‚ôü  |  ‚ôò  |  ‚ôü  |  ‚ôó  |  ‚ôü  |  ‚ôü  |  ‚ôü  |
  +-----+-----+-----+-----+-----+-----+-----+-----+
6 |  ‚ôü   |     |  ‚ôû  |     |     |     |     |     |
  +-----+-----+-----+-----+-----+-----+-----+-----+
5 |     |     |  ‚ôü  |     |  ‚ôï  |     |     |     |
  +-----+-----+-----+-----+-----+-----+-----+-----+
4 |     |     |     |     |  ‚ôô  |     |     |     |
  +-----+-----+-----+-----+-----+-----+-----+-----+
3 |     |     |     |     |     |     |     |     |
  +-----+-----+-----+-----+-----+-----+-----+-----+
2 |  ‚ôô   |  ‚ôô  |  ‚ôô  |     |     |  ‚ôô  |  ‚ôô  |  ‚ôô  |
  +-----+-----+-----+-----+-----+-----+-----+-----+
1 |  ‚ôñ  |     |     |     |  ‚ôî  |  ‚ôó  |  ‚ôò  |  ‚ôñ  |
  +-----+-----+-----+-----+-----+-----+-----+-----+
Coup (eg. a1a8) ? 

     a     b     c     d     e     f     g     h    
  +-----+-----+-----+-----+-----+-----+-----+-----+
8 |  ‚ôú  |     |  ‚ôù  |  ‚ôõ  |     |  ‚ôö  |     |  ‚ôú  |
  +-----+-----+-----+-----+-----+-----+-----+-----+
7 |     |  ‚ôü  |  ‚ôò  |  ‚ôü  |  ‚ôû  |  ‚ôü  |  ‚ôü  |  ‚ôü  |
  +-----+-----+-----+-----+-----+-----+-----+-----+
6 |  ‚ôü   |     |  ‚ôû  |     |     |     |     |     |
  +-----+-----+-----+-----+-----+-----+-----+-----+
5 |     |     |  ‚ôü  |     |  ‚ôï  |     |     |     |
  +-----+-----+-----+-----+-----+-----+-----+-----+
4 |     |     |     |     |  ‚ôô  |     |     |     |
  +-----+-----+-----+-----+-----+-----+-----+-----+
3 |     |     |     |     |     |     |     |     |
  +-----+-----+-----+-----+-----+-----+-----+-----+
2 |  ‚ôô   |  ‚ôô  |  ‚ôô  |     |     |  ‚ôô  |  ‚ôô  |  ‚ôô  |
  +-----+-----+-----+-----+-----+-----+-----+-----+
1 |  ‚ôñ  |     |     |     |  ‚ôî  |  ‚ôó  |  ‚ôò  |  ‚ôñ  |
  +-----+-----+-----+-----+-----+-----+-----+-----+
Coup (eg. a1a8) ? 

     a     b     c     d     e     f     g     h    
  +-----+-----+-----+-----+-----+-----+-----+-----+
8 |  ‚ôú  |     |  ‚ôù  |  ‚ôõ  |     |  ‚ôö  |     |  ‚ôú  |
  +-----+-----+-----+-----+-----+-----+-----+-----+
7 |     |  ‚ôü  |  ‚ôò  |  ‚ôü  |  ‚ôû  |  ‚ôü  |  ‚ôü  |  ‚ôü  |
  +-----+-----+-----+-----+-----+-----+-----+-----+
6 |  ‚ôü   |     |  ‚ôû  |  ‚ôï  |     |     |     |     |
  +-----+-----+-----+-----+-----+-----+-----+-----+
5 |     |     |  ‚ôü  |     |     |     |     |     |
  +-----+-----+-----+-----+-----+-----+-----+-----+
4 |     |     |     |     |  ‚ôô  |     |     |     |
  +-----+-----+-----+-----+-----+-----+-----+-----+
3 |     |     |     |     |     |     |     |     |
  +-----+-----+-----+-----+-----+-----+-----+-----+
2 |  ‚ôô   |  ‚ôô  |  ‚ôô  |     |     |  ‚ôô  |  ‚ôô  |  ‚ôô  |
  +-----+-----+-----+-----+-----+-----+-----+-----+
1 |  ‚ôñ  |     |     |     |  ‚ôî  |  ‚ôó  |  ‚ôò  |  ‚ôñ  |
  +-----+-----+-----+-----+-----+-----+-----+-----+
Coup (eg. a1a8) ? 

     a     b     c     d     e     f     g     h    
  +-----+-----+-----+-----+-----+-----+-----+-----+
8 |     |  ‚ôú  |  ‚ôù  |  ‚ôõ  |     |  ‚ôö  |     |  ‚ôú  |
  +-----+-----+-----+-----+-----+-----+-----+-----+
7 |     |  ‚ôü  |  ‚ôò  |  ‚ôü  |  ‚ôû  |  ‚ôü  |  ‚ôü  |  ‚ôü  |
  +-----+-----+-----+-----+-----+-----+-----+-----+
6 |  ‚ôü   |     |  ‚ôû  |  ‚ôï  |     |     |     |     |
  +-----+-----+-----+-----+-----+-----+-----+-----+
5 |     |     |  ‚ôü  |     |     |     |     |     |
  +-----+-----+-----+-----+-----+-----+-----+-----+
4 |     |     |     |     |  ‚ôô  |     |     |     |
  +-----+-----+-----+-----+-----+-----+-----+-----+
3 |     |     |     |     |     |     |     |     |
  +-----+-----+-----+-----+-----+-----+-----+-----+
2 |  ‚ôô   |  ‚ôô  |  ‚ôô  |     |     |  ‚ôô  |  ‚ôô  |  ‚ôô  |
  +-----+-----+-----+-----+-----+-----+-----+-----+
1 |  ‚ôñ  |     |     |     |  ‚ôî  |  ‚ôó  |  ‚ôò  |  ‚ôñ  |
  +-----+-----+-----+-----+-----+-----+-----+-----+
Coup (eg. a1a8) ? 

     a     b     c     d     e     f     g     h    
  +-----+-----+-----+-----+-----+-----+-----+-----+
8 |     |  ‚ôú  |  ‚ôù  |  ‚ôõ  |     |  ‚ôö  |     |  ‚ôú  |
  +-----+-----+-----+-----+-----+-----+-----+-----+
7 |     |  ‚ôü  |  ‚ôò  |  ‚ôü  |  ‚ôû  |  ‚ôü  |  ‚ôü  |  ‚ôü  |
  +-----+-----+-----+-----+-----+-----+-----+-----+
6 |  ‚ôü   |     |  ‚ôû  |  ‚ôï  |     |     |     |     |
  +-----+-----+-----+-----+-----+-----+-----+-----+
5 |     |     |  ‚ôü  |     |     |     |     |     |
  +-----+-----+-----+-----+-----+-----+-----+-----+
4 |     |     |  ‚ôó  |     |  ‚ôô  |     |     |     |
  +-----+-----+-----+-----+-----+-----+-----+-----+
3 |     |     |     |     |     |     |     |     |
  +-----+-----+-----+-----+-----+-----+-----+-----+
2 |  ‚ôô   |  ‚ôô  |  ‚ôô  |     |     |  ‚ôô  |  ‚ôô  |  ‚ôô  |
  +-----+-----+-----+-----+-----+-----+-----+-----+
1 |  ‚ôñ  |     |     |     |  ‚ôî  |     |  ‚ôò  |  ‚ôñ  |
  +-----+-----+-----+-----+-----+-----+-----+-----+
Coup (eg. a1a8) ? 

     a     b     c     d     e     f     g     h    
  +-----+-----+-----+-----+-----+-----+-----+-----+
8 |     |  ‚ôú  |  ‚ôù  |  ‚ôõ  |     |  ‚ôö  |     |  ‚ôú  |
  +-----+-----+-----+-----+-----+-----+-----+-----+
7 |     |  ‚ôü  |  ‚ôò  |  ‚ôü  |  ‚ôû  |  ‚ôü  |     |  ‚ôü  |
  +-----+-----+-----+-----+-----+-----+-----+-----+
6 |  ‚ôü   |     |  ‚ôû  |  ‚ôï  |     |     |  ‚ôü  |     |
  +-----+-----+-----+-----+-----+-----+-----+-----+
5 |     |     |  ‚ôü  |     |     |     |     |     |
  +-----+-----+-----+-----+-----+-----+-----+-----+
4 |     |     |  ‚ôó  |     |  ‚ôô  |     |     |     |
  +-----+-----+-----+-----+-----+-----+-----+-----+
3 |     |     |     |     |     |     |     |     |
  +-----+-----+-----+-----+-----+-----+-----+-----+
2 |  ‚ôô   |  ‚ôô  |  ‚ôô  |     |     |  ‚ôô  |  ‚ôô  |  ‚ôô  |
  +-----+-----+-----+-----+-----+-----+-----+-----+
1 |  ‚ôñ  |     |     |     |  ‚ôî  |     |  ‚ôò  |  ‚ôñ  |
  +-----+-----+-----+-----+-----+-----+-----+-----+
Coup (eg. a1a8) ? 

     a     b     c     d     e     f     g     h    
  +-----+-----+-----+-----+-----+-----+-----+-----+
8 |     |  ‚ôú  |  ‚ôù  |  ‚ôõ  |     |  ‚ôö  |     |  ‚ôú  |
  +-----+-----+-----+-----+-----+-----+-----+-----+
7 |     |  ‚ôü  |  ‚ôò  |  ‚ôü  |  ‚ôû  |  ‚ôü  |     |  ‚ôü  |
  +-----+-----+-----+-----+-----+-----+-----+-----+
6 |  ‚ôü   |     |  ‚ôû  |     |     |  ‚ôï  |  ‚ôü  |     |
  +-----+-----+-----+-----+-----+-----+-----+-----+
5 |     |     |  ‚ôü  |     |     |     |     |     |
  +-----+-----+-----+-----+-----+-----+-----+-----+
4 |     |     |  ‚ôó  |     |  ‚ôô  |     |     |     |
  +-----+-----+-----+-----+-----+-----+-----+-----+
3 |     |     |     |     |     |     |     |     |
  +-----+-----+-----+-----+-----+-----+-----+-----+
2 |  ‚ôô   |  ‚ôô  |  ‚ôô  |     |     |  ‚ôô  |  ‚ôô  |  ‚ôô  |
  +-----+-----+-----+-----+-----+-----+-----+-----+
1 |  ‚ôñ  |     |     |     |  ‚ôî  |     |  ‚ôò  |  ‚ôñ  |
  +-----+-----+-----+-----+-----+-----+-----+-----+
Coup (eg. a1a8) ? 

     a     b     c     d     e     f     g     h    
  +-----+-----+-----+-----+-----+-----+-----+-----+
8 |     |  ‚ôú  |  ‚ôù  |     |     |  ‚ôö  |     |  ‚ôú  |
  +-----+-----+-----+-----+-----+-----+-----+-----+
7 |     |  ‚ôü  |  ‚ôõ  |  ‚ôü  |  ‚ôû  |  ‚ôü  |     |  ‚ôü  |
  +-----+-----+-----+-----+-----+-----+-----+-----+
6 |  ‚ôü   |     |  ‚ôû  |     |     |  ‚ôï  |  ‚ôü  |     |
  +-----+-----+-----+-----+-----+-----+-----+-----+
5 |     |     |  ‚ôü  |     |     |     |     |     |
  +-----+-----+-----+-----+-----+-----+-----+-----+
4 |     |     |  ‚ôó  |     |  ‚ôô  |     |     |     |
  +-----+-----+-----+-----+-----+-----+-----+-----+
3 |     |     |     |     |     |     |     |     |
  +-----+-----+-----+-----+-----+-----+-----+-----+
2 |  ‚ôô   |  ‚ôô  |  ‚ôô  |     |     |  ‚ôô  |  ‚ôô  |  ‚ôô  |
  +-----+-----+-----+-----+-----+-----+-----+-----+
1 |  ‚ôñ  |     |     |     |  ‚ôî  |     |  ‚ôò  |  ‚ôñ  |
  +-----+-----+-----+-----+-----+-----+-----+-----+
Coup (eg. a1a8) ? 

     a     b     c     d     e     f     g     h    
  +-----+-----+-----+-----+-----+-----+-----+-----+
8 |     |  ‚ôú  |  ‚ôù  |     |     |  ‚ôö  |     |  ‚ôú  |
  +-----+-----+-----+-----+-----+-----+-----+-----+
7 |     |  ‚ôü  |  ‚ôõ  |  ‚ôü  |  ‚ôû  |  ‚ôï  |     |  ‚ôü  |
  +-----+-----+-----+-----+-----+-----+-----+-----+
6 |  ‚ôü   |     |  ‚ôû  |     |     |     |  ‚ôü  |     |
  +-----+-----+-----+-----+-----+-----+-----+-----+
5 |     |     |  ‚ôü  |     |     |     |     |     |
  +-----+-----+-----+-----+-----+-----+-----+-----+
4 |     |     |  ‚ôó  |     |  ‚ôô  |     |     |     |
  +-----+-----+-----+-----+-----+-----+-----+-----+
3 |     |     |     |     |     |     |     |     |
  +-----+-----+-----+-----+-----+-----+-----+-----+
2 |  ‚ôô   |  ‚ôô  |  ‚ôô  |     |     |  ‚ôô  |  ‚ôô  |  ‚ôô  |
  +-----+-----+-----+-----+-----+-----+-----+-----+
1 |  ‚ôñ  |     |     |     |  ‚ôî  |     |  ‚ôò  |  ‚ôñ  |
  +-----+-----+-----+-----+-----+-----+-----+-----+
Echec et mat
wR,,,,wK,,wN,wR,wP,wP,wP,,,wP,wP,wP,,,,,,,,,,,wB,,wP,,,,,,bP,,,,,,bP,,bN,,,,bP,,,bP,bQ,bP,bN,wQ,,bP,,bR,bB,,,bK,,bR, 1-0
  -> [0;32mreference position: OK[0m
  -> [0;32mreference result: OK[0m
  -> [0m(exit code=0)
[0;33m> data/4-leg-pat.txt[0m

     a     b     c     d     e     f     g     h    
  +-----+-----+-----+-----+-----+-----+-----+-----+
8 |  ‚ôú  |  ‚ôû  |  ‚ôù  |  ‚ôõ  |  ‚ôö  |  ‚ôù  |  ‚ôû  |  ‚ôú  |
  +-----+-----+-----+-----+-----+-----+-----+-----+
7 |  ‚ôü   |  ‚ôü  |  ‚ôü  |  ‚ôü  |  ‚ôü  |  ‚ôü  |  ‚ôü  |  ‚ôü  |
  +-----+-----+-----+-----+-----+-----+-----+-----+
6 |     |     |     |     |     |     |     |     |
  +-----+-----+-----+-----+-----+-----+-----+-----+
5 |     |     |     |     |     |     |     |     |
  +-----+-----+-----+-----+-----+-----+-----+-----+
4 |     |     |     |     |     |     |     |     |
  +-----+-----+-----+-----+-----+-----+-----+-----+
3 |     |     |     |     |     |     |     |     |
  +-----+-----+-----+-----+-----+-----+-----+-----+
2 |  ‚ôô   |  ‚ôô  |  ‚ôô  |  ‚ôô  |  ‚ôô  |  ‚ôô  |  ‚ôô  |  ‚ôô  |
  +-----+-----+-----+-----+-----+-----+-----+-----+
1 |  ‚ôñ  |  ‚ôò  |  ‚ôó  |  ‚ôï  |  ‚ôî  |  ‚ôó  |  ‚ôò  |  ‚ôñ  |
  +-----+-----+-----+-----+-----+-----+-----+-----+
Coup (eg. a1a8) ? 

     a     b     c     d     e     f     g     h    
  +-----+-----+-----+-----+-----+-----+-----+-----+
8 |  ‚ôú  |  ‚ôû  |  ‚ôù  |  ‚ôõ  |  ‚ôö  |  ‚ôù  |  ‚ôû  |  ‚ôú  |
  +-----+-----+-----+-----+-----+-----+-----+-----+
7 |  ‚ôü   |  ‚ôü  |  ‚ôü  |  ‚ôü  |  ‚ôü  |  ‚ôü  |  ‚ôü  |  ‚ôü  |
  +-----+-----+-----+-----+-----+-----+-----+-----+
6 |     |     |     |     |     |     |     |     |
  +-----+-----+-----+-----+-----+-----+-----+-----+
5 |     |     |     |     |     |     |     |     |
  +-----+-----+-----+-----+-----+-----+-----+-----+
4 |     |     |  ‚ôô  |     |     |     |     |     |
  +-----+-----+-----+-----+-----+-----+-----+-----+
3 |     |     |     |     |     |     |     |     |
  +-----+-----+-----+-----+-----+-----+-----+-----+
2 |  ‚ôô   |  ‚ôô  |     |  ‚ôô  |  ‚ôô  |  ‚ôô  |  ‚ôô  |  ‚ôô  |
  +-----+-----+-----+-----+-----+-----+-----+-----+
1 |  ‚ôñ  |  ‚ôò  |  ‚ôó  |  ‚ôï  |  ‚ôî  |  ‚ôó  |  ‚ôò  |  ‚ôñ  |
  +-----+-----+-----+-----+-----+-----+-----+-----+
Coup (eg. a1a8) ? 

     a     b     c     d     e     f     g     h    
  +-----+-----+-----+-----+-----+-----+-----+-----+
8 |  ‚ôú  |  ‚ôû  |  ‚ôù  |  ‚ôõ  |  ‚ôö  |  ‚ôù  |     |  ‚ôú  |
  +-----+-----+-----+-----+-----+-----+-----+-----+
7 |  ‚ôü   |  ‚ôü  |  ‚ôü  |  ‚ôü  |  ‚ôü  |  ‚ôü  |  ‚ôü  |  ‚ôü  |
  +-----+-----+-----+-----+-----+-----+-----+-----+
6 |     |     |     |     |     |  ‚ôû  |     |     |
  +-----+-----+-----+-----+-----+-----+-----+-----+
5 |     |     |     |     |     |     |     |     |
  +-----+-----+-----+-----+-----+-----+-----+-----+
4 |     |     |  ‚ôô  |     |     |     |     |     |
  +-----+-----+-----+-----+-----+-----+-----+-----+
3 |     |     |     |     |     |     |     |     |
  +-----+-----+-----+-----+-----+-----+-----+-----+
2 |  ‚ôô   |  ‚ôô  |     |  ‚ôô  |  ‚ôô  |  ‚ôô  |  ‚ôô  |  ‚ôô  |
  +-----+-----+-----+-----+-----+-----+-----+-----+
1 |  ‚ôñ  |  ‚ôò  |  ‚ôó  |  ‚ôï  |  ‚ôî  |  ‚ôó  |  ‚ôò  |  ‚ôñ  |
  +-----+-----+-----+-----+-----+-----+-----+-----+
Coup (eg. a1a8) ? 

     a     b     c     d     e     f     g     h    
  +-----+-----+-----+-----+-----+-----+-----+-----+
8 |  ‚ôú  |  ‚ôû  |  ‚ôù  |  ‚ôõ  |  ‚ôö  |  ‚ôù  |     |  ‚ôú  |
  +-----+-----+-----+-----+-----+-----+-----+-----+
7 |  ‚ôü   |  ‚ôü  |  ‚ôü  |  ‚ôü  |  ‚ôü  |  ‚ôü  |  ‚ôü  |  ‚ôü  |
  +-----+-----+-----+-----+-----+-----+-----+-----+
6 |     |     |     |     |     |  ‚ôû  |     |     |
  +-----+-----+-----+-----+-----+-----+-----+-----+
5 |     |     |     |     |     |     |     |     |
  +-----+-----+-----+-----+-----+-----+-----+-----+
4 |     |     |  ‚ôô  |  ‚ôô  |     |     |     |     |
  +-----+-----+-----+-----+-----+-----+-----+-----+
3 |     |     |     |     |     |     |     |     |
  +-----+-----+-----+-----+-----+-----+-----+-----+
2 |  ‚ôô   |  ‚ôô  |     |     |  ‚ôô  |  ‚ôô  |  ‚ôô  |  ‚ôô  |
  +-----+-----+-----+-----+-----+-----+-----+-----+
1 |  ‚ôñ  |  ‚ôò  |  ‚ôó  |  ‚ôï  |  ‚ôî  |  ‚ôó  |  ‚ôò  |  ‚ôñ  |
  +-----+-----+-----+-----+-----+-----+-----+-----+
Coup (eg. a1a8) ? 

     a     b     c     d     e     f     g     h    
  +-----+-----+-----+-----+-----+-----+-----+-----+
8 |  ‚ôú  |  ‚ôû  |  ‚ôù  |  ‚ôõ  |  ‚ôö  |  ‚ôù  |     |  ‚ôú  |
  +-----+-----+-----+-----+-----+-----+-----+-----+
7 |  ‚ôü   |  ‚ôü  |     |  ‚ôü  |  ‚ôü  |  ‚ôü  |  ‚ôü  |  ‚ôü  |
  +-----+-----+-----+-----+-----+-----+-----+-----+
6 |     |     |  ‚ôü  |     |     |  ‚ôû  |     |     |
  +-----+-----+-----+-----+-----+-----+-----+-----+
5 |     |     |     |     |     |     |     |     |
  +-----+-----+-----+-----+-----+-----+-----+-----+
4 |     |     |  ‚ôô  |  ‚ôô  |     |     |     |     |
  +-----+-----+-----+-----+-----+-----+-----+-----+
3 |     |     |     |     |     |     |     |     |
  +-----+-----+-----+-----+-----+-----+-----+-----+
2 |  ‚ôô   |  ‚ôô  |     |     |  ‚ôô  |  ‚ôô  |  ‚ôô  |  ‚ôô  |
  +-----+-----+-----+-----+-----+-----+-----+-----+
1 |  ‚ôñ  |  ‚ôò  |  ‚ôó  |  ‚ôï  |  ‚ôî  |  ‚ôó  |  ‚ôò  |  ‚ôñ  |
  +-----+-----+-----+-----+-----+-----+-----+-----+
Coup (eg. a1a8) ? 

     a     b     c     d     e     f     g     h    
  +-----+-----+-----+-----+-----+-----+-----+-----+
8 |  ‚ôú  |  ‚ôû  |  ‚ôù  |  ‚ôõ  |  ‚ôö  |  ‚ôù  |     |  ‚ôú  |
  +-----+-----+-----+-----+-----+-----+-----+-----+
7 |  ‚ôü   |  ‚ôü  |     |  ‚ôü  |  ‚ôü  |  ‚ôü  |  ‚ôü  |  ‚ôü  |
  +-----+-----+-----+-----+-----+-----+-----+-----+
6 |     |     |  ‚ôü  |     |     |  ‚ôû  |     |     |
  +-----+-----+-----+-----+-----+-----+-----+-----+
5 |     |     |     |     |     |     |     |     |
  +-----+-----+-----+-----+-----+-----+-----+-----+
4 |     |     |  ‚ôô  |  ‚ôô  |     |  ‚ôó  |     |     |
  +-----+-----+-----+-----+-----+-----+-----+-----+
3 |     |     |     |     |     |     |     |     |
  +-----+-----+-----+-----+-----+-----+-----+-----+
2 |  ‚ôô   |  ‚ôô  |     |     |  ‚ôô  |  ‚ôô  |  ‚ôô  |  ‚ôô  |
  +-----+-----+-----+-----+-----+-----+-----+-----+
1 |  ‚ôñ  |  ‚ôò  |     |  ‚ôï  |  ‚ôî  |  ‚ôó  |  ‚ôò  |  ‚ôñ  |
  +-----+-----+-----+-----+-----+-----+-----+-----+
Coup (eg. a1a8) ? 

     a     b     c     d     e     f     g     h    
  +-----+-----+-----+-----+-----+-----+-----+-----+
8 |  ‚ôú  |  ‚ôû  |  ‚ôù  |     |  ‚ôö  |  ‚ôù  |     |  ‚ôú  |
  +-----+-----+-----+-----+-----+-----+-----+-----+
7 |  ‚ôü   |  ‚ôü  |     |  ‚ôü  |  ‚ôü  |  ‚ôü  |  ‚ôü  |  ‚ôü  |
  +-----+-----+-----+-----+-----+-----+-----+-----+
6 |     |  ‚ôõ  |  ‚ôü  |     |     |  ‚ôû  |     |     |
  +-----+-----+-----+-----+-----+-----+-----+-----+
5 |     |     |     |     |     |     |     |     |
  +-----+-----+-----+-----+-----+-----+-----+-----+
4 |     |     |  ‚ôô  |  ‚ôô  |     |  ‚ôó  |     |     |
  +-----+-----+-----+-----+-----+-----+-----+-----+
3 |     |     |     |     |     |     |     |     |
  +-----+-----+-----+-----+-----+-----+-----+-----+
2 |  ‚ôô   |  ‚ôô  |     |     |  ‚ôô  |  ‚ôô  |  ‚ôô  |  ‚ôô  |
  +-----+-----+-----+-----+-----+-----+-----+-----+
1 |  ‚ôñ  |  ‚ôò  |     |  ‚ôï  |  ‚ôî  |  ‚ôó  |  ‚ôò  |  ‚ôñ  |
  +-----+-----+-----+-----+-----+-----+-----+-----+
Coup (eg. a1a8) ? 

     a     b     c     d     e     f     g     h    
  +-----+-----+-----+-----+-----+-----+-----+-----+
8 |  ‚ôú  |  ‚ôû  |  ‚ôù  |     |  ‚ôö  |  ‚ôù  |     |  ‚ôú  |
  +-----+-----+-----+-----+-----+-----+-----+-----+
7 |  ‚ôü   |  ‚ôü  |     |  ‚ôü  |  ‚ôü  |  ‚ôü  |  ‚ôü  |  ‚ôü  |
  +-----+-----+-----+-----+-----+-----+-----+-----+
6 |     |  ‚ôõ  |  ‚ôü  |     |     |  ‚ôû  |     |     |
  +-----+-----+-----+-----+-----+-----+-----+-----+
5 |     |     |     |     |     |     |     |     |
  +-----+-----+-----+-----+-----+-----+-----+-----+
4 |     |     |  ‚ôô  |  ‚ôô  |     |  ‚ôó  |     |     |
  +-----+-----+-----+-----+-----+-----+-----+-----+
3 |     |     |     |     |     |     |     |     |
  +-----+-----+-----+-----+-----+-----+-----+-----+
2 |  ‚ôô   |  ‚ôô  |     |  ‚ôï  |  ‚ôô  |  ‚ôô  |  ‚ôô  |  ‚ôô  |
  +-----+-----+-----+-----+-----+-----+-----+-----+
1 |  ‚ôñ  |  ‚ôò  |     |     |  ‚ôî  |  ‚ôó  |  ‚ôò  |  ‚ôñ  |
  +-----+-----+-----+-----+-----+-----+-----+-----+
Coup (eg. a1a8) ? 

     a     b     c     d     e     f     g     h    
  +-----+-----+-----+-----+-----+-----+-----+-----+
8 |  ‚ôú  |  ‚ôû  |  ‚ôù  |     |  ‚ôö  |  ‚ôù  |     |  ‚ôú  |
  +-----+-----+-----+-----+-----+-----+-----+-----+
7 |  ‚ôü   |  ‚ôü  |     |  ‚ôü  |  ‚ôü  |  ‚ôü  |  ‚ôü  |  ‚ôü  |
  +-----+-----+-----+-----+-----+-----+-----+-----+
6 |     |  ‚ôõ  |  ‚ôü  |     |     |     |     |     |
  +-----+-----+-----+-----+-----+-----+-----+-----+
5 |     |     |     |     |     |     |     |     |
  +-----+-----+-----+-----+-----+-----+-----+-----+
4 |     |     |  ‚ôô  |  ‚ôô  |  ‚ôû  |  ‚ôó  |     |     |
  +-----+-----+-----+-----+-----+-----+-----+-----+
3 |     |     |     |     |     |     |     |     |
  +-----+-----+-----+-----+-----+-----+-----+-----+
2 |  ‚ôô   |  ‚ôô  |     |  ‚ôï  |  ‚ôô  |  ‚ôô  |  ‚ôô  |  ‚ôô  |
  +-----+-----+-----+-----+-----+-----+-----+-----+
1 |  ‚ôñ  |  ‚ôò  |     |     |  ‚ôî  |  ‚ôó  |  ‚ôò  |  ‚ôñ  |
  +-----+-----+-----+-----+-----+-----+-----+-----+
Coup (eg. a1a8) ? 

     a     b     c     d     e     f     g     h    
  +-----+-----+-----+-----+-----+-----+-----+-----+
8 |  ‚ôú  |  ‚ôû  |  ‚ôù  |     |  ‚ôö  |  ‚ôù  |     |  ‚ôú  |
  +-----+-----+-----+-----+-----+-----+-----+-----+
7 |  ‚ôü   |  ‚ôü  |     |  ‚ôü  |  ‚ôü  |  ‚ôü  |  ‚ôü  |  ‚ôü  |
  +-----+-----+-----+-----+-----+-----+-----+-----+
6 |     |  ‚ôõ  |  ‚ôü  |     |     |     |     |     |
  +-----+-----+-----+-----+-----+-----+-----+-----+
5 |     |     |     |     |     |     |     |     |
  +-----+-----+-----+-----+-----+-----+-----+-----+
4 |     |     |  ‚ôô  |  ‚ôô  |  ‚ôû  |  ‚ôó  |     |     |
  +-----+-----+-----+-----+-----+-----+-----+-----+
3 |     |     |     |     |     |     |     |     |
  +-----+-----+-----+-----+-----+-----+-----+-----+
2 |  ‚ôô   |  ‚ôô  |  ‚ôï  |     |  ‚ôô  |  ‚ôô  |  ‚ôô  |  ‚ôô  |
  +-----+-----+-----+-----+-----+-----+-----+-----+
1 |  ‚ôñ  |  ‚ôò  |     |     |  ‚ôî  |  ‚ôó  |  ‚ôò  |  ‚ôñ  |
  +-----+-----+-----+-----+-----+-----+-----+-----+
Coup (eg. a1a8) ? 

     a     b     c     d     e     f     g     h    
  +-----+-----+-----+-----+-----+-----+-----+-----+
8 |  ‚ôú  |  ‚ôû  |  ‚ôù  |     |  ‚ôö  |  ‚ôù  |     |  ‚ôú  |
  +-----+-----+-----+-----+-----+-----+-----+-----+
7 |  ‚ôü   |  ‚ôü  |     |     |  ‚ôü  |  ‚ôü  |  ‚ôü  |  ‚ôü  |
  +-----+-----+-----+-----+-----+-----+-----+-----+
6 |     |  ‚ôõ  |  ‚ôü  |     |     |     |     |     |
  +-----+-----+-----+-----+-----+-----+-----+-----+
5 |     |     |     |  ‚ôü  |     |     |     |     |
  +-----+-----+-----+-----+-----+-----+-----+-----+
4 |     |     |  ‚ôô  |  ‚ôô  |  ‚ôû  |  ‚ôó  |     |     |
  +-----+-----+-----+-----+-----+-----+-----+-----+
3 |     |     |     |     |     |     |     |     |
  +-----+-----+-----+-----+-----+-----+-----+-----+
2 |  ‚ôô   |  ‚ôô  |  ‚ôï  |     |  ‚ôô  |  ‚ôô  |  ‚ôô  |  ‚ôô  |
  +-----+-----+-----+-----+-----+-----+-----+-----+
1 |  ‚ôñ  |  ‚ôò  |     |     |  ‚ôî  |  ‚ôó  |  ‚ôò  |  ‚ôñ  |
  +-----+-----+-----+-----+-----+-----+-----+-----+
Coup (eg. a1a8) ? 

     a     b     c     d     e     f     g     h    
  +-----+-----+-----+-----+-----+-----+-----+-----+
8 |  ‚ôú  |  ‚ôû  |  ‚ôù  |     |  ‚ôö  |  ‚ôù  |     |  ‚ôú  |
  +-----+-----+-----+-----+-----+-----+-----+-----+
7 |  ‚ôü   |  ‚ôü  |     |     |  ‚ôü  |  ‚ôü  |  ‚ôü  |  ‚ôü  |
  +-----+-----+-----+-----+-----+-----+-----+-----+
6 |     |  ‚ôõ  |  ‚ôü  |     |     |     |     |     |
  +-----+-----+-----+-----+-----+-----+-----+-----+
5 |     |     |     |  ‚ôü  |     |     |     |     |
  +-----+-----+-----+-----+-----+-----+-----+-----+
4 |     |     |  ‚ôô  |  ‚ôô  |  ‚ôû  |  ‚ôó  |     |     |
  +-----+-----+-----+-----+-----+-----+-----+-----+
3 |     |     |     |     |     |  ‚ôô  |     |     |
  +-----+-----+-----+-----+-----+-----+-----+-----+
2 |  ‚ôô   |  ‚ôô  |  ‚ôï  |     |  ‚ôô  |     |  ‚ôô  |  ‚ôô  |
  +-----+-----+-----+-----+-----+-----+-----+-----+
1 |  ‚ôñ  |  ‚ôò  |     |     |  ‚ôî  |  ‚ôó  |  ‚ôò  |  ‚ôñ  |
  +-----+-----+-----+-----+-----+-----+-----+-----+
Coup (eg. a1a8) ? 

     a     b     c     d     e     f     g     h    
  +-----+-----+-----+-----+-----+-----+-----+-----+
8 |  ‚ôú  |  ‚ôû  |  ‚ôù  |     |  ‚ôö  |  ‚ôù  |     |  ‚ôú  |
  +-----+-----+-----+-----+-----+-----+-----+-----+
7 |  ‚ôü   |  ‚ôü  |     |     |     |  ‚ôü  |  ‚ôü  |  ‚ôü  |
  +-----+-----+-----+-----+-----+-----+-----+-----+
6 |     |  ‚ôõ  |  ‚ôü  |     |     |     |     |     |
  +-----+-----+-----+-----+-----+-----+-----+-----+
5 |     |     |     |  ‚ôü  |  ‚ôü  |     |     |     |
  +-----+-----+-----+-----+-----+-----+-----+-----+
4 |     |     |  ‚ôô  |  ‚ôô  |  ‚ôû  |  ‚ôó  |     |     |
  +-----+-----+-----+-----+-----+-----+-----+-----+
3 |     |     |     |     |     |  ‚ôô  |     |     |
  +-----+-----+-----+-----+-----+-----+-----+-----+
2 |  ‚ôô   |  ‚ôô  |  ‚ôï  |     |  ‚ôô  |     |  ‚ôô  |  ‚ôô  |
  +-----+-----+-----+-----+-----+-----+-----+-----+
1 |  ‚ôñ  |  ‚ôò  |     |     |  ‚ôî  |  ‚ôó  |  ‚ôò  |  ‚ôñ  |
  +-----+-----+-----+-----+-----+-----+-----+-----+
Coup (eg. a1a8) ? 

     a     b     c     d     e     f     g     h    
  +-----+-----+-----+-----+-----+-----+-----+-----+
8 |  ‚ôú  |  ‚ôû  |  ‚ôù  |     |  ‚ôö  |  ‚ôù  |     |  ‚ôú  |
  +-----+-----+-----+-----+-----+-----+-----+-----+
7 |  ‚ôü   |  ‚ôü  |     |     |     |  ‚ôü  |  ‚ôü  |  ‚ôü  |
  +-----+-----+-----+-----+-----+-----+-----+-----+
6 |     |  ‚ôõ  |  ‚ôü  |     |     |     |     |     |
  +-----+-----+-----+-----+-----+-----+-----+-----+
5 |     |     |     |  ‚ôü  |  ‚ôó  |     |     |     |
  +-----+-----+-----+-----+-----+-----+-----+-----+
4 |     |     |  ‚ôô  |  ‚ôô  |  ‚ôû  |     |     |     |
  +-----+-----+-----+-----+-----+-----+-----+-----+
3 |     |     |     |     |     |  ‚ôô  |     |     |
  +-----+-----+-----+-----+-----+-----+-----+-----+
2 |  ‚ôô   |  ‚ôô  |  ‚ôï  |     |  ‚ôô  |     |  ‚ôô  |  ‚ôô  |
  +-----+-----+-----+-----+-----+-----+-----+-----+
1 |  ‚ôñ  |  ‚ôò  |     |     |  ‚ôî  |  ‚ôó  |  ‚ôò  |  ‚ôñ  |
  +-----+-----+-----+-----+-----+-----+-----+-----+
Coup (eg. a1a8) ? 

     a     b     c     d     e     f     g     h    
  +-----+-----+-----+-----+-----+-----+-----+-----+
8 |  ‚ôú  |  ‚ôû  |  ‚ôù  |     |  ‚ôö  |  ‚ôù  |     |  ‚ôú  |
  +-----+-----+-----+-----+-----+-----+-----+-----+
7 |  ‚ôü   |  ‚ôü  |     |     |     |  ‚ôü  |  ‚ôü  |  ‚ôü  |
  +-----+-----+-----+-----+-----+-----+-----+-----+
6 |     |     |  ‚ôü  |     |     |     |     |     |
  +-----+-----+-----+-----+-----+-----+-----+-----+
5 |  ‚ôõ  |     |     |  ‚ôü  |  ‚ôó  |     |     |     |
  +-----+-----+-----+-----+-----+-----+-----+-----+
4 |     |     |  ‚ôô  |  ‚ôô  |  ‚ôû  |     |     |     |
  +-----+-----+-----+-----+-----+-----+-----+-----+
3 |     |     |     |     |     |  ‚ôô  |     |     |
  +-----+-----+-----+-----+-----+-----+-----+-----+
2 |  ‚ôô   |  ‚ôô  |  ‚ôï  |     |  ‚ôô  |     |  ‚ôô  |  ‚ôô  |
  +-----+-----+-----+-----+-----+-----+-----+-----+
1 |  ‚ôñ  |  ‚ôò  |     |     |  ‚ôî  |  ‚ôó  |  ‚ôò  |  ‚ôñ  |
  +-----+-----+-----+-----+-----+-----+-----+-----+
Coup (eg. a1a8) ? 

     a     b     c     d     e     f     g     h    
  +-----+-----+-----+-----+-----+-----+-----+-----+
8 |  ‚ôú  |  ‚ôû  |  ‚ôù  |     |  ‚ôö  |  ‚ôù  |     |  ‚ôú  |
  +-----+-----+-----+-----+-----+-----+-----+-----+
7 |  ‚ôü   |  ‚ôü  |     |     |     |  ‚ôü  |  ‚ôü  |  ‚ôü  |
  +-----+-----+-----+-----+-----+-----+-----+-----+
6 |     |     |  ‚ôü  |     |     |     |     |     |
  +-----+-----+-----+-----+-----+-----+-----+-----+
5 |  ‚ôõ  |     |     |  ‚ôü  |  ‚ôó  |     |     |     |
  +-----+-----+-----+-----+-----+-----+-----+-----+
4 |     |     |  ‚ôô  |  ‚ôô  |  ‚ôû  |     |     |     |
  +-----+-----+-----+-----+-----+-----+-----+-----+
3 |     |     |  ‚ôò  |     |     |  ‚ôô  |     |     |
  +-----+-----+-----+-----+-----+-----+-----+-----+
2 |  ‚ôô   |  ‚ôô  |  ‚ôï  |     |  ‚ôô  |     |  ‚ôô  |  ‚ôô  |
  +-----+-----+-----+-----+-----+-----+-----+-----+
1 |  ‚ôñ  |     |     |     |  ‚ôî  |  ‚ôó  |  ‚ôò  |  ‚ôñ  |
  +-----+-----+-----+-----+-----+-----+-----+-----+
Coup (eg. a1a8) ? 

     a     b     c     d     e     f     g     h    
  +-----+-----+-----+-----+-----+-----+-----+-----+
8 |  ‚ôú  |  ‚ôû  |  ‚ôù  |     |  ‚ôö  |  ‚ôù  |     |  ‚ôú  |
  +-----+-----+-----+-----+-----+-----+-----+-----+
7 |  ‚ôü   |  ‚ôü  |     |     |     |  ‚ôü  |  ‚ôü  |  ‚ôü  |
  +-----+-----+-----+-----+-----+-----+-----+-----+
6 |     |     |  ‚ôü  |     |     |     |     |     |
  +-----+-----+-----+-----+-----+-----+-----+-----+
5 |  ‚ôõ  |     |     |  ‚ôü  |  ‚ôó  |     |     |     |
  +-----+-----+-----+-----+-----+-----+-----+-----+
4 |     |     |  ‚ôô  |  ‚ôô  |     |     |     |     |
  +-----+-----+-----+-----+-----+-----+-----+-----+
3 |     |     |  ‚ôû  |     |     |  ‚ôô  |     |     |
  +-----+-----+-----+-----+-----+-----+-----+-----+
2 |  ‚ôô   |  ‚ôô  |  ‚ôï  |     |  ‚ôô  |     |  ‚ôô  |  ‚ôô  |
  +-----+-----+-----+-----+-----+-----+-----+-----+
1 |  ‚ôñ  |     |     |     |  ‚ôî  |  ‚ôó  |  ‚ôò  |  ‚ôñ  |
  +-----+-----+-----+-----+-----+-----+-----+-----+
Coup (eg. a1a8) ? 

     a     b     c     d     e     f     g     h    
  +-----+-----+-----+-----+-----+-----+-----+-----+
8 |  ‚ôú  |  ‚ôû  |  ‚ôù  |     |  ‚ôö  |  ‚ôù  |     |  ‚ôú  |
  +-----+-----+-----+-----+-----+-----+-----+-----+
7 |  ‚ôü   |  ‚ôü  |     |     |     |  ‚ôü  |  ‚ôü  |  ‚ôü  |
  +-----+-----+-----+-----+-----+-----+-----+-----+
6 |     |     |  ‚ôü  |     |     |     |     |     |
  +-----+-----+-----+-----+-----+-----+-----+-----+
5 |  ‚ôõ  |     |     |  ‚ôü  |  ‚ôó  |     |     |     |
  +-----+-----+-----+-----+-----+-----+-----+-----+
4 |     |     |  ‚ôô  |  ‚ôô  |     |     |     |     |
  +-----+-----+-----+-----+-----+-----+-----+-----+
3 |     |     |  ‚ôô  |     |     |  ‚ôô  |     |     |
  +-----+-----+-----+-----+-----+-----+-----+-----+
2 |  ‚ôô   |     |  ‚ôï  |     |  ‚ôô  |     |  ‚ôô  |  ‚ôô  |
  +-----+-----+-----+-----+-----+-----+-----+-----+
1 |  ‚ôñ  |     |     |     |  ‚ôî  |  ‚ôó  |  ‚ôò  |  ‚ôñ  |
  +-----+-----+-----+-----+-----+-----+-----+-----+
Coup (eg. a1a8) ? 

     a     b     c     d     e     f     g     h    
  +-----+-----+-----+-----+-----+-----+-----+-----+
8 |  ‚ôú  |  ‚ôû  |  ‚ôù  |     |  ‚ôö  |  ‚ôù  |     |  ‚ôú  |
  +-----+-----+-----+-----+-----+-----+-----+-----+
7 |  ‚ôü   |  ‚ôü  |     |     |     |  ‚ôü  |  ‚ôü  |  ‚ôü  |
  +-----+-----+-----+-----+-----+-----+-----+-----+
6 |     |     |  ‚ôü  |     |     |     |     |     |
  +-----+-----+-----+-----+-----+-----+-----+-----+
5 |  ‚ôõ  |     |     |     |  ‚ôó  |     |     |     |
  +-----+-----+-----+-----+-----+-----+-----+-----+
4 |     |     |  ‚ôü  |  ‚ôô  |     |     |     |     |
  +-----+-----+-----+-----+-----+-----+-----+-----+
3 |     |     |  ‚ôô  |     |     |  ‚ôô  |     |     |
  +-----+-----+-----+-----+-----+-----+-----+-----+
2 |  ‚ôô   |     |  ‚ôï  |     |  ‚ôô  |     |  ‚ôô  |  ‚ôô  |
  +-----+-----+-----+-----+-----+-----+-----+-----+
1 |  ‚ôñ  |     |     |     |  ‚ôî  |  ‚ôó  |  ‚ôò  |  ‚ôñ  |
  +-----+-----+-----+-----+-----+-----+-----+-----+
Coup (eg. a1a8) ? 

     a     b     c     d     e     f     g     h    
  +-----+-----+-----+-----+-----+-----+-----+-----+
8 |  ‚ôú  |  ‚ôû  |  ‚ôù  |     |  ‚ôö  |  ‚ôù  |     |  ‚ôú  |
  +-----+-----+-----+-----+-----+-----+-----+-----+
7 |  ‚ôü   |  ‚ôü  |     |     |     |  ‚ôü  |  ‚ôü  |  ‚ôü  |
  +-----+-----+-----+-----+-----+-----+-----+-----+
6 |     |     |  ‚ôü  |     |     |     |     |     |
  +-----+-----+-----+-----+-----+-----+-----+-----+
5 |  ‚ôõ  |     |     |     |  ‚ôó  |     |     |     |
  +-----+-----+-----+-----+-----+-----+-----+-----+
4 |     |     |  ‚ôü  |  ‚ôô  |  ‚ôô  |     |     |     |
  +-----+-----+-----+-----+-----+-----+-----+-----+
3 |     |     |  ‚ôô  |     |     |  ‚ôô  |     |     |
  +-----+-----+-----+-----+-----+-----+-----+-----+
2 |  ‚ôô   |     |  ‚ôï  |     |     |     |  ‚ôô  |  ‚ôô  |
  +-----+-----+-----+-----+-----+-----+-----+-----+
1 |  ‚ôñ  |     |     |     |  ‚ôî  |  ‚ôó  |  ‚ôò  |  ‚ôñ  |
  +-----+-----+-----+-----+-----+-----+-----+-----+
Coup (eg. a1a8) ? 

     a     b     c     d     e     f     g     h    
  +-----+-----+-----+-----+-----+-----+-----+-----+
8 |  ‚ôú  |  ‚ôû  |  ‚ôù  |     |  ‚ôö  |  ‚ôù  |     |  ‚ôú  |
  +-----+-----+-----+-----+-----+-----+-----+-----+
7 |  ‚ôü   |     |     |     |     |  ‚ôü  |  ‚ôü  |  ‚ôü  |
  +-----+-----+-----+-----+-----+-----+-----+-----+
6 |     |     |  ‚ôü  |     |     |     |     |     |
  +-----+-----+-----+-----+-----+-----+-----+-----+
5 |  ‚ôõ  |  ‚ôü  |     |     |  ‚ôó  |     |     |     |
  +-----+-----+-----+-----+-----+-----+-----+-----+
4 |     |     |  ‚ôü  |  ‚ôô  |  ‚ôô  |     |     |     |
  +-----+-----+-----+-----+-----+-----+-----+-----+
3 |     |     |  ‚ôô  |     |     |  ‚ôô  |     |     |
  +-----+-----+-----+-----+-----+-----+-----+-----+
2 |  ‚ôô   |     |  ‚ôï  |     |     |     |  ‚ôô  |  ‚ôô  |
  +-----+-----+-----+-----+-----+-----+-----+-----+
1 |  ‚ôñ  |     |     |     |  ‚ôî  |  ‚ôó  |  ‚ôò  |  ‚ôñ  |
  +-----+-----+-----+-----+-----+-----+-----+-----+
Coup (eg. a1a8) ? 

     a     b     c     d     e     f     g     h    
  +-----+-----+-----+-----+-----+-----+-----+-----+
8 |  ‚ôú  |  ‚ôû  |  ‚ôù  |     |  ‚ôö  |  ‚ôù  |     |  ‚ôú  |
  +-----+-----+-----+-----+-----+-----+-----+-----+
7 |  ‚ôü   |     |     |     |     |  ‚ôü  |  ‚ôü  |  ‚ôü  |
  +-----+-----+-----+-----+-----+-----+-----+-----+
6 |     |     |  ‚ôü  |     |     |     |     |     |
  +-----+-----+-----+-----+-----+-----+-----+-----+
5 |  ‚ôõ  |  ‚ôü  |     |     |  ‚ôó  |     |     |     |
  +-----+-----+-----+-----+-----+-----+-----+-----+
4 |     |     |  ‚ôü  |  ‚ôô  |  ‚ôô  |     |     |     |
  +-----+-----+-----+-----+-----+-----+-----+-----+
3 |     |     |  ‚ôô  |     |     |  ‚ôô  |     |     |
  +-----+-----+-----+-----+-----+-----+-----+-----+
2 |  ‚ôô   |     |  ‚ôï  |     |  ‚ôò  |     |  ‚ôô  |  ‚ôô  |
  +-----+-----+-----+-----+-----+-----+-----+-----+
1 |  ‚ôñ  |     |     |     |  ‚ôî  |  ‚ôó  |     |  ‚ôñ  |
  +-----+-----+-----+-----+-----+-----+-----+-----+
Coup (eg. a1a8) ? 

     a     b     c     d     e     f     g     h    
  +-----+-----+-----+-----+-----+-----+-----+-----+
8 |  ‚ôú  |  ‚ôû  |  ‚ôù  |     |  ‚ôö  |  ‚ôù  |     |  ‚ôú  |
  +-----+-----+-----+-----+-----+-----+-----+-----+
7 |  ‚ôü   |     |     |     |     |  ‚ôü  |  ‚ôü  |  ‚ôü  |
  +-----+-----+-----+-----+-----+-----+-----+-----+
6 |     |     |  ‚ôü  |     |     |     |     |     |
  +-----+-----+-----+-----+-----+-----+-----+-----+
5 |  ‚ôõ  |     |     |     |  ‚ôó  |     |     |     |
  +-----+-----+-----+-----+-----+-----+-----+-----+
4 |     |  ‚ôü  |  ‚ôü  |  ‚ôô  |  ‚ôô  |     |     |     |
  +-----+-----+-----+-----+-----+-----+-----+-----+
3 |     |     |  ‚ôô  |     |     |  ‚ôô  |     |     |
  +-----+-----+-----+-----+-----+-----+-----+-----+
2 |  ‚ôô   |     |  ‚ôï  |     |  ‚ôò  |     |  ‚ôô  |  ‚ôô  |
  +-----+-----+-----+-----+-----+-----+-----+-----+
1 |  ‚ôñ  |     |     |     |  ‚ôî  |  ‚ôó  |     |  ‚ôñ  |
  +-----+-----+-----+-----+-----+-----+-----+-----+
Coup (eg. a1a8) ? 

     a     b     c     d     e     f     g     h    
  +-----+-----+-----+-----+-----+-----+-----+-----+
8 |  ‚ôú  |  ‚ôû  |  ‚ôù  |     |  ‚ôö  |  ‚ôù  |     |  ‚ôú  |
  +-----+-----+-----+-----+-----+-----+-----+-----+
7 |  ‚ôü   |     |     |     |     |  ‚ôü  |  ‚ôü  |  ‚ôü  |
  +-----+-----+-----+-----+-----+-----+-----+-----+
6 |     |     |  ‚ôü  |     |     |     |     |     |
  +-----+-----+-----+-----+-----+-----+-----+-----+
5 |  ‚ôõ  |     |     |     |     |     |     |     |
  +-----+-----+-----+-----+-----+-----+-----+-----+
4 |     |  ‚ôü  |  ‚ôü  |  ‚ôô  |  ‚ôô  |  ‚ôó  |     |     |
  +-----+-----+-----+-----+-----+-----+-----+-----+
3 |     |     |  ‚ôô  |     |     |  ‚ôô  |     |     |
  +-----+-----+-----+-----+-----+-----+-----+-----+
2 |  ‚ôô   |     |  ‚ôï  |     |  ‚ôò  |     |  ‚ôô  |  ‚ôô  |
  +-----+-----+-----+-----+-----+-----+-----+-----+
1 |  ‚ôñ  |     |     |     |  ‚ôî  |  ‚ôó  |     |  ‚ôñ  |
  +-----+-----+-----+-----+-----+-----+-----+-----+
Coup (eg. a1a8) ? 

     a     b     c     d     e     f     g     h    
  +-----+-----+-----+-----+-----+-----+-----+-----+
8 |  ‚ôú  |     |  ‚ôù  |     |  ‚ôö  |  ‚ôù  |     |  ‚ôú  |
  +-----+-----+-----+-----+-----+-----+-----+-----+
7 |  ‚ôü   |     |     |     |     |  ‚ôü  |  ‚ôü  |  ‚ôü  |
  +-----+-----+-----+-----+-----+-----+-----+-----+
6 |  ‚ôû  |     |  ‚ôü  |     |     |     |     |     |
  +-----+-----+-----+-----+-----+-----+-----+-----+
5 |  ‚ôõ  |     |     |     |     |     |     |     |
  +-----+-----+-----+-----+-----+-----+-----+-----+
4 |     |  ‚ôü  |  ‚ôü  |  ‚ôô  |  ‚ôô  |  ‚ôó  |     |     |
  +-----+-----+-----+-----+-----+-----+-----+-----+
3 |     |     |  ‚ôô  |     |     |  ‚ôô  |     |     |
  +-----+-----+-----+-----+-----+-----+-----+-----+
2 |  ‚ôô   |     |  ‚ôï  |     |  ‚ôò  |     |  ‚ôô  |  ‚ôô  |
  +-----+-----+-----+-----+-----+-----+-----+-----+
1 |  ‚ôñ  |     |     |     |  ‚ôî  |  ‚ôó  |     |  ‚ôñ  |
  +-----+-----+-----+-----+-----+-----+-----+-----+
Coup (eg. a1a8) ? 

     a     b     c     d     e     f     g     h    
  +-----+-----+-----+-----+-----+-----+-----+-----+
8 |  ‚ôú  |     |  ‚ôù  |     |  ‚ôö  |  ‚ôù  |     |  ‚ôú  |
  +-----+-----+-----+-----+-----+-----+-----+-----+
7 |  ‚ôü   |     |     |     |     |  ‚ôü  |  ‚ôü  |  ‚ôü  |
  +-----+-----+-----+-----+-----+-----+-----+-----+
6 |  ‚ôû  |     |  ‚ôü  |     |     |     |     |     |
  +-----+-----+-----+-----+-----+-----+-----+-----+
5 |  ‚ôõ  |     |     |     |     |     |     |     |
  +-----+-----+-----+-----+-----+-----+-----+-----+
4 |     |  ‚ôü  |  ‚ôü  |  ‚ôô  |  ‚ôô  |  ‚ôó  |     |     |
  +-----+-----+-----+-----+-----+-----+-----+-----+
3 |     |     |  ‚ôô  |     |     |  ‚ôô  |     |     |
  +-----+-----+-----+-----+-----+-----+-----+-----+
2 |  ‚ôô   |     |  ‚ôï  |     |  ‚ôò  |  ‚ôî  |  ‚ôô  |  ‚ôô  |
  +-----+-----+-----+-----+-----+-----+-----+-----+
1 |  ‚ôñ  |     |     |     |     |  ‚ôó  |     |  ‚ôñ  |
  +-----+-----+-----+-----+-----+-----+-----+-----+
Coup (eg. a1a8) ? 

     a     b     c     d     e     f     g     h    
  +-----+-----+-----+-----+-----+-----+-----+-----+
8 |  ‚ôú  |     |  ‚ôù  |     |  ‚ôö  |     |     |  ‚ôú  |
  +-----+-----+-----+-----+-----+-----+-----+-----+
7 |  ‚ôü   |     |     |     |  ‚ôù  |  ‚ôü  |  ‚ôü  |  ‚ôü  |
  +-----+-----+-----+-----+-----+-----+-----+-----+
6 |  ‚ôû  |     |  ‚ôü  |     |     |     |     |     |
  +-----+-----+-----+-----+-----+-----+-----+-----+
5 |  ‚ôõ  |     |     |     |     |     |     |     |
  +-----+-----+-----+-----+-----+-----+-----+-----+
4 |     |  ‚ôü  |  ‚ôü  |  ‚ôô  |  ‚ôô  |  ‚ôó  |     |     |
  +-----+-----+-----+-----+-----+-----+-----+-----+
3 |     |     |  ‚ôô  |     |     |  ‚ôô  |     |     |
  +-----+-----+-----+-----+-----+-----+-----+-----+
2 |  ‚ôô   |     |  ‚ôï  |     |  ‚ôò  |  ‚ôî  |  ‚ôô  |  ‚ôô  |
  +-----+-----+-----+-----+-----+-----+-----+-----+
1 |  ‚ôñ  |     |     |     |     |  ‚ôó  |     |  ‚ôñ  |
  +-----+-----+-----+-----+-----+-----+-----+-----+
Coup (eg. a1a8) ? 

     a     b     c     d     e     f     g     h    
  +-----+-----+-----+-----+-----+-----+-----+-----+
8 |  ‚ôú  |     |  ‚ôù  |     |  ‚ôö  |     |     |  ‚ôú  |
  +-----+-----+-----+-----+-----+-----+-----+-----+
7 |  ‚ôü   |     |     |     |  ‚ôù  |  ‚ôü  |  ‚ôü  |  ‚ôü  |
  +-----+-----+-----+-----+-----+-----+-----+-----+
6 |  ‚ôû  |     |  ‚ôü  |     |     |     |     |     |
  +-----+-----+-----+-----+-----+-----+-----+-----+
5 |  ‚ôõ  |     |     |     |     |     |     |     |
  +-----+-----+-----+-----+-----+-----+-----+-----+
4 |     |  ‚ôü  |  ‚ôü  |  ‚ôô  |  ‚ôô  |  ‚ôó  |     |     |
  +-----+-----+-----+-----+-----+-----+-----+-----+
3 |     |     |  ‚ôô  |     |     |  ‚ôô  |  ‚ôò  |     |
  +-----+-----+-----+-----+-----+-----+-----+-----+
2 |  ‚ôô   |     |  ‚ôï  |     |     |  ‚ôî  |  ‚ôô  |  ‚ôô  |
  +-----+-----+-----+-----+-----+-----+-----+-----+
1 |  ‚ôñ  |     |     |     |     |  ‚ôó  |     |  ‚ôñ  |
  +-----+-----+-----+-----+-----+-----+-----+-----+
Coup (eg. a1a8) ? 

     a     b     c     d     e     f     g     h    
  +-----+-----+-----+-----+-----+-----+-----+-----+
8 |  ‚ôú  |     |     |     |  ‚ôö  |     |     |  ‚ôú  |
  +-----+-----+-----+-----+-----+-----+-----+-----+
7 |  ‚ôü   |     |     |     |  ‚ôù  |  ‚ôü  |  ‚ôü  |  ‚ôü  |
  +-----+-----+-----+-----+-----+-----+-----+-----+
6 |  ‚ôû  |     |  ‚ôü  |     |  ‚ôù  |     |     |     |
  +-----+-----+-----+-----+-----+-----+-----+-----+
5 |  ‚ôõ  |     |     |     |     |     |     |     |
  +-----+-----+-----+-----+-----+-----+-----+-----+
4 |     |  ‚ôü  |  ‚ôü  |  ‚ôô  |  ‚ôô  |  ‚ôó  |     |     |
  +-----+-----+-----+-----+-----+-----+-----+-----+
3 |     |     |  ‚ôô  |     |     |  ‚ôô  |  ‚ôò  |     |
  +-----+-----+-----+-----+-----+-----+-----+-----+
2 |  ‚ôô   |     |  ‚ôï  |     |     |  ‚ôî  |  ‚ôô  |  ‚ôô  |
  +-----+-----+-----+-----+-----+-----+-----+-----+
1 |  ‚ôñ  |     |     |     |     |  ‚ôó  |     |  ‚ôñ  |
  +-----+-----+-----+-----+-----+-----+-----+-----+
Coup (eg. a1a8) ? 

     a     b     c     d     e     f     g     h    
  +-----+-----+-----+-----+-----+-----+-----+-----+
8 |  ‚ôú  |     |     |     |  ‚ôö  |     |     |  ‚ôú  |
  +-----+-----+-----+-----+-----+-----+-----+-----+
7 |  ‚ôü   |     |     |     |  ‚ôù  |  ‚ôü  |  ‚ôü  |  ‚ôü  |
  +-----+-----+-----+-----+-----+-----+-----+-----+
6 |  ‚ôû  |     |  ‚ôü  |     |  ‚ôù  |     |     |     |
  +-----+-----+-----+-----+-----+-----+-----+-----+
5 |  ‚ôõ  |     |     |     |     |  ‚ôò  |     |     |
  +-----+-----+-----+-----+-----+-----+-----+-----+
4 |     |  ‚ôü  |  ‚ôü  |  ‚ôô  |  ‚ôô  |  ‚ôó  |     |     |
  +-----+-----+-----+-----+-----+-----+-----+-----+
3 |     |     |  ‚ôô  |     |     |  ‚ôô  |     |     |
  +-----+-----+-----+-----+-----+-----+-----+-----+
2 |  ‚ôô   |     |  ‚ôï  |     |     |  ‚ôî  |  ‚ôô  |  ‚ôô  |
  +-----+-----+-----+-----+-----+-----+-----+-----+
1 |  ‚ôñ  |     |     |     |     |  ‚ôó  |     |  ‚ôñ  |
  +-----+-----+-----+-----+-----+-----+-----+-----+
Coup (eg. a1a8) ? 

     a     b     c     d     e     f     g     h    
  +-----+-----+-----+-----+-----+-----+-----+-----+
8 |  ‚ôú  |     |     |     |  ‚ôö  |     |     |  ‚ôú  |
  +-----+-----+-----+-----+-----+-----+-----+-----+
7 |  ‚ôü   |     |     |     |  ‚ôù  |  ‚ôü  |  ‚ôü  |  ‚ôü  |
  +-----+-----+-----+-----+-----+-----+-----+-----+
6 |  ‚ôû  |     |  ‚ôü  |     |     |     |     |     |
  +-----+-----+-----+-----+-----+-----+-----+-----+
5 |  ‚ôõ  |     |     |     |     |  ‚ôù  |     |     |
  +-----+-----+-----+-----+-----+-----+-----+-----+
4 |     |  ‚ôü  |  ‚ôü  |  ‚ôô  |  ‚ôô  |  ‚ôó  |     |     |
  +-----+-----+-----+-----+-----+-----+-----+-----+
3 |     |     |  ‚ôô  |     |     |  ‚ôô  |     |     |
  +-----+-----+-----+-----+-----+-----+-----+-----+
2 |  ‚ôô   |     |  ‚ôï  |     |     |  ‚ôî  |  ‚ôô  |  ‚ôô  |
  +-----+-----+-----+-----+-----+-----+-----+-----+
1 |  ‚ôñ  |     |     |     |     |  ‚ôó  |     |  ‚ôñ  |
  +-----+-----+-----+-----+-----+-----+-----+-----+
Coup (eg. a1a8) ? 

     a     b     c     d     e     f     g     h    
  +-----+-----+-----+-----+-----+-----+-----+-----+
8 |  ‚ôú  |     |     |     |  ‚ôö  |     |     |  ‚ôú  |
  +-----+-----+-----+-----+-----+-----+-----+-----+
7 |  ‚ôü   |     |     |     |  ‚ôù  |  ‚ôü  |  ‚ôü  |  ‚ôü  |
  +-----+-----+-----+-----+-----+-----+-----+-----+
6 |  ‚ôû  |     |  ‚ôü  |     |     |     |     |     |
  +-----+-----+-----+-----+-----+-----+-----+-----+
5 |  ‚ôõ  |     |     |     |     |  ‚ôô  |     |     |
  +-----+-----+-----+-----+-----+-----+-----+-----+
4 |     |  ‚ôü  |  ‚ôü  |  ‚ôô  |     |  ‚ôó  |     |     |
  +-----+-----+-----+-----+-----+-----+-----+-----+
3 |     |     |  ‚ôô  |     |     |  ‚ôô  |     |     |
  +-----+-----+-----+-----+-----+-----+-----+-----+
2 |  ‚ôô   |     |  ‚ôï  |     |     |  ‚ôî  |  ‚ôô  |  ‚ôô  |
  +-----+-----+-----+-----+-----+-----+-----+-----+
1 |  ‚ôñ  |     |     |     |     |  ‚ôó  |     |  ‚ôñ  |
  +-----+-----+-----+-----+-----+-----+-----+-----+
Coup (eg. a1a8) ? 

     a     b     c     d     e     f     g     h    
  +-----+-----+-----+-----+-----+-----+-----+-----+
8 |  ‚ôú  |     |     |     |     |  ‚ôú  |  ‚ôö  |     |
  +-----+-----+-----+-----+-----+-----+-----+-----+
7 |  ‚ôü   |     |     |     |  ‚ôù  |  ‚ôü  |  ‚ôü  |  ‚ôü  |
  +-----+-----+-----+-----+-----+-----+-----+-----+
6 |  ‚ôû  |     |  ‚ôü  |     |     |     |     |     |
  +-----+-----+-----+-----+-----+-----+-----+-----+
5 |  ‚ôõ  |     |     |     |     |  ‚ôô  |     |     |
  +-----+-----+-----+-----+-----+-----+-----+-----+
4 |     |  ‚ôü  |  ‚ôü  |  ‚ôô  |     |  ‚ôó  |     |     |
  +-----+-----+-----+-----+-----+-----+-----+-----+
3 |     |     |  ‚ôô  |     |     |  ‚ôô  |     |     |
  +-----+-----+-----+-----+-----+-----+-----+-----+
2 |  ‚ôô   |     |  ‚ôï  |     |     |  ‚ôî  |  ‚ôô  |  ‚ôô  |
  +-----+-----+-----+-----+-----+-----+-----+-----+
1 |  ‚ôñ  |     |     |     |     |  ‚ôó  |     |  ‚ôñ  |
  +-----+-----+-----+-----+-----+-----+-----+-----+
Coup (eg. a1a8) ? 

     a     b     c     d     e     f     g     h    
  +-----+-----+-----+-----+-----+-----+-----+-----+
8 |  ‚ôú  |     |     |     |     |  ‚ôú  |  ‚ôö  |     |
  +-----+-----+-----+-----+-----+-----+-----+-----+
7 |  ‚ôü   |     |     |     |  ‚ôù  |  ‚ôü  |  ‚ôü  |  ‚ôü  |
  +-----+-----+-----+-----+-----+-----+-----+-----+
6 |  ‚ôû  |     |  ‚ôü  |     |     |     |     |     |
  +-----+-----+-----+-----+-----+-----+-----+-----+
5 |  ‚ôõ  |     |     |     |     |  ‚ôô  |     |     |
  +-----+-----+-----+-----+-----+-----+-----+-----+
4 |     |  ‚ôü  |  ‚ôó  |  ‚ôô  |     |  ‚ôó  |     |     |
  +-----+-----+-----+-----+-----+-----+-----+-----+
3 |     |     |  ‚ôô  |     |     |  ‚ôô  |     |     |
  +-----+-----+-----+-----+-----+-----+-----+-----+
2 |  ‚ôô   |     |  ‚ôï  |     |     |  ‚ôî  |  ‚ôô  |  ‚ôô  |
  +-----+-----+-----+-----+-----+-----+-----+-----+
1 |  ‚ôñ  |     |     |     |     |     |     |  ‚ôñ  |
  +-----+-----+-----+-----+-----+-----+-----+-----+
Coup (eg. a1a8) ? 

     a     b     c     d     e     f     g     h    
  +-----+-----+-----+-----+-----+-----+-----+-----+
8 |  ‚ôú  |     |     |     |     |  ‚ôú  |  ‚ôö  |     |
  +-----+-----+-----+-----+-----+-----+-----+-----+
7 |  ‚ôü   |     |     |     |     |  ‚ôü  |  ‚ôü  |  ‚ôü  |
  +-----+-----+-----+-----+-----+-----+-----+-----+
6 |  ‚ôû  |     |  ‚ôü  |     |     |  ‚ôù  |     |     |
  +-----+-----+-----+-----+-----+-----+-----+-----+
5 |  ‚ôõ  |     |     |     |     |  ‚ôô  |     |     |
  +-----+-----+-----+-----+-----+-----+-----+-----+
4 |     |  ‚ôü  |  ‚ôó  |  ‚ôô  |     |  ‚ôó  |     |     |
  +-----+-----+-----+-----+-----+-----+-----+-----+
3 |     |     |  ‚ôô  |     |     |  ‚ôô  |     |     |
  +-----+-----+-----+-----+-----+-----+-----+-----+
2 |  ‚ôô   |     |  ‚ôï  |     |     |  ‚ôî  |  ‚ôô  |  ‚ôô  |
  +-----+-----+-----+-----+-----+-----+-----+-----+
1 |  ‚ôñ  |     |     |     |     |     |     |  ‚ôñ  |
  +-----+-----+-----+-----+-----+-----+-----+-----+
Coup (eg. a1a8) ? 

     a     b     c     d     e     f     g     h    
  +-----+-----+-----+-----+-----+-----+-----+-----+
8 |  ‚ôú  |     |     |     |     |  ‚ôú  |  ‚ôö  |     |
  +-----+-----+-----+-----+-----+-----+-----+-----+
7 |  ‚ôü   |     |     |     |     |  ‚ôü  |  ‚ôü  |  ‚ôü  |
  +-----+-----+-----+-----+-----+-----+-----+-----+
6 |  ‚ôû  |     |  ‚ôü  |     |     |  ‚ôù  |     |     |
  +-----+-----+-----+-----+-----+-----+-----+-----+
5 |  ‚ôõ  |     |     |     |     |  ‚ôô  |     |     |
  +-----+-----+-----+-----+-----+-----+-----+-----+
4 |     |  ‚ôü  |  ‚ôó  |  ‚ôô  |     |  ‚ôó  |     |     |
  +-----+-----+-----+-----+-----+-----+-----+-----+
3 |     |     |  ‚ôô  |     |     |  ‚ôô  |     |     |
  +-----+-----+-----+-----+-----+-----+-----+-----+
2 |  ‚ôô   |     |  ‚ôï  |     |     |  ‚ôî  |  ‚ôô  |  ‚ôô  |
  +-----+-----+-----+-----+-----+-----+-----+-----+
1 |  ‚ôñ  |     |     |     |  ‚ôñ  |     |     |     |
  +-----+-----+-----+-----+-----+-----+-----+-----+
Coup (eg. a1a8) ? 

     a     b     c     d     e     f     g     h    
  +-----+-----+-----+-----+-----+-----+-----+-----+
8 |  ‚ôú  |     |     |     |     |  ‚ôú  |  ‚ôö  |     |
  +-----+-----+-----+-----+-----+-----+-----+-----+
7 |  ‚ôü   |     |     |     |     |  ‚ôü  |  ‚ôü  |  ‚ôü  |
  +-----+-----+-----+-----+-----+-----+-----+-----+
6 |  ‚ôû  |     |  ‚ôü  |     |     |  ‚ôù  |     |     |
  +-----+-----+-----+-----+-----+-----+-----+-----+
5 |  ‚ôõ  |     |     |     |     |  ‚ôô  |     |     |
  +-----+-----+-----+-----+-----+-----+-----+-----+
4 |     |     |  ‚ôó  |  ‚ôô  |     |  ‚ôó  |     |     |
  +-----+-----+-----+-----+-----+-----+-----+-----+
3 |     |     |  ‚ôü  |     |     |  ‚ôô  |     |     |
  +-----+-----+-----+-----+-----+-----+-----+-----+
2 |  ‚ôô   |     |  ‚ôï  |     |     |  ‚ôî  |  ‚ôô  |  ‚ôô  |
  +-----+-----+-----+-----+-----+-----+-----+-----+
1 |  ‚ôñ  |     |     |     |  ‚ôñ  |     |     |     |
  +-----+-----+-----+-----+-----+-----+-----+-----+
Coup (eg. a1a8) ? 

     a     b     c     d     e     f     g     h    
  +-----+-----+-----+-----+-----+-----+-----+-----+
8 |  ‚ôú  |     |     |     |     |  ‚ôú  |  ‚ôö  |     |
  +-----+-----+-----+-----+-----+-----+-----+-----+
7 |  ‚ôü   |     |     |     |     |  ‚ôü  |  ‚ôü  |  ‚ôü  |
  +-----+-----+-----+-----+-----+-----+-----+-----+
6 |  ‚ôû  |     |  ‚ôü  |     |     |  ‚ôù  |     |     |
  +-----+-----+-----+-----+-----+-----+-----+-----+
5 |  ‚ôõ  |     |     |     |  ‚ôó  |  ‚ôô  |     |     |
  +-----+-----+-----+-----+-----+-----+-----+-----+
4 |     |     |  ‚ôó  |  ‚ôô  |     |     |     |     |
  +-----+-----+-----+-----+-----+-----+-----+-----+
3 |     |     |  ‚ôü  |     |     |  ‚ôô  |     |     |
  +-----+-----+-----+-----+-----+-----+-----+-----+
2 |  ‚ôô   |     |  ‚ôï  |     |     |  ‚ôî  |  ‚ôô  |  ‚ôô  |
  +-----+-----+-----+-----+-----+-----+-----+-----+
1 |  ‚ôñ  |     |     |     |  ‚ôñ  |     |     |     |
  +-----+-----+-----+-----+-----+-----+-----+-----+
Coup (eg. a1a8) ? 

     a     b     c     d     e     f     g     h    
  +-----+-----+-----+-----+-----+-----+-----+-----+
8 |  ‚ôú  |     |     |     |     |  ‚ôú  |  ‚ôö  |     |
  +-----+-----+-----+-----+-----+-----+-----+-----+
7 |  ‚ôü   |     |     |     |     |  ‚ôü  |  ‚ôü  |  ‚ôü  |
  +-----+-----+-----+-----+-----+-----+-----+-----+
6 |  ‚ôû  |     |  ‚ôü  |     |     |     |     |     |
  +-----+-----+-----+-----+-----+-----+-----+-----+
5 |  ‚ôõ  |     |     |     |  ‚ôù  |  ‚ôô  |     |     |
  +-----+-----+-----+-----+-----+-----+-----+-----+
4 |     |     |  ‚ôó  |  ‚ôô  |     |     |     |     |
  +-----+-----+-----+-----+-----+-----+-----+-----+
3 |     |     |  ‚ôü  |     |     |  ‚ôô  |     |     |
  +-----+-----+-----+-----+-----+-----+-----+-----+
2 |  ‚ôô   |     |  ‚ôï  |     |     |  ‚ôî  |  ‚ôô  |  ‚ôô  |
  +-----+-----+-----+-----+-----+-----+-----+-----+
1 |  ‚ôñ  |     |     |     |  ‚ôñ  |     |     |     |
  +-----+-----+-----+-----+-----+-----+-----+-----+
Coup (eg. a1a8) ? 

     a     b     c     d     e     f     g     h    
  +-----+-----+-----+-----+-----+-----+-----+-----+
8 |  ‚ôú  |     |     |     |     |  ‚ôú  |  ‚ôö  |     |
  +-----+-----+-----+-----+-----+-----+-----+-----+
7 |  ‚ôü   |     |     |     |     |  ‚ôü  |  ‚ôü  |  ‚ôü  |
  +-----+-----+-----+-----+-----+-----+-----+-----+
6 |  ‚ôû  |     |  ‚ôü  |     |     |     |     |     |
  +-----+-----+-----+-----+-----+-----+-----+-----+
5 |  ‚ôõ  |     |     |     |  ‚ôñ  |  ‚ôô  |     |     |
  +-----+-----+-----+-----+-----+-----+-----+-----+
4 |     |     |  ‚ôó  |  ‚ôô  |     |     |     |     |
  +-----+-----+-----+-----+-----+-----+-----+-----+
3 |     |     |  ‚ôü  |     |     |  ‚ôô  |     |     |
  +-----+-----+-----+-----+-----+-----+-----+-----+
2 |  ‚ôô   |     |  ‚ôï  |     |     |  ‚ôî  |  ‚ôô  |  ‚ôô  |
  +-----+-----+-----+-----+-----+-----+-----+-----+
1 |  ‚ôñ  |     |     |     |     |     |     |     |
  +-----+-----+-----+-----+-----+-----+-----+-----+
Coup (eg. a1a8) ? 

     a     b     c     d     e     f     g     h    
  +-----+-----+-----+-----+-----+-----+-----+-----+
8 |  ‚ôú  |     |     |     |     |  ‚ôú  |  ‚ôö  |     |
  +-----+-----+-----+-----+-----+-----+-----+-----+
7 |  ‚ôü   |     |     |     |     |  ‚ôü  |  ‚ôü  |  ‚ôü  |
  +-----+-----+-----+-----+-----+-----+-----+-----+
6 |  ‚ôû  |     |  ‚ôü  |     |     |     |     |     |
  +-----+-----+-----+-----+-----+-----+-----+-----+
5 |     |     |     |     |  ‚ôñ  |  ‚ôô  |     |     |
  +-----+-----+-----+-----+-----+-----+-----+-----+
4 |     |     |  ‚ôó  |  ‚ôô  |     |     |     |     |
  +-----+-----+-----+-----+-----+-----+-----+-----+
3 |  ‚ôõ  |     |  ‚ôü  |     |     |  ‚ôô  |     |     |
  +-----+-----+-----+-----+-----+-----+-----+-----+
2 |  ‚ôô   |     |  ‚ôï  |     |     |  ‚ôî  |  ‚ôô  |  ‚ôô  |
  +-----+-----+-----+-----+-----+-----+-----+-----+
1 |  ‚ôñ  |     |     |     |     |     |     |     |
  +-----+-----+-----+-----+-----+-----+-----+-----+
Coup (eg. a1a8) ? 

     a     b     c     d     e     f     g     h    
  +-----+-----+-----+-----+-----+-----+-----+-----+
8 |  ‚ôú  |     |     |     |     |  ‚ôú  |  ‚ôö  |     |
  +-----+-----+-----+-----+-----+-----+-----+-----+
7 |  ‚ôü   |     |     |     |     |  ‚ôü  |  ‚ôü  |  ‚ôü  |
  +-----+-----+-----+-----+-----+-----+-----+-----+
6 |  ‚ôû  |     |  ‚ôü  |     |     |     |     |     |
  +-----+-----+-----+-----+-----+-----+-----+-----+
5 |     |     |     |     |  ‚ôñ  |  ‚ôô  |     |     |
  +-----+-----+-----+-----+-----+-----+-----+-----+
4 |     |     |  ‚ôó  |  ‚ôô  |     |     |     |     |
  +-----+-----+-----+-----+-----+-----+-----+-----+
3 |  ‚ôõ  |     |  ‚ôü  |     |     |  ‚ôô  |     |     |
  +-----+-----+-----+-----+-----+-----+-----+-----+
2 |  ‚ôô   |     |  ‚ôï  |     |     |  ‚ôî  |  ‚ôô  |  ‚ôô  |
  +-----+-----+-----+-----+-----+-----+-----+-----+
1 |     |     |  ‚ôñ  |     |     |     |     |     |
  +-----+-----+-----+-----+-----+-----+-----+-----+
Coup (eg. a1a8) ? 

     a     b     c     d     e     f     g     h    
  +-----+-----+-----+-----+-----+-----+-----+-----+
8 |  ‚ôú  |     |     |     |     |  ‚ôú  |  ‚ôö  |     |
  +-----+-----+-----+-----+-----+-----+-----+-----+
7 |  ‚ôü   |     |  ‚ôû  |     |     |  ‚ôü  |  ‚ôü  |  ‚ôü  |
  +-----+-----+-----+-----+-----+-----+-----+-----+
6 |     |     |  ‚ôü  |     |     |     |     |     |
  +-----+-----+-----+-----+-----+-----+-----+-----+
5 |     |     |     |     |  ‚ôñ  |  ‚ôô  |     |     |
  +-----+-----+-----+-----+-----+-----+-----+-----+
4 |     |     |  ‚ôó  |  ‚ôô  |     |     |     |     |
  +-----+-----+-----+-----+-----+-----+-----+-----+
3 |  ‚ôõ  |     |  ‚ôü  |     |     |  ‚ôô  |     |     |
  +-----+-----+-----+-----+-----+-----+-----+-----+
2 |  ‚ôô   |     |  ‚ôï  |     |     |  ‚ôî  |  ‚ôô  |  ‚ôô  |
  +-----+-----+-----+-----+-----+-----+-----+-----+
1 |     |     |  ‚ôñ  |     |     |     |     |     |
  +-----+-----+-----+-----+-----+-----+-----+-----+
Coup (eg. a1a8) ? 

     a     b     c     d     e     f     g     h    
  +-----+-----+-----+-----+-----+-----+-----+-----+
8 |  ‚ôú  |     |     |     |     |  ‚ôú  |  ‚ôö  |     |
  +-----+-----+-----+-----+-----+-----+-----+-----+
7 |  ‚ôü   |     |  ‚ôû  |     |     |  ‚ôü  |  ‚ôü  |  ‚ôü  |
  +-----+-----+-----+-----+-----+-----+-----+-----+
6 |     |     |  ‚ôü  |     |     |     |     |     |
  +-----+-----+-----+-----+-----+-----+-----+-----+
5 |     |     |     |     |  ‚ôñ  |  ‚ôô  |     |     |
  +-----+-----+-----+-----+-----+-----+-----+-----+
4 |     |     |  ‚ôó  |  ‚ôô  |     |     |     |     |
  +-----+-----+-----+-----+-----+-----+-----+-----+
3 |  ‚ôõ  |     |  ‚ôï  |     |     |  ‚ôô  |     |     |
  +-----+-----+-----+-----+-----+-----+-----+-----+
2 |  ‚ôô   |     |     |     |     |  ‚ôî  |  ‚ôô  |  ‚ôô  |
  +-----+-----+-----+-----+-----+-----+-----+-----+
1 |     |     |  ‚ôñ  |     |     |     |     |     |
  +-----+-----+-----+-----+-----+-----+-----+-----+
Coup (eg. a1a8) ? 

     a     b     c     d     e     f     g     h    
  +-----+-----+-----+-----+-----+-----+-----+-----+
8 |  ‚ôú  |     |     |     |     |  ‚ôú  |  ‚ôö  |     |
  +-----+-----+-----+-----+-----+-----+-----+-----+
7 |  ‚ôü   |     |  ‚ôû  |     |     |  ‚ôü  |  ‚ôü  |  ‚ôü  |
  +-----+-----+-----+-----+-----+-----+-----+-----+
6 |     |     |  ‚ôü  |  ‚ôõ  |     |     |     |     |
  +-----+-----+-----+-----+-----+-----+-----+-----+
5 |     |     |     |     |  ‚ôñ  |  ‚ôô  |     |     |
  +-----+-----+-----+-----+-----+-----+-----+-----+
4 |     |     |  ‚ôó  |  ‚ôô  |     |     |     |     |
  +-----+-----+-----+-----+-----+-----+-----+-----+
3 |     |     |  ‚ôï  |     |     |  ‚ôô  |     |     |
  +-----+-----+-----+-----+-----+-----+-----+-----+
2 |  ‚ôô   |     |     |     |     |  ‚ôî  |  ‚ôô  |  ‚ôô  |
  +-----+-----+-----+-----+-----+-----+-----+-----+
1 |     |     |  ‚ôñ  |     |     |     |     |     |
  +-----+-----+-----+-----+-----+-----+-----+-----+
Coup (eg. a1a8) ? 

     a     b     c     d     e     f     g     h    
  +-----+-----+-----+-----+-----+-----+-----+-----+
8 |  ‚ôú  |     |     |     |     |  ‚ôú  |  ‚ôö  |     |
  +-----+-----+-----+-----+-----+-----+-----+-----+
7 |  ‚ôü   |     |  ‚ôû  |     |     |  ‚ôü  |  ‚ôü  |  ‚ôü  |
  +-----+-----+-----+-----+-----+-----+-----+-----+
6 |     |     |  ‚ôü  |  ‚ôõ  |     |     |     |     |
  +-----+-----+-----+-----+-----+-----+-----+-----+
5 |     |     |     |     |  ‚ôñ  |  ‚ôô  |     |     |
  +-----+-----+-----+-----+-----+-----+-----+-----+
4 |     |     |  ‚ôó  |  ‚ôô  |     |     |     |     |
  +-----+-----+-----+-----+-----+-----+-----+-----+
3 |     |     |  ‚ôï  |     |     |  ‚ôô  |     |     |
  +-----+-----+-----+-----+-----+-----+-----+-----+
2 |  ‚ôô   |     |     |     |     |     |  ‚ôô  |  ‚ôô  |
  +-----+-----+-----+-----+-----+-----+-----+-----+
1 |     |     |  ‚ôñ  |     |     |     |  ‚ôî  |     |
  +-----+-----+-----+-----+-----+-----+-----+-----+
Coup (eg. a1a8) ? 

     a     b     c     d     e     f     g     h    
  +-----+-----+-----+-----+-----+-----+-----+-----+
8 |     |     |     |  ‚ôú  |     |  ‚ôú  |  ‚ôö  |     |
  +-----+-----+-----+-----+-----+-----+-----+-----+
7 |  ‚ôü   |     |  ‚ôû  |     |     |  ‚ôü  |  ‚ôü  |  ‚ôü  |
  +-----+-----+-----+-----+-----+-----+-----+-----+
6 |     |     |  ‚ôü  |  ‚ôõ  |     |     |     |     |
  +-----+-----+-----+-----+-----+-----+-----+-----+
5 |     |     |     |     |  ‚ôñ  |  ‚ôô  |     |     |
  +-----+-----+-----+-----+-----+-----+-----+-----+
4 |     |     |  ‚ôó  |  ‚ôô  |     |     |     |     |
  +-----+-----+-----+-----+-----+-----+-----+-----+
3 |     |     |  ‚ôï  |     |     |  ‚ôô  |     |     |
  +-----+-----+-----+-----+-----+-----+-----+-----+
2 |  ‚ôô   |     |     |     |     |     |  ‚ôô  |  ‚ôô  |
  +-----+-----+-----+-----+-----+-----+-----+-----+
1 |     |     |  ‚ôñ  |     |     |     |  ‚ôî  |     |
  +-----+-----+-----+-----+-----+-----+-----+-----+
Coup (eg. a1a8) ? 

     a     b     c     d     e     f     g     h    
  +-----+-----+-----+-----+-----+-----+-----+-----+
8 |     |     |     |  ‚ôú  |     |  ‚ôú  |  ‚ôö  |     |
  +-----+-----+-----+-----+-----+-----+-----+-----+
7 |  ‚ôü   |     |  ‚ôû  |     |     |  ‚ôü  |  ‚ôü  |  ‚ôü  |
  +-----+-----+-----+-----+-----+-----+-----+-----+
6 |     |     |  ‚ôü  |  ‚ôõ  |     |     |     |     |
  +-----+-----+-----+-----+-----+-----+-----+-----+
5 |     |     |     |     |  ‚ôñ  |  ‚ôô  |     |     |
  +-----+-----+-----+-----+-----+-----+-----+-----+
4 |  ‚ôô   |     |  ‚ôó  |  ‚ôô  |     |     |     |     |
  +-----+-----+-----+-----+-----+-----+-----+-----+
3 |     |     |  ‚ôï  |     |     |  ‚ôô  |     |     |
  +-----+-----+-----+-----+-----+-----+-----+-----+
2 |     |     |     |     |     |     |  ‚ôô  |  ‚ôô  |
  +-----+-----+-----+-----+-----+-----+-----+-----+
1 |     |     |  ‚ôñ  |     |     |     |  ‚ôî  |     |
  +-----+-----+-----+-----+-----+-----+-----+-----+
Coup (eg. a1a8) ? 

     a     b     c     d     e     f     g     h    
  +-----+-----+-----+-----+-----+-----+-----+-----+
8 |     |     |     |  ‚ôú  |     |  ‚ôú  |  ‚ôö  |     |
  +-----+-----+-----+-----+-----+-----+-----+-----+
7 |  ‚ôü   |     |     |     |     |  ‚ôü  |  ‚ôü  |  ‚ôü  |
  +-----+-----+-----+-----+-----+-----+-----+-----+
6 |     |     |  ‚ôü  |  ‚ôõ  |     |     |     |     |
  +-----+-----+-----+-----+-----+-----+-----+-----+
5 |     |     |     |  ‚ôû  |  ‚ôñ  |  ‚ôô  |     |     |
  +-----+-----+-----+-----+-----+-----+-----+-----+
4 |  ‚ôô   |     |  ‚ôó  |  ‚ôô  |     |     |     |     |
  +-----+-----+-----+-----+-----+-----+-----+-----+
3 |     |     |  ‚ôï  |     |     |  ‚ôô  |     |     |
  +-----+-----+-----+-----+-----+-----+-----+-----+
2 |     |     |     |     |     |     |  ‚ôô  |  ‚ôô  |
  +-----+-----+-----+-----+-----+-----+-----+-----+
1 |     |     |  ‚ôñ  |     |     |     |  ‚ôî  |     |
  +-----+-----+-----+-----+-----+-----+-----+-----+
Coup (eg. a1a8) ? 

     a     b     c     d     e     f     g     h    
  +-----+-----+-----+-----+-----+-----+-----+-----+
8 |     |     |     |  ‚ôú  |     |  ‚ôú  |  ‚ôö  |     |
  +-----+-----+-----+-----+-----+-----+-----+-----+
7 |  ‚ôü   |     |     |     |     |  ‚ôü  |  ‚ôü  |  ‚ôü  |
  +-----+-----+-----+-----+-----+-----+-----+-----+
6 |     |     |  ‚ôü  |  ‚ôõ  |     |     |     |     |
  +-----+-----+-----+-----+-----+-----+-----+-----+
5 |     |     |     |  ‚ôó  |  ‚ôñ  |  ‚ôô  |     |     |
  +-----+-----+-----+-----+-----+-----+-----+-----+
4 |  ‚ôô   |     |     |  ‚ôô  |     |     |     |     |
  +-----+-----+-----+-----+-----+-----+-----+-----+
3 |     |     |  ‚ôï  |     |     |  ‚ôô  |     |     |
  +-----+-----+-----+-----+-----+-----+-----+-----+
2 |     |     |     |     |     |     |  ‚ôô  |  ‚ôô  |
  +-----+-----+-----+-----+-----+-----+-----+-----+
1 |     |     |  ‚ôñ  |     |     |     |  ‚ôî  |     |
  +-----+-----+-----+-----+-----+-----+-----+-----+
Coup (eg. a1a8) ? 

     a     b     c     d     e     f     g     h    
  +-----+-----+-----+-----+-----+-----+-----+-----+
8 |     |     |     |  ‚ôú  |     |  ‚ôú  |  ‚ôö  |     |
  +-----+-----+-----+-----+-----+-----+-----+-----+
7 |  ‚ôü   |     |     |     |     |  ‚ôü  |  ‚ôü  |  ‚ôü  |
  +-----+-----+-----+-----+-----+-----+-----+-----+
6 |     |     |     |  ‚ôõ  |     |     |     |     |
  +-----+-----+-----+-----+-----+-----+-----+-----+
5 |     |     |     |  ‚ôü  |  ‚ôñ  |  ‚ôô  |     |     |
  +-----+-----+-----+-----+-----+-----+-----+-----+
4 |  ‚ôô   |     |     |  ‚ôô  |     |     |     |     |
  +-----+-----+-----+-----+-----+-----+-----+-----+
3 |     |     |  ‚ôï  |     |     |  ‚ôô  |     |     |
  +-----+-----+-----+-----+-----+-----+-----+-----+
2 |     |     |     |     |     |     |  ‚ôô  |  ‚ôô  |
  +-----+-----+-----+-----+-----+-----+-----+-----+
1 |     |     |  ‚ôñ  |     |     |     |  ‚ôî  |     |
  +-----+-----+-----+-----+-----+-----+-----+-----+
Coup (eg. a1a8) ? 

     a     b     c     d     e     f     g     h    
  +-----+-----+-----+-----+-----+-----+-----+-----+
8 |     |     |     |  ‚ôú  |     |  ‚ôú  |  ‚ôö  |     |
  +-----+-----+-----+-----+-----+-----+-----+-----+
7 |  ‚ôü   |     |     |     |     |  ‚ôü  |  ‚ôü  |  ‚ôü  |
  +-----+-----+-----+-----+-----+-----+-----+-----+
6 |     |     |     |  ‚ôõ  |     |     |     |     |
  +-----+-----+-----+-----+-----+-----+-----+-----+
5 |     |     |  ‚ôï  |  ‚ôü  |  ‚ôñ  |  ‚ôô  |     |     |
  +-----+-----+-----+-----+-----+-----+-----+-----+
4 |  ‚ôô   |     |     |  ‚ôô  |     |     |     |     |
  +-----+-----+-----+-----+-----+-----+-----+-----+
3 |     |     |     |     |     |  ‚ôô  |     |     |
  +-----+-----+-----+-----+-----+-----+-----+-----+
2 |     |     |     |     |     |     |  ‚ôô  |  ‚ôô  |
  +-----+-----+-----+-----+-----+-----+-----+-----+
1 |     |     |  ‚ôñ  |     |     |     |  ‚ôî  |     |
  +-----+-----+-----+-----+-----+-----+-----+-----+
Coup (eg. a1a8) ? 

     a     b     c     d     e     f     g     h    
  +-----+-----+-----+-----+-----+-----+-----+-----+
8 |     |     |     |  ‚ôú  |     |  ‚ôú  |  ‚ôö  |     |
  +-----+-----+-----+-----+-----+-----+-----+-----+
7 |  ‚ôü   |     |     |     |     |  ‚ôü  |  ‚ôü  |  ‚ôü  |
  +-----+-----+-----+-----+-----+-----+-----+-----+
6 |  ‚ôõ  |     |     |     |     |     |     |     |
  +-----+-----+-----+-----+-----+-----+-----+-----+
5 |     |     |  ‚ôï  |  ‚ôü  |  ‚ôñ  |  ‚ôô  |     |     |
  +-----+-----+-----+-----+-----+-----+-----+-----+
4 |  ‚ôô   |     |     |  ‚ôô  |     |     |     |     |
  +-----+-----+-----+-----+-----+-----+-----+-----+
3 |     |     |     |     |     |  ‚ôô  |     |     |
  +-----+-----+-----+-----+-----+-----+-----+-----+
2 |     |     |     |     |     |     |  ‚ôô  |  ‚ôô  |
  +-----+-----+-----+-----+-----+-----+-----+-----+
1 |     |     |  ‚ôñ  |     |     |     |  ‚ôî  |     |
  +-----+-----+-----+-----+-----+-----+-----+-----+
Coup (eg. a1a8) ? 

     a     b     c     d     e     f     g     h    
  +-----+-----+-----+-----+-----+-----+-----+-----+
8 |     |     |     |  ‚ôú  |     |  ‚ôú  |  ‚ôö  |     |
  +-----+-----+-----+-----+-----+-----+-----+-----+
7 |  ‚ôü   |     |     |     |     |  ‚ôü  |  ‚ôü  |  ‚ôü  |
  +-----+-----+-----+-----+-----+-----+-----+-----+
6 |  ‚ôõ  |     |     |     |     |     |     |     |
  +-----+-----+-----+-----+-----+-----+-----+-----+
5 |     |  ‚ôï  |     |  ‚ôü  |  ‚ôñ  |  ‚ôô  |     |     |
  +-----+-----+-----+-----+-----+-----+-----+-----+
4 |  ‚ôô   |     |     |  ‚ôô  |     |     |     |     |
  +-----+-----+-----+-----+-----+-----+-----+-----+
3 |     |     |     |     |     |  ‚ôô  |     |     |
  +-----+-----+-----+-----+-----+-----+-----+-----+
2 |     |     |     |     |     |     |  ‚ôô  |  ‚ôô  |
  +-----+-----+-----+-----+-----+-----+-----+-----+
1 |     |     |  ‚ôñ  |     |     |     |  ‚ôî  |     |
  +-----+-----+-----+-----+-----+-----+-----+-----+
Coup (eg. a1a8) ? 

     a     b     c     d     e     f     g     h    
  +-----+-----+-----+-----+-----+-----+-----+-----+
8 |     |     |     |  ‚ôú  |     |  ‚ôú  |  ‚ôö  |     |
  +-----+-----+-----+-----+-----+-----+-----+-----+
7 |  ‚ôü   |     |     |     |     |  ‚ôü  |  ‚ôü  |  ‚ôü  |
  +-----+-----+-----+-----+-----+-----+-----+-----+
6 |     |  ‚ôõ  |     |     |     |     |     |     |
  +-----+-----+-----+-----+-----+-----+-----+-----+
5 |     |  ‚ôï  |     |  ‚ôü  |  ‚ôñ  |  ‚ôô  |     |     |
  +-----+-----+-----+-----+-----+-----+-----+-----+
4 |  ‚ôô   |     |     |  ‚ôô  |     |     |     |     |
  +-----+-----+-----+-----+-----+-----+-----+-----+
3 |     |     |     |     |     |  ‚ôô  |     |     |
  +-----+-----+-----+-----+-----+-----+-----+-----+
2 |     |     |     |     |     |     |  ‚ôô  |  ‚ôô  |
  +-----+-----+-----+-----+-----+-----+-----+-----+
1 |     |     |  ‚ôñ  |     |     |     |  ‚ôî  |     |
  +-----+-----+-----+-----+-----+-----+-----+-----+
Coup (eg. a1a8) ? 

     a     b     c     d     e     f     g     h    
  +-----+-----+-----+-----+-----+-----+-----+-----+
8 |     |     |     |  ‚ôú  |     |  ‚ôú  |  ‚ôö  |     |
  +-----+-----+-----+-----+-----+-----+-----+-----+
7 |  ‚ôü   |     |     |     |     |  ‚ôü  |  ‚ôü  |  ‚ôü  |
  +-----+-----+-----+-----+-----+-----+-----+-----+
6 |     |  ‚ôõ  |     |     |     |     |     |     |
  +-----+-----+-----+-----+-----+-----+-----+-----+
5 |     |  ‚ôï  |     |  ‚ôü  |  ‚ôñ  |  ‚ôô  |     |     |
  +-----+-----+-----+-----+-----+-----+-----+-----+
4 |  ‚ôô   |     |     |  ‚ôô  |     |     |     |     |
  +-----+-----+-----+-----+-----+-----+-----+-----+
3 |     |     |     |     |     |  ‚ôô  |     |     |
  +-----+-----+-----+-----+-----+-----+-----+-----+
2 |     |     |     |     |     |     |  ‚ôô  |  ‚ôô  |
  +-----+-----+-----+-----+-----+-----+-----+-----+
1 |     |     |     |  ‚ôñ  |     |     |  ‚ôî  |     |
  +-----+-----+-----+-----+-----+-----+-----+-----+
Coup (eg. a1a8) ? 

     a     b     c     d     e     f     g     h    
  +-----+-----+-----+-----+-----+-----+-----+-----+
8 |     |     |     |  ‚ôú  |     |  ‚ôú  |  ‚ôö  |     |
  +-----+-----+-----+-----+-----+-----+-----+-----+
7 |  ‚ôü   |     |     |     |     |  ‚ôü  |  ‚ôü  |  ‚ôü  |
  +-----+-----+-----+-----+-----+-----+-----+-----+
6 |     |     |     |  ‚ôõ  |     |     |     |     |
  +-----+-----+-----+-----+-----+-----+-----+-----+
5 |     |  ‚ôï  |     |  ‚ôü  |  ‚ôñ  |  ‚ôô  |     |     |
  +-----+-----+-----+-----+-----+-----+-----+-----+
4 |  ‚ôô   |     |     |  ‚ôô  |     |     |     |     |
  +-----+-----+-----+-----+-----+-----+-----+-----+
3 |     |     |     |     |     |  ‚ôô  |     |     |
  +-----+-----+-----+-----+-----+-----+-----+-----+
2 |     |     |     |     |     |     |  ‚ôô  |  ‚ôô  |
  +-----+-----+-----+-----+-----+-----+-----+-----+
1 |     |     |     |  ‚ôñ  |     |     |  ‚ôî  |     |
  +-----+-----+-----+-----+-----+-----+-----+-----+
Coup (eg. a1a8) ? 

     a     b     c     d     e     f     g     h    
  +-----+-----+-----+-----+-----+-----+-----+-----+
8 |     |     |     |  ‚ôú  |     |  ‚ôú  |  ‚ôö  |     |
  +-----+-----+-----+-----+-----+-----+-----+-----+
7 |  ‚ôü   |     |     |     |     |  ‚ôü  |  ‚ôü  |  ‚ôü  |
  +-----+-----+-----+-----+-----+-----+-----+-----+
6 |     |     |     |  ‚ôõ  |     |     |     |     |
  +-----+-----+-----+-----+-----+-----+-----+-----+
5 |     |  ‚ôï  |     |  ‚ôü  |  ‚ôñ  |  ‚ôô  |     |     |
  +-----+-----+-----+-----+-----+-----+-----+-----+
4 |  ‚ôô   |     |     |  ‚ôô  |     |     |     |     |
  +-----+-----+-----+-----+-----+-----+-----+-----+
3 |     |     |     |     |     |  ‚ôô  |     |     |
  +-----+-----+-----+-----+-----+-----+-----+-----+
2 |     |     |     |     |     |     |  ‚ôô  |  ‚ôô  |
  +-----+-----+-----+-----+-----+-----+-----+-----+
1 |     |     |     |     |  ‚ôñ  |     |  ‚ôî  |     |
  +-----+-----+-----+-----+-----+-----+-----+-----+
Coup (eg. a1a8) ? 

     a     b     c     d     e     f     g     h    
  +-----+-----+-----+-----+-----+-----+-----+-----+
8 |     |     |     |  ‚ôú  |     |  ‚ôú  |  ‚ôö  |     |
  +-----+-----+-----+-----+-----+-----+-----+-----+
7 |  ‚ôü   |     |     |     |     |  ‚ôü  |  ‚ôü  |  ‚ôü  |
  +-----+-----+-----+-----+-----+-----+-----+-----+
6 |     |     |     |     |     |     |     |     |
  +-----+-----+-----+-----+-----+-----+-----+-----+
5 |     |  ‚ôï  |     |  ‚ôü  |  ‚ôñ  |  ‚ôô  |     |     |
  +-----+-----+-----+-----+-----+-----+-----+-----+
4 |  ‚ôô   |     |     |  ‚ôô  |     |     |     |     |
  +-----+-----+-----+-----+-----+-----+-----+-----+
3 |  ‚ôõ  |     |     |     |     |  ‚ôô  |     |     |
  +-----+-----+-----+-----+-----+-----+-----+-----+
2 |     |     |     |     |     |     |  ‚ôô  |  ‚ôô  |
  +-----+-----+-----+-----+-----+-----+-----+-----+
1 |     |     |     |     |  ‚ôñ  |     |  ‚ôî  |     |
  +-----+-----+-----+-----+-----+-----+-----+-----+
Coup (eg. a1a8) ? 

     a     b     c     d     e     f     g     h    
  +-----+-----+-----+-----+-----+-----+-----+-----+
8 |     |     |     |  ‚ôú  |     |  ‚ôú  |  ‚ôö  |     |
  +-----+-----+-----+-----+-----+-----+-----+-----+
7 |  ‚ôü   |     |     |     |     |  ‚ôü  |  ‚ôü  |  ‚ôü  |
  +-----+-----+-----+-----+-----+-----+-----+-----+
6 |     |     |     |     |     |     |     |     |
  +-----+-----+-----+-----+-----+-----+-----+-----+
5 |  ‚ôï  |     |     |  ‚ôü  |  ‚ôñ  |  ‚ôô  |     |     |
  +-----+-----+-----+-----+-----+-----+-----+-----+
4 |  ‚ôô   |     |     |  ‚ôô  |     |     |     |     |
  +-----+-----+-----+-----+-----+-----+-----+-----+
3 |  ‚ôõ  |     |     |     |     |  ‚ôô  |     |     |
  +-----+-----+-----+-----+-----+-----+-----+-----+
2 |     |     |     |     |     |     |  ‚ôô  |  ‚ôô  |
  +-----+-----+-----+-----+-----+-----+-----+-----+
1 |     |     |     |     |  ‚ôñ  |     |  ‚ôî  |     |
  +-----+-----+-----+-----+-----+-----+-----+-----+
Coup (eg. a1a8) ? 

     a     b     c     d     e     f     g     h    
  +-----+-----+-----+-----+-----+-----+-----+-----+
8 |     |     |     |     |     |  ‚ôú  |  ‚ôö  |     |
  +-----+-----+-----+-----+-----+-----+-----+-----+
7 |  ‚ôü   |     |     |  ‚ôú  |     |  ‚ôü  |  ‚ôü  |  ‚ôü  |
  +-----+-----+-----+-----+-----+-----+-----+-----+
6 |     |     |     |     |     |     |     |     |
  +-----+-----+-----+-----+-----+-----+-----+-----+
5 |  ‚ôï  |     |     |  ‚ôü  |  ‚ôñ  |  ‚ôô  |     |     |
  +-----+-----+-----+-----+-----+-----+-----+-----+
4 |  ‚ôô   |     |     |  ‚ôô  |     |     |     |     |
  +-----+-----+-----+-----+-----+-----+-----+-----+
3 |  ‚ôõ  |     |     |     |     |  ‚ôô  |     |     |
  +-----+-----+-----+-----+-----+-----+-----+-----+
2 |     |     |     |     |     |     |  ‚ôô  |  ‚ôô  |
  +-----+-----+-----+-----+-----+-----+-----+-----+
1 |     |     |     |     |  ‚ôñ  |     |  ‚ôî  |     |
  +-----+-----+-----+-----+-----+-----+-----+-----+
Coup (eg. a1a8) ? 

     a     b     c     d     e     f     g     h    
  +-----+-----+-----+-----+-----+-----+-----+-----+
8 |     |     |     |     |     |  ‚ôú  |  ‚ôö  |     |
  +-----+-----+-----+-----+-----+-----+-----+-----+
7 |  ‚ôü   |     |     |  ‚ôú  |     |  ‚ôü  |  ‚ôü  |  ‚ôü  |
  +-----+-----+-----+-----+-----+-----+-----+-----+
6 |     |     |     |     |     |     |     |     |
  +-----+-----+-----+-----+-----+-----+-----+-----+
5 |     |  ‚ôï  |     |  ‚ôü  |  ‚ôñ  |  ‚ôô  |     |     |
  +-----+-----+-----+-----+-----+-----+-----+-----+
4 |  ‚ôô   |     |     |  ‚ôô  |     |     |     |     |
  +-----+-----+-----+-----+-----+-----+-----+-----+
3 |  ‚ôõ  |     |     |     |     |  ‚ôô  |     |     |
  +-----+-----+-----+-----+-----+-----+-----+-----+
2 |     |     |     |     |     |     |  ‚ôô  |  ‚ôô  |
  +-----+-----+-----+-----+-----+-----+-----+-----+
1 |     |     |     |     |  ‚ôñ  |     |  ‚ôî  |     |
  +-----+-----+-----+-----+-----+-----+-----+-----+
Coup (eg. a1a8) ? 

     a     b     c     d     e     f     g     h    
  +-----+-----+-----+-----+-----+-----+-----+-----+
8 |     |     |     |     |     |  ‚ôú  |  ‚ôö  |     |
  +-----+-----+-----+-----+-----+-----+-----+-----+
7 |  ‚ôü   |     |     |  ‚ôú  |     |  ‚ôü  |  ‚ôü  |  ‚ôü  |
  +-----+-----+-----+-----+-----+-----+-----+-----+
6 |     |     |     |  ‚ôõ  |     |     |     |     |
  +-----+-----+-----+-----+-----+-----+-----+-----+
5 |     |  ‚ôï  |     |  ‚ôü  |  ‚ôñ  |  ‚ôô  |     |     |
  +-----+-----+-----+-----+-----+-----+-----+-----+
4 |  ‚ôô   |     |     |  ‚ôô  |     |     |     |     |
  +-----+-----+-----+-----+-----+-----+-----+-----+
3 |     |     |     |     |     |  ‚ôô  |     |     |
  +-----+-----+-----+-----+-----+-----+-----+-----+
2 |     |     |     |     |     |     |  ‚ôô  |  ‚ôô  |
  +-----+-----+-----+-----+-----+-----+-----+-----+
1 |     |     |     |     |  ‚ôñ  |     |  ‚ôî  |     |
  +-----+-----+-----+-----+-----+-----+-----+-----+
Coup (eg. a1a8) ? 

     a     b     c     d     e     f     g     h    
  +-----+-----+-----+-----+-----+-----+-----+-----+
8 |     |     |     |     |     |  ‚ôú  |  ‚ôö  |     |
  +-----+-----+-----+-----+-----+-----+-----+-----+
7 |  ‚ôü   |     |     |  ‚ôú  |     |  ‚ôü  |  ‚ôü  |  ‚ôü  |
  +-----+-----+-----+-----+-----+-----+-----+-----+
6 |     |     |     |  ‚ôõ  |     |     |     |     |
  +-----+-----+-----+-----+-----+-----+-----+-----+
5 |     |  ‚ôï  |     |  ‚ôü  |  ‚ôñ  |  ‚ôô  |     |     |
  +-----+-----+-----+-----+-----+-----+-----+-----+
4 |  ‚ôô   |     |     |  ‚ôô  |     |     |     |     |
  +-----+-----+-----+-----+-----+-----+-----+-----+
3 |     |     |     |     |     |  ‚ôô  |     |     |
  +-----+-----+-----+-----+-----+-----+-----+-----+
2 |     |     |     |     |     |     |  ‚ôô  |  ‚ôô  |
  +-----+-----+-----+-----+-----+-----+-----+-----+
1 |     |     |  ‚ôñ  |     |     |     |  ‚ôî  |     |
  +-----+-----+-----+-----+-----+-----+-----+-----+
Coup (eg. a1a8) ? 

     a     b     c     d     e     f     g     h    
  +-----+-----+-----+-----+-----+-----+-----+-----+
8 |     |     |     |     |     |  ‚ôú  |  ‚ôö  |     |
  +-----+-----+-----+-----+-----+-----+-----+-----+
7 |  ‚ôü   |     |     |  ‚ôú  |     |  ‚ôü  |  ‚ôü  |     |
  +-----+-----+-----+-----+-----+-----+-----+-----+
6 |     |     |     |  ‚ôõ  |     |     |     |  ‚ôü  |
  +-----+-----+-----+-----+-----+-----+-----+-----+
5 |     |  ‚ôï  |     |  ‚ôü  |  ‚ôñ  |  ‚ôô  |     |     |
  +-----+-----+-----+-----+-----+-----+-----+-----+
4 |  ‚ôô   |     |     |  ‚ôô  |     |     |     |     |
  +-----+-----+-----+-----+-----+-----+-----+-----+
3 |     |     |     |     |     |  ‚ôô  |     |     |
  +-----+-----+-----+-----+-----+-----+-----+-----+
2 |     |     |     |     |     |     |  ‚ôô  |  ‚ôô  |
  +-----+-----+-----+-----+-----+-----+-----+-----+
1 |     |     |  ‚ôñ  |     |     |     |  ‚ôî  |     |
  +-----+-----+-----+-----+-----+-----+-----+-----+
Coup (eg. a1a8) ? 

     a     b     c     d     e     f     g     h    
  +-----+-----+-----+-----+-----+-----+-----+-----+
8 |     |     |     |     |     |  ‚ôú  |  ‚ôö  |     |
  +-----+-----+-----+-----+-----+-----+-----+-----+
7 |  ‚ôü   |     |     |  ‚ôú  |     |  ‚ôü  |  ‚ôü  |     |
  +-----+-----+-----+-----+-----+-----+-----+-----+
6 |     |     |     |  ‚ôõ  |     |     |     |  ‚ôü  |
  +-----+-----+-----+-----+-----+-----+-----+-----+
5 |     |     |  ‚ôï  |  ‚ôü  |  ‚ôñ  |  ‚ôô  |     |     |
  +-----+-----+-----+-----+-----+-----+-----+-----+
4 |  ‚ôô   |     |     |  ‚ôô  |     |     |     |     |
  +-----+-----+-----+-----+-----+-----+-----+-----+
3 |     |     |     |     |     |  ‚ôô  |     |     |
  +-----+-----+-----+-----+-----+-----+-----+-----+
2 |     |     |     |     |     |     |  ‚ôô  |  ‚ôô  |
  +-----+-----+-----+-----+-----+-----+-----+-----+
1 |     |     |  ‚ôñ  |     |     |     |  ‚ôî  |     |
  +-----+-----+-----+-----+-----+-----+-----+-----+
Coup (eg. a1a8) ? 

     a     b     c     d     e     f     g     h    
  +-----+-----+-----+-----+-----+-----+-----+-----+
8 |     |     |     |     |     |  ‚ôú  |  ‚ôö  |     |
  +-----+-----+-----+-----+-----+-----+-----+-----+
7 |  ‚ôü   |     |     |  ‚ôú  |     |  ‚ôü  |  ‚ôü  |     |
  +-----+-----+-----+-----+-----+-----+-----+-----+
6 |  ‚ôõ  |     |     |     |     |     |     |  ‚ôü  |
  +-----+-----+-----+-----+-----+-----+-----+-----+
5 |     |     |  ‚ôï  |  ‚ôü  |  ‚ôñ  |  ‚ôô  |     |     |
  +-----+-----+-----+-----+-----+-----+-----+-----+
4 |  ‚ôô   |     |     |  ‚ôô  |     |     |     |     |
  +-----+-----+-----+-----+-----+-----+-----+-----+
3 |     |     |     |     |     |  ‚ôô  |     |     |
  +-----+-----+-----+-----+-----+-----+-----+-----+
2 |     |     |     |     |     |     |  ‚ôô  |  ‚ôô  |
  +-----+-----+-----+-----+-----+-----+-----+-----+
1 |     |     |  ‚ôñ  |     |     |     |  ‚ôî  |     |
  +-----+-----+-----+-----+-----+-----+-----+-----+
Coup (eg. a1a8) ? 

     a     b     c     d     e     f     g     h    
  +-----+-----+-----+-----+-----+-----+-----+-----+
8 |     |     |     |     |     |  ‚ôú  |  ‚ôö  |     |
  +-----+-----+-----+-----+-----+-----+-----+-----+
7 |  ‚ôü   |     |     |  ‚ôú  |     |  ‚ôü  |  ‚ôü  |     |
  +-----+-----+-----+-----+-----+-----+-----+-----+
6 |  ‚ôõ  |     |     |     |     |     |     |  ‚ôü  |
  +-----+-----+-----+-----+-----+-----+-----+-----+
5 |     |  ‚ôï  |     |  ‚ôü  |  ‚ôñ  |  ‚ôô  |     |     |
  +-----+-----+-----+-----+-----+-----+-----+-----+
4 |  ‚ôô   |     |     |  ‚ôô  |     |     |     |     |
  +-----+-----+-----+-----+-----+-----+-----+-----+
3 |     |     |     |     |     |  ‚ôô  |     |     |
  +-----+-----+-----+-----+-----+-----+-----+-----+
2 |     |     |     |     |     |     |  ‚ôô  |  ‚ôô  |
  +-----+-----+-----+-----+-----+-----+-----+-----+
1 |     |     |  ‚ôñ  |     |     |     |  ‚ôî  |     |
  +-----+-----+-----+-----+-----+-----+-----+-----+
Coup (eg. a1a8) ? 

     a     b     c     d     e     f     g     h    
  +-----+-----+-----+-----+-----+-----+-----+-----+
8 |     |     |     |     |     |  ‚ôú  |  ‚ôö  |     |
  +-----+-----+-----+-----+-----+-----+-----+-----+
7 |  ‚ôü   |     |     |  ‚ôú  |     |  ‚ôü  |  ‚ôü  |     |
  +-----+-----+-----+-----+-----+-----+-----+-----+
6 |     |     |     |  ‚ôõ  |     |     |     |  ‚ôü  |
  +-----+-----+-----+-----+-----+-----+-----+-----+
5 |     |  ‚ôï  |     |  ‚ôü  |  ‚ôñ  |  ‚ôô  |     |     |
  +-----+-----+-----+-----+-----+-----+-----+-----+
4 |  ‚ôô   |     |     |  ‚ôô  |     |     |     |     |
  +-----+-----+-----+-----+-----+-----+-----+-----+
3 |     |     |     |     |     |  ‚ôô  |     |     |
  +-----+-----+-----+-----+-----+-----+-----+-----+
2 |     |     |     |     |     |     |  ‚ôô  |  ‚ôô  |
  +-----+-----+-----+-----+-----+-----+-----+-----+
1 |     |     |  ‚ôñ  |     |     |     |  ‚ôî  |     |
  +-----+-----+-----+-----+-----+-----+-----+-----+
Coup (eg. a1a8) ? 

     a     b     c     d     e     f     g     h    
  +-----+-----+-----+-----+-----+-----+-----+-----+
8 |     |     |     |     |     |  ‚ôú  |  ‚ôö  |     |
  +-----+-----+-----+-----+-----+-----+-----+-----+
7 |  ‚ôü   |     |     |  ‚ôú  |     |  ‚ôü  |  ‚ôü  |     |
  +-----+-----+-----+-----+-----+-----+-----+-----+
6 |     |     |     |  ‚ôõ  |     |     |     |  ‚ôü  |
  +-----+-----+-----+-----+-----+-----+-----+-----+
5 |     |  ‚ôï  |     |  ‚ôü  |  ‚ôñ  |  ‚ôô  |     |     |
  +-----+-----+-----+-----+-----+-----+-----+-----+
4 |  ‚ôô   |     |     |  ‚ôô  |     |     |     |  ‚ôô  |
  +-----+-----+-----+-----+-----+-----+-----+-----+
3 |     |     |     |     |     |  ‚ôô  |     |     |
  +-----+-----+-----+-----+-----+-----+-----+-----+
2 |     |     |     |     |     |     |  ‚ôô  |     |
  +-----+-----+-----+-----+-----+-----+-----+-----+
1 |     |     |  ‚ôñ  |     |     |     |  ‚ôî  |     |
  +-----+-----+-----+-----+-----+-----+-----+-----+
Coup (eg. a1a8) ? 

     a     b     c     d     e     f     g     h    
  +-----+-----+-----+-----+-----+-----+-----+-----+
8 |     |     |     |  ‚ôú  |     |     |  ‚ôö  |     |
  +-----+-----+-----+-----+-----+-----+-----+-----+
7 |  ‚ôü   |     |     |  ‚ôú  |     |  ‚ôü  |  ‚ôü  |     |
  +-----+-----+-----+-----+-----+-----+-----+-----+
6 |     |     |     |  ‚ôõ  |     |     |     |  ‚ôü  |
  +-----+-----+-----+-----+-----+-----+-----+-----+
5 |     |  ‚ôï  |     |  ‚ôü  |  ‚ôñ  |  ‚ôô  |     |     |
  +-----+-----+-----+-----+-----+-----+-----+-----+
4 |  ‚ôô   |     |     |  ‚ôô  |     |     |     |  ‚ôô  |
  +-----+-----+-----+-----+-----+-----+-----+-----+
3 |     |     |     |     |     |  ‚ôô  |     |     |
  +-----+-----+-----+-----+-----+-----+-----+-----+
2 |     |     |     |     |     |     |  ‚ôô  |     |
  +-----+-----+-----+-----+-----+-----+-----+-----+
1 |     |     |  ‚ôñ  |     |     |     |  ‚ôî  |     |
  +-----+-----+-----+-----+-----+-----+-----+-----+
Coup (eg. a1a8) ? 

     a     b     c     d     e     f     g     h    
  +-----+-----+-----+-----+-----+-----+-----+-----+
8 |     |     |     |  ‚ôú  |     |     |  ‚ôö  |     |
  +-----+-----+-----+-----+-----+-----+-----+-----+
7 |  ‚ôü   |     |     |  ‚ôú  |     |  ‚ôü  |  ‚ôü  |     |
  +-----+-----+-----+-----+-----+-----+-----+-----+
6 |     |     |     |  ‚ôõ  |     |     |     |  ‚ôü  |
  +-----+-----+-----+-----+-----+-----+-----+-----+
5 |     |  ‚ôï  |  ‚ôñ  |  ‚ôü  |  ‚ôñ  |  ‚ôô  |     |     |
  +-----+-----+-----+-----+-----+-----+-----+-----+
4 |  ‚ôô   |     |     |  ‚ôô  |     |     |     |  ‚ôô  |
  +-----+-----+-----+-----+-----+-----+-----+-----+
3 |     |     |     |     |     |  ‚ôô  |     |     |
  +-----+-----+-----+-----+-----+-----+-----+-----+
2 |     |     |     |     |     |     |  ‚ôô  |     |
  +-----+-----+-----+-----+-----+-----+-----+-----+
1 |     |     |     |     |     |     |  ‚ôî  |     |
  +-----+-----+-----+-----+-----+-----+-----+-----+
Coup (eg. a1a8) ? 

     a     b     c     d     e     f     g     h    
  +-----+-----+-----+-----+-----+-----+-----+-----+
8 |     |     |     |  ‚ôú  |     |     |  ‚ôö  |     |
  +-----+-----+-----+-----+-----+-----+-----+-----+
7 |  ‚ôü   |     |     |  ‚ôú  |     |  ‚ôü  |  ‚ôü  |     |
  +-----+-----+-----+-----+-----+-----+-----+-----+
6 |     |  ‚ôõ  |     |     |     |     |     |  ‚ôü  |
  +-----+-----+-----+-----+-----+-----+-----+-----+
5 |     |  ‚ôï  |  ‚ôñ  |  ‚ôü  |  ‚ôñ  |  ‚ôô  |     |     |
  +-----+-----+-----+-----+-----+-----+-----+-----+
4 |  ‚ôô   |     |     |  ‚ôô  |     |     |     |  ‚ôô  |
  +-----+-----+-----+-----+-----+-----+-----+-----+
3 |     |     |     |     |     |  ‚ôô  |     |     |
  +-----+-----+-----+-----+-----+-----+-----+-----+
2 |     |     |     |     |     |     |  ‚ôô  |     |
  +-----+-----+-----+-----+-----+-----+-----+-----+
1 |     |     |     |     |     |     |  ‚ôî  |     |
  +-----+-----+-----+-----+-----+-----+-----+-----+
Coup (eg. a1a8) ? 

     a     b     c     d     e     f     g     h    
  +-----+-----+-----+-----+-----+-----+-----+-----+
8 |     |     |     |  ‚ôú  |     |     |  ‚ôö  |     |
  +-----+-----+-----+-----+-----+-----+-----+-----+
7 |  ‚ôü   |     |     |  ‚ôú  |     |  ‚ôü  |  ‚ôü  |     |
  +-----+-----+-----+-----+-----+-----+-----+-----+
6 |     |  ‚ôõ  |     |     |     |     |     |  ‚ôü  |
  +-----+-----+-----+-----+-----+-----+-----+-----+
5 |     |  ‚ôï  |  ‚ôñ  |  ‚ôü  |  ‚ôñ  |  ‚ôô  |     |     |
  +-----+-----+-----+-----+-----+-----+-----+-----+
4 |  ‚ôô   |     |     |  ‚ôô  |     |     |     |  ‚ôô  |
  +-----+-----+-----+-----+-----+-----+-----+-----+
3 |     |     |     |     |     |  ‚ôô  |     |     |
  +-----+-----+-----+-----+-----+-----+-----+-----+
2 |     |     |     |     |     |     |  ‚ôô  |  ‚ôî  |
  +-----+-----+-----+-----+-----+-----+-----+-----+
1 |     |     |     |     |     |     |     |     |
  +-----+-----+-----+-----+-----+-----+-----+-----+
Coup (eg. a1a8) ? 

     a     b     c     d     e     f     g     h    
  +-----+-----+-----+-----+-----+-----+-----+-----+
8 |     |     |     |  ‚ôú  |     |     |  ‚ôö  |     |
  +-----+-----+-----+-----+-----+-----+-----+-----+
7 |  ‚ôü   |     |     |  ‚ôú  |     |  ‚ôü  |  ‚ôü  |     |
  +-----+-----+-----+-----+-----+-----+-----+-----+
6 |     |     |     |     |     |  ‚ôõ  |     |  ‚ôü  |
  +-----+-----+-----+-----+-----+-----+-----+-----+
5 |     |  ‚ôï  |  ‚ôñ  |  ‚ôü  |  ‚ôñ  |  ‚ôô  |     |     |
  +-----+-----+-----+-----+-----+-----+-----+-----+
4 |  ‚ôô   |     |     |  ‚ôô  |     |     |     |  ‚ôô  |
  +-----+-----+-----+-----+-----+-----+-----+-----+
3 |     |     |     |     |     |  ‚ôô  |     |     |
  +-----+-----+-----+-----+-----+-----+-----+-----+
2 |     |     |     |     |     |     |  ‚ôô  |  ‚ôî  |
  +-----+-----+-----+-----+-----+-----+-----+-----+
1 |     |     |     |     |     |     |     |     |
  +-----+-----+-----+-----+-----+-----+-----+-----+
Coup (eg. a1a8) ? 

     a     b     c     d     e     f     g     h    
  +-----+-----+-----+-----+-----+-----+-----+-----+
8 |     |     |     |  ‚ôú  |     |     |  ‚ôö  |     |
  +-----+-----+-----+-----+-----+-----+-----+-----+
7 |  ‚ôü   |     |     |  ‚ôú  |     |  ‚ôü  |  ‚ôü  |     |
  +-----+-----+-----+-----+-----+-----+-----+-----+
6 |     |     |     |     |     |  ‚ôõ  |     |  ‚ôü  |
  +-----+-----+-----+-----+-----+-----+-----+-----+
5 |     |  ‚ôï  |  ‚ôñ  |  ‚ôü  |  ‚ôñ  |  ‚ôô  |     |     |
  +-----+-----+-----+-----+-----+-----+-----+-----+
4 |  ‚ôô   |     |     |  ‚ôô  |     |     |     |  ‚ôô  |
  +-----+-----+-----+-----+-----+-----+-----+-----+
3 |     |     |     |     |     |  ‚ôô  |  ‚ôî  |     |
  +-----+-----+-----+-----+-----+-----+-----+-----+
2 |     |     |     |     |     |     |  ‚ôô  |     |
  +-----+-----+-----+-----+-----+-----+-----+-----+
1 |     |     |     |     |     |     |     |     |
  +-----+-----+-----+-----+-----+-----+-----+-----+
Coup (eg. a1a8) ? 

     a     b     c     d     e     f     g     h    
  +-----+-----+-----+-----+-----+-----+-----+-----+
8 |     |     |     |  ‚ôú  |     |     |  ‚ôö  |     |
  +-----+-----+-----+-----+-----+-----+-----+-----+
7 |     |     |     |  ‚ôú  |     |  ‚ôü  |  ‚ôü  |     |
  +-----+-----+-----+-----+-----+-----+-----+-----+
6 |  ‚ôü   |     |     |     |     |  ‚ôõ  |     |  ‚ôü  |
  +-----+-----+-----+-----+-----+-----+-----+-----+
5 |     |  ‚ôï  |  ‚ôñ  |  ‚ôü  |  ‚ôñ  |  ‚ôô  |     |     |
  +-----+-----+-----+-----+-----+-----+-----+-----+
4 |  ‚ôô   |     |     |  ‚ôô  |     |     |     |  ‚ôô  |
  +-----+-----+-----+-----+-----+-----+-----+-----+
3 |     |     |     |     |     |  ‚ôô  |  ‚ôî  |     |
  +-----+-----+-----+-----+-----+-----+-----+-----+
2 |     |     |     |     |     |     |  ‚ôô  |     |
  +-----+-----+-----+-----+-----+-----+-----+-----+
1 |     |     |     |     |     |     |     |     |
  +-----+-----+-----+-----+-----+-----+-----+-----+
Coup (eg. a1a8) ? 

     a     b     c     d     e     f     g     h    
  +-----+-----+-----+-----+-----+-----+-----+-----+
8 |     |     |     |  ‚ôú  |     |     |  ‚ôö  |     |
  +-----+-----+-----+-----+-----+-----+-----+-----+
7 |     |     |     |  ‚ôú  |     |  ‚ôü  |  ‚ôü  |     |
  +-----+-----+-----+-----+-----+-----+-----+-----+
6 |  ‚ôü   |     |  ‚ôï  |     |     |  ‚ôõ  |     |  ‚ôü  |
  +-----+-----+-----+-----+-----+-----+-----+-----+
5 |     |     |  ‚ôñ  |  ‚ôü  |  ‚ôñ  |  ‚ôô  |     |     |
  +-----+-----+-----+-----+-----+-----+-----+-----+
4 |  ‚ôô   |     |     |  ‚ôô  |     |     |     |  ‚ôô  |
  +-----+-----+-----+-----+-----+-----+-----+-----+
3 |     |     |     |     |     |  ‚ôô  |  ‚ôî  |     |
  +-----+-----+-----+-----+-----+-----+-----+-----+
2 |     |     |     |     |     |     |  ‚ôô  |     |
  +-----+-----+-----+-----+-----+-----+-----+-----+
1 |     |     |     |     |     |     |     |     |
  +-----+-----+-----+-----+-----+-----+-----+-----+
Coup (eg. a1a8) ? 

     a     b     c     d     e     f     g     h    
  +-----+-----+-----+-----+-----+-----+-----+-----+
8 |     |     |     |  ‚ôú  |     |     |  ‚ôö  |     |
  +-----+-----+-----+-----+-----+-----+-----+-----+
7 |     |     |     |     |     |  ‚ôü  |  ‚ôü  |     |
  +-----+-----+-----+-----+-----+-----+-----+-----+
6 |  ‚ôü   |     |  ‚ôï  |  ‚ôú  |     |  ‚ôõ  |     |  ‚ôü  |
  +-----+-----+-----+-----+-----+-----+-----+-----+
5 |     |     |  ‚ôñ  |  ‚ôü  |  ‚ôñ  |  ‚ôô  |     |     |
  +-----+-----+-----+-----+-----+-----+-----+-----+
4 |  ‚ôô   |     |     |  ‚ôô  |     |     |     |  ‚ôô  |
  +-----+-----+-----+-----+-----+-----+-----+-----+
3 |     |     |     |     |     |  ‚ôô  |  ‚ôî  |     |
  +-----+-----+-----+-----+-----+-----+-----+-----+
2 |     |     |     |     |     |     |  ‚ôô  |     |
  +-----+-----+-----+-----+-----+-----+-----+-----+
1 |     |     |     |     |     |     |     |     |
  +-----+-----+-----+-----+-----+-----+-----+-----+
Coup (eg. a1a8) ? 

     a     b     c     d     e     f     g     h    
  +-----+-----+-----+-----+-----+-----+-----+-----+
8 |     |     |     |  ‚ôú  |     |     |  ‚ôö  |     |
  +-----+-----+-----+-----+-----+-----+-----+-----+
7 |     |     |  ‚ôï  |     |     |  ‚ôü  |  ‚ôü  |     |
  +-----+-----+-----+-----+-----+-----+-----+-----+
6 |  ‚ôü   |     |     |  ‚ôú  |     |  ‚ôõ  |     |  ‚ôü  |
  +-----+-----+-----+-----+-----+-----+-----+-----+
5 |     |     |  ‚ôñ  |  ‚ôü  |  ‚ôñ  |  ‚ôô  |     |     |
  +-----+-----+-----+-----+-----+-----+-----+-----+
4 |  ‚ôô   |     |     |  ‚ôô  |     |     |     |  ‚ôô  |
  +-----+-----+-----+-----+-----+-----+-----+-----+
3 |     |     |     |     |     |  ‚ôô  |  ‚ôî  |     |
  +-----+-----+-----+-----+-----+-----+-----+-----+
2 |     |     |     |     |     |     |  ‚ôô  |     |
  +-----+-----+-----+-----+-----+-----+-----+-----+
1 |     |     |     |     |     |     |     |     |
  +-----+-----+-----+-----+-----+-----+-----+-----+
Coup (eg. a1a8) ? 

     a     b     c     d     e     f     g     h    
  +-----+-----+-----+-----+-----+-----+-----+-----+
8 |     |     |     |  ‚ôú  |     |     |  ‚ôö  |     |
  +-----+-----+-----+-----+-----+-----+-----+-----+
7 |     |     |  ‚ôï  |  ‚ôú  |     |  ‚ôü  |  ‚ôü  |     |
  +-----+-----+-----+-----+-----+-----+-----+-----+
6 |  ‚ôü   |     |     |     |     |  ‚ôõ  |     |  ‚ôü  |
  +-----+-----+-----+-----+-----+-----+-----+-----+
5 |     |     |  ‚ôñ  |  ‚ôü  |  ‚ôñ  |  ‚ôô  |     |     |
  +-----+-----+-----+-----+-----+-----+-----+-----+
4 |  ‚ôô   |     |     |  ‚ôô  |     |     |     |  ‚ôô  |
  +-----+-----+-----+-----+-----+-----+-----+-----+
3 |     |     |     |     |     |  ‚ôô  |  ‚ôî  |     |
  +-----+-----+-----+-----+-----+-----+-----+-----+
2 |     |     |     |     |     |     |  ‚ôô  |     |
  +-----+-----+-----+-----+-----+-----+-----+-----+
1 |     |     |     |     |     |     |     |     |
  +-----+-----+-----+-----+-----+-----+-----+-----+
Coup (eg. a1a8) ? 

     a     b     c     d     e     f     g     h    
  +-----+-----+-----+-----+-----+-----+-----+-----+
8 |     |     |     |  ‚ôú  |     |     |  ‚ôö  |     |
  +-----+-----+-----+-----+-----+-----+-----+-----+
7 |     |     |     |  ‚ôú  |     |  ‚ôü  |  ‚ôü  |     |
  +-----+-----+-----+-----+-----+-----+-----+-----+
6 |  ‚ôü   |     |  ‚ôï  |     |     |  ‚ôõ  |     |  ‚ôü  |
  +-----+-----+-----+-----+-----+-----+-----+-----+
5 |     |     |  ‚ôñ  |  ‚ôü  |  ‚ôñ  |  ‚ôô  |     |     |
  +-----+-----+-----+-----+-----+-----+-----+-----+
4 |  ‚ôô   |     |     |  ‚ôô  |     |     |     |  ‚ôô  |
  +-----+-----+-----+-----+-----+-----+-----+-----+
3 |     |     |     |     |     |  ‚ôô  |  ‚ôî  |     |
  +-----+-----+-----+-----+-----+-----+-----+-----+
2 |     |     |     |     |     |     |  ‚ôô  |     |
  +-----+-----+-----+-----+-----+-----+-----+-----+
1 |     |     |     |     |     |     |     |     |
  +-----+-----+-----+-----+-----+-----+-----+-----+
Coup (eg. a1a8) ? 

     a     b     c     d     e     f     g     h    
  +-----+-----+-----+-----+-----+-----+-----+-----+
8 |     |     |     |  ‚ôú  |     |     |  ‚ôö  |     |
  +-----+-----+-----+-----+-----+-----+-----+-----+
7 |     |     |     |     |     |  ‚ôü  |  ‚ôü  |     |
  +-----+-----+-----+-----+-----+-----+-----+-----+
6 |  ‚ôü   |     |  ‚ôï  |  ‚ôú  |     |  ‚ôõ  |     |  ‚ôü  |
  +-----+-----+-----+-----+-----+-----+-----+-----+
5 |     |     |  ‚ôñ  |  ‚ôü  |  ‚ôñ  |  ‚ôô  |     |     |
  +-----+-----+-----+-----+-----+-----+-----+-----+
4 |  ‚ôô   |     |     |  ‚ôô  |     |     |     |  ‚ôô  |
  +-----+-----+-----+-----+-----+-----+-----+-----+
3 |     |     |     |     |     |  ‚ôô  |  ‚ôî  |     |
  +-----+-----+-----+-----+-----+-----+-----+-----+
2 |     |     |     |     |     |     |  ‚ôô  |     |
  +-----+-----+-----+-----+-----+-----+-----+-----+
1 |     |     |     |     |     |     |     |     |
  +-----+-----+-----+-----+-----+-----+-----+-----+
Coup (eg. a1a8) ? 

     a     b     c     d     e     f     g     h    
  +-----+-----+-----+-----+-----+-----+-----+-----+
8 |     |     |     |  ‚ôú  |     |     |  ‚ôö  |     |
  +-----+-----+-----+-----+-----+-----+-----+-----+
7 |     |  ‚ôï  |     |     |     |  ‚ôü  |  ‚ôü  |     |
  +-----+-----+-----+-----+-----+-----+-----+-----+
6 |  ‚ôü   |     |     |  ‚ôú  |     |  ‚ôõ  |     |  ‚ôü  |
  +-----+-----+-----+-----+-----+-----+-----+-----+
5 |     |     |  ‚ôñ  |  ‚ôü  |  ‚ôñ  |  ‚ôô  |     |     |
  +-----+-----+-----+-----+-----+-----+-----+-----+
4 |  ‚ôô   |     |     |  ‚ôô  |     |     |     |  ‚ôô  |
  +-----+-----+-----+-----+-----+-----+-----+-----+
3 |     |     |     |     |     |  ‚ôô  |  ‚ôî  |     |
  +-----+-----+-----+-----+-----+-----+-----+-----+
2 |     |     |     |     |     |     |  ‚ôô  |     |
  +-----+-----+-----+-----+-----+-----+-----+-----+
1 |     |     |     |     |     |     |     |     |
  +-----+-----+-----+-----+-----+-----+-----+-----+
Coup (eg. a1a8) ? 

     a     b     c     d     e     f     g     h    
  +-----+-----+-----+-----+-----+-----+-----+-----+
8 |     |     |     |  ‚ôú  |     |     |  ‚ôö  |     |
  +-----+-----+-----+-----+-----+-----+-----+-----+
7 |     |  ‚ôï  |     |  ‚ôú  |     |  ‚ôü  |  ‚ôü  |     |
  +-----+-----+-----+-----+-----+-----+-----+-----+
6 |  ‚ôü   |     |     |     |     |  ‚ôõ  |     |  ‚ôü  |
  +-----+-----+-----+-----+-----+-----+-----+-----+
5 |     |     |  ‚ôñ  |  ‚ôü  |  ‚ôñ  |  ‚ôô  |     |     |
  +-----+-----+-----+-----+-----+-----+-----+-----+
4 |  ‚ôô   |     |     |  ‚ôô  |     |     |     |  ‚ôô  |
  +-----+-----+-----+-----+-----+-----+-----+-----+
3 |     |     |     |     |     |  ‚ôô  |  ‚ôî  |     |
  +-----+-----+-----+-----+-----+-----+-----+-----+
2 |     |     |     |     |     |     |  ‚ôô  |     |
  +-----+-----+-----+-----+-----+-----+-----+-----+
1 |     |     |     |     |     |     |     |     |
  +-----+-----+-----+-----+-----+-----+-----+-----+
Coup (eg. a1a8) ? 

     a     b     c     d     e     f     g     h    
  +-----+-----+-----+-----+-----+-----+-----+-----+
8 |     |     |     |  ‚ôú  |     |     |  ‚ôö  |     |
  +-----+-----+-----+-----+-----+-----+-----+-----+
7 |     |     |     |  ‚ôú  |     |  ‚ôü  |  ‚ôü  |     |
  +-----+-----+-----+-----+-----+-----+-----+-----+
6 |  ‚ôü   |     |     |     |     |  ‚ôõ  |     |  ‚ôü  |
  +-----+-----+-----+-----+-----+-----+-----+-----+
5 |     |     |  ‚ôñ  |  ‚ôü  |  ‚ôñ  |  ‚ôô  |     |     |
  +-----+-----+-----+-----+-----+-----+-----+-----+
4 |  ‚ôô   |     |     |  ‚ôô  |     |     |     |  ‚ôô  |
  +-----+-----+-----+-----+-----+-----+-----+-----+
3 |     |  ‚ôï  |     |     |     |  ‚ôô  |  ‚ôî  |     |
  +-----+-----+-----+-----+-----+-----+-----+-----+
2 |     |     |     |     |     |     |  ‚ôô  |     |
  +-----+-----+-----+-----+-----+-----+-----+-----+
1 |     |     |     |     |     |     |     |     |
  +-----+-----+-----+-----+-----+-----+-----+-----+
Coup (eg. a1a8) ? 

     a     b     c     d     e     f     g     h    
  +-----+-----+-----+-----+-----+-----+-----+-----+
8 |     |     |     |  ‚ôú  |     |     |  ‚ôö  |     |
  +-----+-----+-----+-----+-----+-----+-----+-----+
7 |     |     |     |  ‚ôú  |     |  ‚ôü  |  ‚ôü  |     |
  +-----+-----+-----+-----+-----+-----+-----+-----+
6 |  ‚ôü   |     |     |  ‚ôõ  |     |     |     |  ‚ôü  |
  +-----+-----+-----+-----+-----+-----+-----+-----+
5 |     |     |  ‚ôñ  |  ‚ôü  |  ‚ôñ  |  ‚ôô  |     |     |
  +-----+-----+-----+-----+-----+-----+-----+-----+
4 |  ‚ôô   |     |     |  ‚ôô  |     |     |     |  ‚ôô  |
  +-----+-----+-----+-----+-----+-----+-----+-----+
3 |     |  ‚ôï  |     |     |     |  ‚ôô  |  ‚ôî  |     |
  +-----+-----+-----+-----+-----+-----+-----+-----+
2 |     |     |     |     |     |     |  ‚ôô  |     |
  +-----+-----+-----+-----+-----+-----+-----+-----+
1 |     |     |     |     |     |     |     |     |
  +-----+-----+-----+-----+-----+-----+-----+-----+
Coup (eg. a1a8) ? 

     a     b     c     d     e     f     g     h    
  +-----+-----+-----+-----+-----+-----+-----+-----+
8 |     |     |     |  ‚ôú  |     |     |  ‚ôö  |     |
  +-----+-----+-----+-----+-----+-----+-----+-----+
7 |     |     |     |  ‚ôú  |     |  ‚ôü  |  ‚ôü  |     |
  +-----+-----+-----+-----+-----+-----+-----+-----+
6 |  ‚ôü   |     |     |  ‚ôõ  |     |     |     |  ‚ôü  |
  +-----+-----+-----+-----+-----+-----+-----+-----+
5 |     |     |  ‚ôñ  |  ‚ôü  |  ‚ôñ  |  ‚ôô  |     |     |
  +-----+-----+-----+-----+-----+-----+-----+-----+
4 |  ‚ôô   |     |     |  ‚ôô  |     |     |     |  ‚ôô  |
  +-----+-----+-----+-----+-----+-----+-----+-----+
3 |     |  ‚ôï  |     |     |     |  ‚ôô  |     |  ‚ôî  |
  +-----+-----+-----+-----+-----+-----+-----+-----+
2 |     |     |     |     |     |     |  ‚ôô  |     |
  +-----+-----+-----+-----+-----+-----+-----+-----+
1 |     |     |     |     |     |     |     |     |
  +-----+-----+-----+-----+-----+-----+-----+-----+
Coup (eg. a1a8) ? 

     a     b     c     d     e     f     g     h    
  +-----+-----+-----+-----+-----+-----+-----+-----+
8 |     |     |     |  ‚ôú  |     |     |     |     |
  +-----+-----+-----+-----+-----+-----+-----+-----+
7 |     |     |     |  ‚ôú  |     |  ‚ôü  |  ‚ôü  |  ‚ôö  |
  +-----+-----+-----+-----+-----+-----+-----+-----+
6 |  ‚ôü   |     |     |  ‚ôõ  |     |     |     |  ‚ôü  |
  +-----+-----+-----+-----+-----+-----+-----+-----+
5 |     |     |  ‚ôñ  |  ‚ôü  |  ‚ôñ  |  ‚ôô  |     |     |
  +-----+-----+-----+-----+-----+-----+-----+-----+
4 |  ‚ôô   |     |     |  ‚ôô  |     |     |     |  ‚ôô  |
  +-----+-----+-----+-----+-----+-----+-----+-----+
3 |     |  ‚ôï  |     |     |     |  ‚ôô  |     |  ‚ôî  |
  +-----+-----+-----+-----+-----+-----+-----+-----+
2 |     |     |     |     |     |     |  ‚ôô  |     |
  +-----+-----+-----+-----+-----+-----+-----+-----+
1 |     |     |     |     |     |     |     |     |
  +-----+-----+-----+-----+-----+-----+-----+-----+
Coup (eg. a1a8) ? 

     a     b     c     d     e     f     g     h    
  +-----+-----+-----+-----+-----+-----+-----+-----+
8 |     |     |     |  ‚ôú  |     |     |     |     |
  +-----+-----+-----+-----+-----+-----+-----+-----+
7 |     |     |     |  ‚ôú  |     |  ‚ôü  |  ‚ôü  |  ‚ôö  |
  +-----+-----+-----+-----+-----+-----+-----+-----+
6 |  ‚ôü   |     |     |  ‚ôõ  |     |     |     |  ‚ôü  |
  +-----+-----+-----+-----+-----+-----+-----+-----+
5 |     |     |  ‚ôñ  |  ‚ôü  |  ‚ôñ  |  ‚ôô  |     |     |
  +-----+-----+-----+-----+-----+-----+-----+-----+
4 |  ‚ôô   |     |     |  ‚ôô  |     |     |     |  ‚ôô  |
  +-----+-----+-----+-----+-----+-----+-----+-----+
3 |     |  ‚ôï  |     |     |     |  ‚ôô  |  ‚ôô  |  ‚ôî  |
  +-----+-----+-----+-----+-----+-----+-----+-----+
2 |     |     |     |     |     |     |     |     |
  +-----+-----+-----+-----+-----+-----+-----+-----+
1 |     |     |     |     |     |     |     |     |
  +-----+-----+-----+-----+-----+-----+-----+-----+
Coup (eg. a1a8) ? 

     a     b     c     d     e     f     g     h    
  +-----+-----+-----+-----+-----+-----+-----+-----+
8 |     |     |     |  ‚ôú  |     |     |  ‚ôö  |     |
  +-----+-----+-----+-----+-----+-----+-----+-----+
7 |     |     |     |  ‚ôú  |     |  ‚ôü  |  ‚ôü  |     |
  +-----+-----+-----+-----+-----+-----+-----+-----+
6 |  ‚ôü   |     |     |  ‚ôõ  |     |     |     |  ‚ôü  |
  +-----+-----+-----+-----+-----+-----+-----+-----+
5 |     |     |  ‚ôñ  |  ‚ôü  |  ‚ôñ  |  ‚ôô  |     |     |
  +-----+-----+-----+-----+-----+-----+-----+-----+
4 |  ‚ôô   |     |     |  ‚ôô  |     |     |     |  ‚ôô  |
  +-----+-----+-----+-----+-----+-----+-----+-----+
3 |     |  ‚ôï  |     |     |     |  ‚ôô  |  ‚ôô  |  ‚ôî  |
  +-----+-----+-----+-----+-----+-----+-----+-----+
2 |     |     |     |     |     |     |     |     |
  +-----+-----+-----+-----+-----+-----+-----+-----+
1 |     |     |     |     |     |     |     |     |
  +-----+-----+-----+-----+-----+-----+-----+-----+
Coup (eg. a1a8) ? 

     a     b     c     d     e     f     g     h    
  +-----+-----+-----+-----+-----+-----+-----+-----+
8 |     |     |     |  ‚ôú  |     |     |  ‚ôö  |     |
  +-----+-----+-----+-----+-----+-----+-----+-----+
7 |     |     |     |  ‚ôú  |     |  ‚ôü  |  ‚ôü  |     |
  +-----+-----+-----+-----+-----+-----+-----+-----+
6 |  ‚ôü   |     |     |  ‚ôõ  |     |     |     |  ‚ôü  |
  +-----+-----+-----+-----+-----+-----+-----+-----+
5 |     |     |  ‚ôñ  |  ‚ôü  |  ‚ôñ  |  ‚ôô  |     |  ‚ôô  |
  +-----+-----+-----+-----+-----+-----+-----+-----+
4 |  ‚ôô   |     |     |  ‚ôô  |     |     |     |     |
  +-----+-----+-----+-----+-----+-----+-----+-----+
3 |     |  ‚ôï  |     |     |     |  ‚ôô  |  ‚ôô  |  ‚ôî  |
  +-----+-----+-----+-----+-----+-----+-----+-----+
2 |     |     |     |     |     |     |     |     |
  +-----+-----+-----+-----+-----+-----+-----+-----+
1 |     |     |     |     |     |     |     |     |
  +-----+-----+-----+-----+-----+-----+-----+-----+
Coup (eg. a1a8) ? 

     a     b     c     d     e     f     g     h    
  +-----+-----+-----+-----+-----+-----+-----+-----+
8 |     |     |     |  ‚ôú  |     |     |     |  ‚ôö  |
  +-----+-----+-----+-----+-----+-----+-----+-----+
7 |     |     |     |  ‚ôú  |     |  ‚ôü  |  ‚ôü  |     |
  +-----+-----+-----+-----+-----+-----+-----+-----+
6 |  ‚ôü   |     |     |  ‚ôõ  |     |     |     |  ‚ôü  |
  +-----+-----+-----+-----+-----+-----+-----+-----+
5 |     |     |  ‚ôñ  |  ‚ôü  |  ‚ôñ  |  ‚ôô  |     |  ‚ôô  |
  +-----+-----+-----+-----+-----+-----+-----+-----+
4 |  ‚ôô   |     |     |  ‚ôô  |     |     |     |     |
  +-----+-----+-----+-----+-----+-----+-----+-----+
3 |     |  ‚ôï  |     |     |     |  ‚ôô  |  ‚ôô  |  ‚ôî  |
  +-----+-----+-----+-----+-----+-----+-----+-----+
2 |     |     |     |     |     |     |     |     |
  +-----+-----+-----+-----+-----+-----+-----+-----+
1 |     |     |     |     |     |     |     |     |
  +-----+-----+-----+-----+-----+-----+-----+-----+
Coup (eg. a1a8) ? 

     a     b     c     d     e     f     g     h    
  +-----+-----+-----+-----+-----+-----+-----+-----+
8 |     |     |     |  ‚ôú  |     |     |     |  ‚ôö  |
  +-----+-----+-----+-----+-----+-----+-----+-----+
7 |     |     |     |  ‚ôú  |     |  ‚ôü  |  ‚ôü  |     |
  +-----+-----+-----+-----+-----+-----+-----+-----+
6 |  ‚ôü   |     |     |  ‚ôõ  |     |     |     |  ‚ôü  |
  +-----+-----+-----+-----+-----+-----+-----+-----+
5 |     |     |  ‚ôñ  |  ‚ôü  |  ‚ôñ  |  ‚ôô  |     |  ‚ôô  |
  +-----+-----+-----+-----+-----+-----+-----+-----+
4 |  ‚ôô   |     |     |  ‚ôô  |     |     |     |     |
  +-----+-----+-----+-----+-----+-----+-----+-----+
3 |     |  ‚ôï  |     |     |     |  ‚ôô  |  ‚ôô  |     |
  +-----+-----+-----+-----+-----+-----+-----+-----+
2 |     |     |     |     |     |     |  ‚ôî  |     |
  +-----+-----+-----+-----+-----+-----+-----+-----+
1 |     |     |     |     |     |     |     |     |
  +-----+-----+-----+-----+-----+-----+-----+-----+
Coup (eg. a1a8) ? 

     a     b     c     d     e     f     g     h    
  +-----+-----+-----+-----+-----+-----+-----+-----+
8 |     |     |     |  ‚ôú  |     |     |     |     |
  +-----+-----+-----+-----+-----+-----+-----+-----+
7 |     |     |     |  ‚ôú  |     |  ‚ôü  |  ‚ôü  |  ‚ôö  |
  +-----+-----+-----+-----+-----+-----+-----+-----+
6 |  ‚ôü   |     |     |  ‚ôõ  |     |     |     |  ‚ôü  |
  +-----+-----+-----+-----+-----+-----+-----+-----+
5 |     |     |  ‚ôñ  |  ‚ôü  |  ‚ôñ  |  ‚ôô  |     |  ‚ôô  |
  +-----+-----+-----+-----+-----+-----+-----+-----+
4 |  ‚ôô   |     |     |  ‚ôô  |     |     |     |     |
  +-----+-----+-----+-----+-----+-----+-----+-----+
3 |     |  ‚ôï  |     |     |     |  ‚ôô  |  ‚ôô  |     |
  +-----+-----+-----+-----+-----+-----+-----+-----+
2 |     |     |     |     |     |     |  ‚ôî  |     |
  +-----+-----+-----+-----+-----+-----+-----+-----+
1 |     |     |     |     |     |     |     |     |
  +-----+-----+-----+-----+-----+-----+-----+-----+
Coup (eg. a1a8) ? 

     a     b     c     d     e     f     g     h    
  +-----+-----+-----+-----+-----+-----+-----+-----+
8 |     |     |     |  ‚ôú  |     |     |     |     |
  +-----+-----+-----+-----+-----+-----+-----+-----+
7 |     |     |     |  ‚ôú  |     |  ‚ôü  |  ‚ôü  |  ‚ôö  |
  +-----+-----+-----+-----+-----+-----+-----+-----+
6 |  ‚ôü   |     |     |  ‚ôõ  |     |     |     |  ‚ôü  |
  +-----+-----+-----+-----+-----+-----+-----+-----+
5 |     |     |  ‚ôñ  |  ‚ôü  |  ‚ôñ  |  ‚ôô  |     |  ‚ôô  |
  +-----+-----+-----+-----+-----+-----+-----+-----+
4 |  ‚ôô   |     |     |  ‚ôô  |     |     |     |     |
  +-----+-----+-----+-----+-----+-----+-----+-----+
3 |     |  ‚ôï  |     |     |     |  ‚ôô  |  ‚ôô  |     |
  +-----+-----+-----+-----+-----+-----+-----+-----+
2 |     |     |     |     |     |     |     |  ‚ôî  |
  +-----+-----+-----+-----+-----+-----+-----+-----+
1 |     |     |     |     |     |     |     |     |
  +-----+-----+-----+-----+-----+-----+-----+-----+
Coup (eg. a1a8) ? 

     a     b     c     d     e     f     g     h    
  +-----+-----+-----+-----+-----+-----+-----+-----+
8 |     |     |     |  ‚ôú  |     |     |  ‚ôö  |     |
  +-----+-----+-----+-----+-----+-----+-----+-----+
7 |     |     |     |  ‚ôú  |     |  ‚ôü  |  ‚ôü  |     |
  +-----+-----+-----+-----+-----+-----+-----+-----+
6 |  ‚ôü   |     |     |  ‚ôõ  |     |     |     |  ‚ôü  |
  +-----+-----+-----+-----+-----+-----+-----+-----+
5 |     |     |  ‚ôñ  |  ‚ôü  |  ‚ôñ  |  ‚ôô  |     |  ‚ôô  |
  +-----+-----+-----+-----+-----+-----+-----+-----+
4 |  ‚ôô   |     |     |  ‚ôô  |     |     |     |     |
  +-----+-----+-----+-----+-----+-----+-----+-----+
3 |     |  ‚ôï  |     |     |     |  ‚ôô  |  ‚ôô  |     |
  +-----+-----+-----+-----+-----+-----+-----+-----+
2 |     |     |     |     |     |     |     |  ‚ôî  |
  +-----+-----+-----+-----+-----+-----+-----+-----+
1 |     |     |     |     |     |     |     |     |
  +-----+-----+-----+-----+-----+-----+-----+-----+
Coup (eg. a1a8) ? 

     a     b     c     d     e     f     g     h    
  +-----+-----+-----+-----+-----+-----+-----+-----+
8 |     |     |     |  ‚ôú  |     |     |  ‚ôö  |     |
  +-----+-----+-----+-----+-----+-----+-----+-----+
7 |     |     |     |  ‚ôú  |     |  ‚ôü  |  ‚ôü  |     |
  +-----+-----+-----+-----+-----+-----+-----+-----+
6 |  ‚ôü   |     |     |  ‚ôõ  |     |     |     |  ‚ôü  |
  +-----+-----+-----+-----+-----+-----+-----+-----+
5 |     |     |  ‚ôñ  |  ‚ôü  |  ‚ôñ  |  ‚ôô  |     |  ‚ôô  |
  +-----+-----+-----+-----+-----+-----+-----+-----+
4 |  ‚ôô   |     |     |  ‚ôô  |     |     |     |     |
  +-----+-----+-----+-----+-----+-----+-----+-----+
3 |     |  ‚ôï  |     |     |     |  ‚ôô  |  ‚ôô  |  ‚ôî  |
  +-----+-----+-----+-----+-----+-----+-----+-----+
2 |     |     |     |     |     |     |     |     |
  +-----+-----+-----+-----+-----+-----+-----+-----+
1 |     |     |     |     |     |     |     |     |
  +-----+-----+-----+-----+-----+-----+-----+-----+
Coup (eg. a1a8) ? 

     a     b     c     d     e     f     g     h    
  +-----+-----+-----+-----+-----+-----+-----+-----+
8 |     |     |     |  ‚ôú  |     |     |     |  ‚ôö  |
  +-----+-----+-----+-----+-----+-----+-----+-----+
7 |     |     |     |  ‚ôú  |     |  ‚ôü  |  ‚ôü  |     |
  +-----+-----+-----+-----+-----+-----+-----+-----+
6 |  ‚ôü   |     |     |  ‚ôõ  |     |     |     |  ‚ôü  |
  +-----+-----+-----+-----+-----+-----+-----+-----+
5 |     |     |  ‚ôñ  |  ‚ôü  |  ‚ôñ  |  ‚ôô  |     |  ‚ôô  |
  +-----+-----+-----+-----+-----+-----+-----+-----+
4 |  ‚ôô   |     |     |  ‚ôô  |     |     |     |     |
  +-----+-----+-----+-----+-----+-----+-----+-----+
3 |     |  ‚ôï  |     |     |     |  ‚ôô  |  ‚ôô  |  ‚ôî  |
  +-----+-----+-----+-----+-----+-----+-----+-----+
2 |     |     |     |     |     |     |     |     |
  +-----+-----+-----+-----+-----+-----+-----+-----+
1 |     |     |     |     |     |     |     |     |
  +-----+-----+-----+-----+-----+-----+-----+-----+
Coup (eg. a1a8) ? 

     a     b     c     d     e     f     g     h    
  +-----+-----+-----+-----+-----+-----+-----+-----+
8 |     |     |     |  ‚ôú  |     |     |     |  ‚ôö  |
  +-----+-----+-----+-----+-----+-----+-----+-----+
7 |     |     |     |  ‚ôú  |     |  ‚ôü  |  ‚ôü  |     |
  +-----+-----+-----+-----+-----+-----+-----+-----+
6 |  ‚ôü   |     |     |  ‚ôõ  |     |     |     |  ‚ôü  |
  +-----+-----+-----+-----+-----+-----+-----+-----+
5 |     |     |  ‚ôñ  |  ‚ôü  |  ‚ôñ  |  ‚ôô  |     |  ‚ôô  |
  +-----+-----+-----+-----+-----+-----+-----+-----+
4 |  ‚ôô   |     |     |  ‚ôô  |     |     |     |     |
  +-----+-----+-----+-----+-----+-----+-----+-----+
3 |     |  ‚ôï  |     |     |     |  ‚ôô  |  ‚ôô  |     |
  +-----+-----+-----+-----+-----+-----+-----+-----+
2 |     |     |     |     |     |     |     |  ‚ôî  |
  +-----+-----+-----+-----+-----+-----+-----+-----+
1 |     |     |     |     |     |     |     |     |
  +-----+-----+-----+-----+-----+-----+-----+-----+
Coup (eg. a1a8) ? 

     a     b     c     d     e     f     g     h    
  +-----+-----+-----+-----+-----+-----+-----+-----+
8 |     |     |     |  ‚ôú  |     |     |  ‚ôö  |     |
  +-----+-----+-----+-----+-----+-----+-----+-----+
7 |     |     |     |  ‚ôú  |     |  ‚ôü  |  ‚ôü  |     |
  +-----+-----+-----+-----+-----+-----+-----+-----+
6 |  ‚ôü   |     |     |  ‚ôõ  |     |     |     |  ‚ôü  |
  +-----+-----+-----+-----+-----+-----+-----+-----+
5 |     |     |  ‚ôñ  |  ‚ôü  |  ‚ôñ  |  ‚ôô  |     |  ‚ôô  |
  +-----+-----+-----+-----+-----+-----+-----+-----+
4 |  ‚ôô   |     |     |  ‚ôô  |     |     |     |     |
  +-----+-----+-----+-----+-----+-----+-----+-----+
3 |     |  ‚ôï  |     |     |     |  ‚ôô  |  ‚ôô  |     |
  +-----+-----+-----+-----+-----+-----+-----+-----+
2 |     |     |     |     |     |     |     |  ‚ôî  |
  +-----+-----+-----+-----+-----+-----+-----+-----+
1 |     |     |     |     |     |     |     |     |
  +-----+-----+-----+-----+-----+-----+-----+-----+
Coup (eg. a1a8) ? 

     a     b     c     d     e     f     g     h    
  +-----+-----+-----+-----+-----+-----+-----+-----+
8 |     |     |     |  ‚ôú  |     |     |  ‚ôö  |     |
  +-----+-----+-----+-----+-----+-----+-----+-----+
7 |     |     |     |  ‚ôú  |     |  ‚ôü  |  ‚ôü  |     |
  +-----+-----+-----+-----+-----+-----+-----+-----+
6 |  ‚ôü   |     |     |  ‚ôõ  |     |     |     |  ‚ôü  |
  +-----+-----+-----+-----+-----+-----+-----+-----+
5 |     |     |  ‚ôñ  |  ‚ôü  |  ‚ôñ  |  ‚ôô  |     |  ‚ôô  |
  +-----+-----+-----+-----+-----+-----+-----+-----+
4 |  ‚ôô   |     |     |  ‚ôô  |     |     |     |     |
  +-----+-----+-----+-----+-----+-----+-----+-----+
3 |     |  ‚ôï  |     |     |     |  ‚ôô  |  ‚ôô  |     |
  +-----+-----+-----+-----+-----+-----+-----+-----+
2 |     |     |     |     |     |     |  ‚ôî  |     |
  +-----+-----+-----+-----+-----+-----+-----+-----+
1 |     |     |     |     |     |     |     |     |
  +-----+-----+-----+-----+-----+-----+-----+-----+
Coup (eg. a1a8) ? 

     a     b     c     d     e     f     g     h    
  +-----+-----+-----+-----+-----+-----+-----+-----+
8 |     |     |     |  ‚ôú  |     |     |     |     |
  +-----+-----+-----+-----+-----+-----+-----+-----+
7 |     |     |     |  ‚ôú  |     |  ‚ôü  |  ‚ôü  |  ‚ôö  |
  +-----+-----+-----+-----+-----+-----+-----+-----+
6 |  ‚ôü   |     |     |  ‚ôõ  |     |     |     |  ‚ôü  |
  +-----+-----+-----+-----+-----+-----+-----+-----+
5 |     |     |  ‚ôñ  |  ‚ôü  |  ‚ôñ  |  ‚ôô  |     |  ‚ôô  |
  +-----+-----+-----+-----+-----+-----+-----+-----+
4 |  ‚ôô   |     |     |  ‚ôô  |     |     |     |     |
  +-----+-----+-----+-----+-----+-----+-----+-----+
3 |     |  ‚ôï  |     |     |     |  ‚ôô  |  ‚ôô  |     |
  +-----+-----+-----+-----+-----+-----+-----+-----+
2 |     |     |     |     |     |     |  ‚ôî  |     |
  +-----+-----+-----+-----+-----+-----+-----+-----+
1 |     |     |     |     |     |     |     |     |
  +-----+-----+-----+-----+-----+-----+-----+-----+
Coup (eg. a1a8) ? 

     a     b     c     d     e     f     g     h    
  +-----+-----+-----+-----+-----+-----+-----+-----+
8 |     |     |     |  ‚ôú  |     |     |     |     |
  +-----+-----+-----+-----+-----+-----+-----+-----+
7 |     |     |     |  ‚ôú  |     |  ‚ôü  |  ‚ôü  |  ‚ôö  |
  +-----+-----+-----+-----+-----+-----+-----+-----+
6 |  ‚ôü   |     |     |  ‚ôõ  |     |     |     |  ‚ôü  |
  +-----+-----+-----+-----+-----+-----+-----+-----+
5 |  ‚ôô   |     |  ‚ôñ  |  ‚ôü  |  ‚ôñ  |  ‚ôô  |     |  ‚ôô  |
  +-----+-----+-----+-----+-----+-----+-----+-----+
4 |     |     |     |  ‚ôô  |     |     |     |     |
  +-----+-----+-----+-----+-----+-----+-----+-----+
3 |     |  ‚ôï  |     |     |     |  ‚ôô  |  ‚ôô  |     |
  +-----+-----+-----+-----+-----+-----+-----+-----+
2 |     |     |     |     |     |     |  ‚ôî  |     |
  +-----+-----+-----+-----+-----+-----+-----+-----+
1 |     |     |     |     |     |     |     |     |
  +-----+-----+-----+-----+-----+-----+-----+-----+
Coup (eg. a1a8) ? 

     a     b     c     d     e     f     g     h    
  +-----+-----+-----+-----+-----+-----+-----+-----+
8 |     |     |     |  ‚ôú  |     |     |  ‚ôö  |     |
  +-----+-----+-----+-----+-----+-----+-----+-----+
7 |     |     |     |  ‚ôú  |     |  ‚ôü  |  ‚ôü  |     |
  +-----+-----+-----+-----+-----+-----+-----+-----+
6 |  ‚ôü   |     |     |  ‚ôõ  |     |     |     |  ‚ôü  |
  +-----+-----+-----+-----+-----+-----+-----+-----+
5 |  ‚ôô   |     |  ‚ôñ  |  ‚ôü  |  ‚ôñ  |  ‚ôô  |     |  ‚ôô  |
  +-----+-----+-----+-----+-----+-----+-----+-----+
4 |     |     |     |  ‚ôô  |     |     |     |     |
  +-----+-----+-----+-----+-----+-----+-----+-----+
3 |     |  ‚ôï  |     |     |     |  ‚ôô  |  ‚ôô  |     |
  +-----+-----+-----+-----+-----+-----+-----+-----+
2 |     |     |     |     |     |     |  ‚ôî  |     |
  +-----+-----+-----+-----+-----+-----+-----+-----+
1 |     |     |     |     |     |     |     |     |
  +-----+-----+-----+-----+-----+-----+-----+-----+
Coup (eg. a1a8) ? 

     a     b     c     d     e     f     g     h    
  +-----+-----+-----+-----+-----+-----+-----+-----+
8 |     |     |     |  ‚ôú  |     |     |  ‚ôö  |     |
  +-----+-----+-----+-----+-----+-----+-----+-----+
7 |     |     |     |  ‚ôú  |     |  ‚ôü  |  ‚ôü  |     |
  +-----+-----+-----+-----+-----+-----+-----+-----+
6 |  ‚ôü   |     |     |  ‚ôõ  |     |     |     |  ‚ôü  |
  +-----+-----+-----+-----+-----+-----+-----+-----+
5 |  ‚ôô   |     |  ‚ôñ  |  ‚ôü  |  ‚ôñ  |  ‚ôô  |     |  ‚ôô  |
  +-----+-----+-----+-----+-----+-----+-----+-----+
4 |     |     |     |  ‚ôô  |     |     |     |     |
  +-----+-----+-----+-----+-----+-----+-----+-----+
3 |     |     |     |     |     |  ‚ôô  |  ‚ôô  |     |
  +-----+-----+-----+-----+-----+-----+-----+-----+
2 |  ‚ôï  |     |     |     |     |     |  ‚ôî  |     |
  +-----+-----+-----+-----+-----+-----+-----+-----+
1 |     |     |     |     |     |     |     |     |
  +-----+-----+-----+-----+-----+-----+-----+-----+
Coup (eg. a1a8) ? 

     a     b     c     d     e     f     g     h    
  +-----+-----+-----+-----+-----+-----+-----+-----+
8 |     |     |     |  ‚ôú  |     |     |     |     |
  +-----+-----+-----+-----+-----+-----+-----+-----+
7 |     |     |     |  ‚ôú  |     |  ‚ôü  |  ‚ôü  |  ‚ôö  |
  +-----+-----+-----+-----+-----+-----+-----+-----+
6 |  ‚ôü   |     |     |  ‚ôõ  |     |     |     |  ‚ôü  |
  +-----+-----+-----+-----+-----+-----+-----+-----+
5 |  ‚ôô   |     |  ‚ôñ  |  ‚ôü  |  ‚ôñ  |  ‚ôô  |     |  ‚ôô  |
  +-----+-----+-----+-----+-----+-----+-----+-----+
4 |     |     |     |  ‚ôô  |     |     |     |     |
  +-----+-----+-----+-----+-----+-----+-----+-----+
3 |     |     |     |     |     |  ‚ôô  |  ‚ôô  |     |
  +-----+-----+-----+-----+-----+-----+-----+-----+
2 |  ‚ôï  |     |     |     |     |     |  ‚ôî  |     |
  +-----+-----+-----+-----+-----+-----+-----+-----+
1 |     |     |     |     |     |     |     |     |
  +-----+-----+-----+-----+-----+-----+-----+-----+
Coup (eg. a1a8) ? 

     a     b     c     d     e     f     g     h    
  +-----+-----+-----+-----+-----+-----+-----+-----+
8 |     |     |     |  ‚ôú  |     |     |     |     |
  +-----+-----+-----+-----+-----+-----+-----+-----+
7 |     |     |     |  ‚ôú  |     |  ‚ôü  |  ‚ôü  |  ‚ôö  |
  +-----+-----+-----+-----+-----+-----+-----+-----+
6 |  ‚ôü   |     |     |  ‚ôõ  |     |     |     |  ‚ôü  |
  +-----+-----+-----+-----+-----+-----+-----+-----+
5 |  ‚ôô   |     |  ‚ôñ  |  ‚ôü  |  ‚ôñ  |  ‚ôô  |     |  ‚ôô  |
  +-----+-----+-----+-----+-----+-----+-----+-----+
4 |     |     |     |  ‚ôô  |     |     |     |     |
  +-----+-----+-----+-----+-----+-----+-----+-----+
3 |     |     |     |     |     |  ‚ôô  |  ‚ôô  |  ‚ôî  |
  +-----+-----+-----+-----+-----+-----+-----+-----+
2 |  ‚ôï  |     |     |     |     |     |     |     |
  +-----+-----+-----+-----+-----+-----+-----+-----+
1 |     |     |     |     |     |     |     |     |
  +-----+-----+-----+-----+-----+-----+-----+-----+
Coup (eg. a1a8) ? 

     a     b     c     d     e     f     g     h    
  +-----+-----+-----+-----+-----+-----+-----+-----+
8 |     |     |     |  ‚ôú  |     |     |  ‚ôö  |     |
  +-----+-----+-----+-----+-----+-----+-----+-----+
7 |     |     |     |  ‚ôú  |     |  ‚ôü  |  ‚ôü  |     |
  +-----+-----+-----+-----+-----+-----+-----+-----+
6 |  ‚ôü   |     |     |  ‚ôõ  |     |     |     |  ‚ôü  |
  +-----+-----+-----+-----+-----+-----+-----+-----+
5 |  ‚ôô   |     |  ‚ôñ  |  ‚ôü  |  ‚ôñ  |  ‚ôô  |     |  ‚ôô  |
  +-----+-----+-----+-----+-----+-----+-----+-----+
4 |     |     |     |  ‚ôô  |     |     |     |     |
  +-----+-----+-----+-----+-----+-----+-----+-----+
3 |     |     |     |     |     |  ‚ôô  |  ‚ôô  |  ‚ôî  |
  +-----+-----+-----+-----+-----+-----+-----+-----+
2 |  ‚ôï  |     |     |     |     |     |     |     |
  +-----+-----+-----+-----+-----+-----+-----+-----+
1 |     |     |     |     |     |     |     |     |
  +-----+-----+-----+-----+-----+-----+-----+-----+
Coup (eg. a1a8) ? 

     a     b     c     d     e     f     g     h    
  +-----+-----+-----+-----+-----+-----+-----+-----+
8 |     |     |     |  ‚ôú  |     |     |  ‚ôö  |     |
  +-----+-----+-----+-----+-----+-----+-----+-----+
7 |     |     |     |  ‚ôú  |     |  ‚ôü  |  ‚ôü  |     |
  +-----+-----+-----+-----+-----+-----+-----+-----+
6 |  ‚ôü   |     |     |  ‚ôõ  |     |     |     |  ‚ôü  |
  +-----+-----+-----+-----+-----+-----+-----+-----+
5 |  ‚ôô   |     |  ‚ôñ  |  ‚ôü  |  ‚ôñ  |  ‚ôô  |     |  ‚ôô  |
  +-----+-----+-----+-----+-----+-----+-----+-----+
4 |     |     |     |  ‚ôô  |     |     |     |     |
  +-----+-----+-----+-----+-----+-----+-----+-----+
3 |     |     |     |     |     |  ‚ôô  |  ‚ôô  |     |
  +-----+-----+-----+-----+-----+-----+-----+-----+
2 |  ‚ôï  |     |     |     |     |     |     |  ‚ôî  |
  +-----+-----+-----+-----+-----+-----+-----+-----+
1 |     |     |     |     |     |     |     |     |
  +-----+-----+-----+-----+-----+-----+-----+-----+
Coup (eg. a1a8) ? 

     a     b     c     d     e     f     g     h    
  +-----+-----+-----+-----+-----+-----+-----+-----+
8 |     |     |     |  ‚ôú  |     |     |     |     |
  +-----+-----+-----+-----+-----+-----+-----+-----+
7 |     |     |     |  ‚ôú  |     |  ‚ôü  |  ‚ôü  |  ‚ôö  |
  +-----+-----+-----+-----+-----+-----+-----+-----+
6 |  ‚ôü   |     |     |  ‚ôõ  |     |     |     |  ‚ôü  |
  +-----+-----+-----+-----+-----+-----+-----+-----+
5 |  ‚ôô   |     |  ‚ôñ  |  ‚ôü  |  ‚ôñ  |  ‚ôô  |     |  ‚ôô  |
  +-----+-----+-----+-----+-----+-----+-----+-----+
4 |     |     |     |  ‚ôô  |     |     |     |     |
  +-----+-----+-----+-----+-----+-----+-----+-----+
3 |     |     |     |     |     |  ‚ôô  |  ‚ôô  |     |
  +-----+-----+-----+-----+-----+-----+-----+-----+
2 |  ‚ôï  |     |     |     |     |     |     |  ‚ôî  |
  +-----+-----+-----+-----+-----+-----+-----+-----+
1 |     |     |     |     |     |     |     |     |
  +-----+-----+-----+-----+-----+-----+-----+-----+
Coup (eg. a1a8) ? 

     a     b     c     d     e     f     g     h    
  +-----+-----+-----+-----+-----+-----+-----+-----+
8 |     |     |     |  ‚ôú  |     |     |     |     |
  +-----+-----+-----+-----+-----+-----+-----+-----+
7 |     |     |     |  ‚ôú  |     |  ‚ôü  |  ‚ôü  |  ‚ôö  |
  +-----+-----+-----+-----+-----+-----+-----+-----+
6 |  ‚ôü   |     |     |  ‚ôõ  |     |     |     |  ‚ôü  |
  +-----+-----+-----+-----+-----+-----+-----+-----+
5 |  ‚ôô   |     |  ‚ôñ  |  ‚ôü  |  ‚ôñ  |  ‚ôô  |     |  ‚ôô  |
  +-----+-----+-----+-----+-----+-----+-----+-----+
4 |     |     |     |  ‚ôô  |     |     |     |     |
  +-----+-----+-----+-----+-----+-----+-----+-----+
3 |     |     |     |     |     |  ‚ôô  |  ‚ôô  |     |
  +-----+-----+-----+-----+-----+-----+-----+-----+
2 |  ‚ôï  |     |     |     |     |     |  ‚ôî  |     |
  +-----+-----+-----+-----+-----+-----+-----+-----+
1 |     |     |     |     |     |     |     |     |
  +-----+-----+-----+-----+-----+-----+-----+-----+
Coup (eg. a1a8) ? 

     a     b     c     d     e     f     g     h    
  +-----+-----+-----+-----+-----+-----+-----+-----+
8 |     |     |     |  ‚ôú  |     |     |  ‚ôö  |     |
  +-----+-----+-----+-----+-----+-----+-----+-----+
7 |     |     |     |  ‚ôú  |     |  ‚ôü  |  ‚ôü  |     |
  +-----+-----+-----+-----+-----+-----+-----+-----+
6 |  ‚ôü   |     |     |  ‚ôõ  |     |     |     |  ‚ôü  |
  +-----+-----+-----+-----+-----+-----+-----+-----+
5 |  ‚ôô   |     |  ‚ôñ  |  ‚ôü  |  ‚ôñ  |  ‚ôô  |     |  ‚ôô  |
  +-----+-----+-----+-----+-----+-----+-----+-----+
4 |     |     |     |  ‚ôô  |     |     |     |     |
  +-----+-----+-----+-----+-----+-----+-----+-----+
3 |     |     |     |     |     |  ‚ôô  |  ‚ôô  |     |
  +-----+-----+-----+-----+-----+-----+-----+-----+
2 |  ‚ôï  |     |     |     |     |     |  ‚ôî  |     |
  +-----+-----+-----+-----+-----+-----+-----+-----+
1 |     |     |     |     |     |     |     |     |
  +-----+-----+-----+-----+-----+-----+-----+-----+
Coup (eg. a1a8) ? 

     a     b     c     d     e     f     g     h    
  +-----+-----+-----+-----+-----+-----+-----+-----+
8 |     |     |     |  ‚ôú  |     |     |  ‚ôö  |     |
  +-----+-----+-----+-----+-----+-----+-----+-----+
7 |     |     |     |  ‚ôú  |     |  ‚ôü  |  ‚ôü  |     |
  +-----+-----+-----+-----+-----+-----+-----+-----+
6 |  ‚ôü   |     |     |  ‚ôõ  |     |     |     |  ‚ôü  |
  +-----+-----+-----+-----+-----+-----+-----+-----+
5 |  ‚ôô   |     |  ‚ôñ  |  ‚ôü  |  ‚ôñ  |  ‚ôô  |     |  ‚ôô  |
  +-----+-----+-----+-----+-----+-----+-----+-----+
4 |     |     |     |  ‚ôô  |     |     |     |     |
  +-----+-----+-----+-----+-----+-----+-----+-----+
3 |     |     |     |     |     |  ‚ôô  |  ‚ôô  |     |
  +-----+-----+-----+-----+-----+-----+-----+-----+
2 |  ‚ôï  |     |     |     |     |     |     |  ‚ôî  |
  +-----+-----+-----+-----+-----+-----+-----+-----+
1 |     |     |     |     |     |     |     |     |
  +-----+-----+-----+-----+-----+-----+-----+-----+
Coup (eg. a1a8) ? 

     a     b     c     d     e     f     g     h    
  +-----+-----+-----+-----+-----+-----+-----+-----+
8 |     |     |     |  ‚ôú  |     |     |     |     |
  +-----+-----+-----+-----+-----+-----+-----+-----+
7 |     |     |     |  ‚ôú  |     |  ‚ôü  |  ‚ôü  |  ‚ôö  |
  +-----+-----+-----+-----+-----+-----+-----+-----+
6 |  ‚ôü   |     |     |  ‚ôõ  |     |     |     |  ‚ôü  |
  +-----+-----+-----+-----+-----+-----+-----+-----+
5 |  ‚ôô   |     |  ‚ôñ  |  ‚ôü  |  ‚ôñ  |  ‚ôô  |     |  ‚ôô  |
  +-----+-----+-----+-----+-----+-----+-----+-----+
4 |     |     |     |  ‚ôô  |     |     |     |     |
  +-----+-----+-----+-----+-----+-----+-----+-----+
3 |     |     |     |     |     |  ‚ôô  |  ‚ôô  |     |
  +-----+-----+-----+-----+-----+-----+-----+-----+
2 |  ‚ôï  |     |     |     |     |     |     |  ‚ôî  |
  +-----+-----+-----+-----+-----+-----+-----+-----+
1 |     |     |     |     |     |     |     |     |
  +-----+-----+-----+-----+-----+-----+-----+-----+
Coup (eg. a1a8) ? 

     a     b     c     d     e     f     g     h    
  +-----+-----+-----+-----+-----+-----+-----+-----+
8 |     |     |     |  ‚ôú  |     |     |     |     |
  +-----+-----+-----+-----+-----+-----+-----+-----+
7 |     |     |     |  ‚ôú  |     |  ‚ôü  |  ‚ôü  |  ‚ôö  |
  +-----+-----+-----+-----+-----+-----+-----+-----+
6 |  ‚ôü   |     |     |  ‚ôõ  |     |     |     |  ‚ôü  |
  +-----+-----+-----+-----+-----+-----+-----+-----+
5 |  ‚ôô   |     |  ‚ôñ  |  ‚ôü  |  ‚ôñ  |  ‚ôô  |     |  ‚ôô  |
  +-----+-----+-----+-----+-----+-----+-----+-----+
4 |     |     |     |  ‚ôô  |     |     |     |     |
  +-----+-----+-----+-----+-----+-----+-----+-----+
3 |     |     |     |     |     |  ‚ôô  |  ‚ôô  |  ‚ôî  |
  +-----+-----+-----+-----+-----+-----+-----+-----+
2 |  ‚ôï  |     |     |     |     |     |     |     |
  +-----+-----+-----+-----+-----+-----+-----+-----+
1 |     |     |     |     |     |     |     |     |
  +-----+-----+-----+-----+-----+-----+-----+-----+
Coup (eg. a1a8) ? 

     a     b     c     d     e     f     g     h    
  +-----+-----+-----+-----+-----+-----+-----+-----+
8 |     |     |     |  ‚ôú  |     |     |  ‚ôö  |     |
  +-----+-----+-----+-----+-----+-----+-----+-----+
7 |     |     |     |  ‚ôú  |     |  ‚ôü  |  ‚ôü  |     |
  +-----+-----+-----+-----+-----+-----+-----+-----+
6 |  ‚ôü   |     |     |  ‚ôõ  |     |     |     |  ‚ôü  |
  +-----+-----+-----+-----+-----+-----+-----+-----+
5 |  ‚ôô   |     |  ‚ôñ  |  ‚ôü  |  ‚ôñ  |  ‚ôô  |     |  ‚ôô  |
  +-----+-----+-----+-----+-----+-----+-----+-----+
4 |     |     |     |  ‚ôô  |     |     |     |     |
  +-----+-----+-----+-----+-----+-----+-----+-----+
3 |     |     |     |     |     |  ‚ôô  |  ‚ôô  |  ‚ôî  |
  +-----+-----+-----+-----+-----+-----+-----+-----+
2 |  ‚ôï  |     |     |     |     |     |     |     |
  +-----+-----+-----+-----+-----+-----+-----+-----+
1 |     |     |     |     |     |     |     |     |
  +-----+-----+-----+-----+-----+-----+-----+-----+
Coup (eg. a1a8) ? 

     a     b     c     d     e     f     g     h    
  +-----+-----+-----+-----+-----+-----+-----+-----+
8 |     |     |     |  ‚ôú  |     |     |  ‚ôö  |     |
  +-----+-----+-----+-----+-----+-----+-----+-----+
7 |     |     |     |  ‚ôú  |     |  ‚ôü  |  ‚ôü  |     |
  +-----+-----+-----+-----+-----+-----+-----+-----+
6 |  ‚ôü   |     |     |  ‚ôõ  |     |     |     |  ‚ôü  |
  +-----+-----+-----+-----+-----+-----+-----+-----+
5 |  ‚ôô   |     |  ‚ôñ  |  ‚ôü  |  ‚ôñ  |  ‚ôô  |     |  ‚ôô  |
  +-----+-----+-----+-----+-----+-----+-----+-----+
4 |     |     |     |  ‚ôô  |     |     |     |     |
  +-----+-----+-----+-----+-----+-----+-----+-----+
3 |     |  ‚ôï  |     |     |     |  ‚ôô  |  ‚ôô  |  ‚ôî  |
  +-----+-----+-----+-----+-----+-----+-----+-----+
2 |     |     |     |     |     |     |     |     |
  +-----+-----+-----+-----+-----+-----+-----+-----+
1 |     |     |     |     |     |     |     |     |
  +-----+-----+-----+-----+-----+-----+-----+-----+
Coup (eg. a1a8) ? 

     a     b     c     d     e     f     g     h    
  +-----+-----+-----+-----+-----+-----+-----+-----+
8 |     |     |     |  ‚ôú  |     |     |     |     |
  +-----+-----+-----+-----+-----+-----+-----+-----+
7 |     |     |     |  ‚ôú  |     |  ‚ôü  |  ‚ôü  |  ‚ôö  |
  +-----+-----+-----+-----+-----+-----+-----+-----+
6 |  ‚ôü   |     |     |  ‚ôõ  |     |     |     |  ‚ôü  |
  +-----+-----+-----+-----+-----+-----+-----+-----+
5 |  ‚ôô   |     |  ‚ôñ  |  ‚ôü  |  ‚ôñ  |  ‚ôô  |     |  ‚ôô  |
  +-----+-----+-----+-----+-----+-----+-----+-----+
4 |     |     |     |  ‚ôô  |     |     |     |     |
  +-----+-----+-----+-----+-----+-----+-----+-----+
3 |     |  ‚ôï  |     |     |     |  ‚ôô  |  ‚ôô  |  ‚ôî  |
  +-----+-----+-----+-----+-----+-----+-----+-----+
2 |     |     |     |     |     |     |     |     |
  +-----+-----+-----+-----+-----+-----+-----+-----+
1 |     |     |     |     |     |     |     |     |
  +-----+-----+-----+-----+-----+-----+-----+-----+
Coup (eg. a1a8) ? 

     a     b     c     d     e     f     g     h    
  +-----+-----+-----+-----+-----+-----+-----+-----+
8 |     |     |     |  ‚ôú  |     |     |     |     |
  +-----+-----+-----+-----+-----+-----+-----+-----+
7 |     |     |     |  ‚ôú  |     |  ‚ôü  |  ‚ôü  |  ‚ôö  |
  +-----+-----+-----+-----+-----+-----+-----+-----+
6 |  ‚ôü   |     |     |  ‚ôõ  |     |     |     |  ‚ôü  |
  +-----+-----+-----+-----+-----+-----+-----+-----+
5 |  ‚ôô   |     |  ‚ôñ  |  ‚ôü  |  ‚ôñ  |  ‚ôô  |     |  ‚ôô  |
  +-----+-----+-----+-----+-----+-----+-----+-----+
4 |     |     |     |  ‚ôô  |     |     |     |     |
  +-----+-----+-----+-----+-----+-----+-----+-----+
3 |     |  ‚ôï  |     |     |     |  ‚ôô  |  ‚ôô  |     |
  +-----+-----+-----+-----+-----+-----+-----+-----+
2 |     |     |     |     |     |     |     |  ‚ôî  |
  +-----+-----+-----+-----+-----+-----+-----+-----+
1 |     |     |     |     |     |     |     |     |
  +-----+-----+-----+-----+-----+-----+-----+-----+
Coup (eg. a1a8) ? 

     a     b     c     d     e     f     g     h    
  +-----+-----+-----+-----+-----+-----+-----+-----+
8 |     |     |     |  ‚ôú  |     |     |  ‚ôö  |     |
  +-----+-----+-----+-----+-----+-----+-----+-----+
7 |     |     |     |  ‚ôú  |     |  ‚ôü  |  ‚ôü  |     |
  +-----+-----+-----+-----+-----+-----+-----+-----+
6 |  ‚ôü   |     |     |  ‚ôõ  |     |     |     |  ‚ôü  |
  +-----+-----+-----+-----+-----+-----+-----+-----+
5 |  ‚ôô   |     |  ‚ôñ  |  ‚ôü  |  ‚ôñ  |  ‚ôô  |     |  ‚ôô  |
  +-----+-----+-----+-----+-----+-----+-----+-----+
4 |     |     |     |  ‚ôô  |     |     |     |     |
  +-----+-----+-----+-----+-----+-----+-----+-----+
3 |     |  ‚ôï  |     |     |     |  ‚ôô  |  ‚ôô  |     |
  +-----+-----+-----+-----+-----+-----+-----+-----+
2 |     |     |     |     |     |     |     |  ‚ôî  |
  +-----+-----+-----+-----+-----+-----+-----+-----+
1 |     |     |     |     |     |     |     |     |
  +-----+-----+-----+-----+-----+-----+-----+-----+
Coup (eg. a1a8) ? 

     a     b     c     d     e     f     g     h    
  +-----+-----+-----+-----+-----+-----+-----+-----+
8 |     |     |     |  ‚ôú  |     |     |  ‚ôö  |     |
  +-----+-----+-----+-----+-----+-----+-----+-----+
7 |     |     |     |  ‚ôú  |     |  ‚ôü  |  ‚ôü  |     |
  +-----+-----+-----+-----+-----+-----+-----+-----+
6 |  ‚ôü   |     |     |  ‚ôõ  |     |     |     |  ‚ôü  |
  +-----+-----+-----+-----+-----+-----+-----+-----+
5 |  ‚ôô   |     |  ‚ôñ  |  ‚ôü  |  ‚ôñ  |  ‚ôô  |     |  ‚ôô  |
  +-----+-----+-----+-----+-----+-----+-----+-----+
4 |     |     |     |  ‚ôô  |     |     |     |     |
  +-----+-----+-----+-----+-----+-----+-----+-----+
3 |     |  ‚ôï  |     |     |     |  ‚ôô  |  ‚ôô  |  ‚ôî  |
  +-----+-----+-----+-----+-----+-----+-----+-----+
2 |     |     |     |     |     |     |     |     |
  +-----+-----+-----+-----+-----+-----+-----+-----+
1 |     |     |     |     |     |     |     |     |
  +-----+-----+-----+-----+-----+-----+-----+-----+
Coup (eg. a1a8) ? 

     a     b     c     d     e     f     g     h    
  +-----+-----+-----+-----+-----+-----+-----+-----+
8 |     |     |     |  ‚ôú  |     |     |  ‚ôö  |     |
  +-----+-----+-----+-----+-----+-----+-----+-----+
7 |     |     |     |  ‚ôú  |     |  ‚ôü  |  ‚ôü  |     |
  +-----+-----+-----+-----+-----+-----+-----+-----+
6 |  ‚ôü   |     |     |     |     |  ‚ôõ  |     |  ‚ôü  |
  +-----+-----+-----+-----+-----+-----+-----+-----+
5 |  ‚ôô   |     |  ‚ôñ  |  ‚ôü  |  ‚ôñ  |  ‚ôô  |     |  ‚ôô  |
  +-----+-----+-----+-----+-----+-----+-----+-----+
4 |     |     |     |  ‚ôô  |     |     |     |     |
  +-----+-----+-----+-----+-----+-----+-----+-----+
3 |     |  ‚ôï  |     |     |     |  ‚ôô  |  ‚ôô  |  ‚ôî  |
  +-----+-----+-----+-----+-----+-----+-----+-----+
2 |     |     |     |     |     |     |     |     |
  +-----+-----+-----+-----+-----+-----+-----+-----+
1 |     |     |     |     |     |     |     |     |
  +-----+-----+-----+-----+-----+-----+-----+-----+
Coup (eg. a1a8) ? 

     a     b     c     d     e     f     g     h    
  +-----+-----+-----+-----+-----+-----+-----+-----+
8 |     |     |     |  ‚ôú  |     |     |  ‚ôö  |     |
  +-----+-----+-----+-----+-----+-----+-----+-----+
7 |     |     |     |  ‚ôú  |     |  ‚ôü  |  ‚ôü  |     |
  +-----+-----+-----+-----+-----+-----+-----+-----+
6 |  ‚ôü   |     |     |     |     |  ‚ôõ  |     |  ‚ôü  |
  +-----+-----+-----+-----+-----+-----+-----+-----+
5 |  ‚ôô   |     |     |  ‚ôñ  |  ‚ôñ  |  ‚ôô  |     |  ‚ôô  |
  +-----+-----+-----+-----+-----+-----+-----+-----+
4 |     |     |     |  ‚ôô  |     |     |     |     |
  +-----+-----+-----+-----+-----+-----+-----+-----+
3 |     |  ‚ôï  |     |     |     |  ‚ôô  |  ‚ôô  |  ‚ôî  |
  +-----+-----+-----+-----+-----+-----+-----+-----+
2 |     |     |     |     |     |     |     |     |
  +-----+-----+-----+-----+-----+-----+-----+-----+
1 |     |     |     |     |     |     |     |     |
  +-----+-----+-----+-----+-----+-----+-----+-----+
Coup (eg. a1a8) ? 

     a     b     c     d     e     f     g     h    
  +-----+-----+-----+-----+-----+-----+-----+-----+
8 |     |     |     |  ‚ôú  |     |     |  ‚ôö  |     |
  +-----+-----+-----+-----+-----+-----+-----+-----+
7 |     |     |     |  ‚ôú  |     |  ‚ôü  |  ‚ôü  |     |
  +-----+-----+-----+-----+-----+-----+-----+-----+
6 |  ‚ôü   |     |  ‚ôõ  |     |     |     |     |  ‚ôü  |
  +-----+-----+-----+-----+-----+-----+-----+-----+
5 |  ‚ôô   |     |     |  ‚ôñ  |  ‚ôñ  |  ‚ôô  |     |  ‚ôô  |
  +-----+-----+-----+-----+-----+-----+-----+-----+
4 |     |     |     |  ‚ôô  |     |     |     |     |
  +-----+-----+-----+-----+-----+-----+-----+-----+
3 |     |  ‚ôï  |     |     |     |  ‚ôô  |  ‚ôô  |  ‚ôî  |
  +-----+-----+-----+-----+-----+-----+-----+-----+
2 |     |     |     |     |     |     |     |     |
  +-----+-----+-----+-----+-----+-----+-----+-----+
1 |     |     |     |     |     |     |     |     |
  +-----+-----+-----+-----+-----+-----+-----+-----+
Coup (eg. a1a8) ? 

     a     b     c     d     e     f     g     h    
  +-----+-----+-----+-----+-----+-----+-----+-----+
8 |     |     |     |  ‚ôú  |     |     |  ‚ôö  |     |
  +-----+-----+-----+-----+-----+-----+-----+-----+
7 |     |     |     |  ‚ôñ  |     |  ‚ôü  |  ‚ôü  |     |
  +-----+-----+-----+-----+-----+-----+-----+-----+
6 |  ‚ôü   |     |  ‚ôõ  |     |     |     |     |  ‚ôü  |
  +-----+-----+-----+-----+-----+-----+-----+-----+
5 |  ‚ôô   |     |     |     |  ‚ôñ  |  ‚ôô  |     |  ‚ôô  |
  +-----+-----+-----+-----+-----+-----+-----+-----+
4 |     |     |     |  ‚ôô  |     |     |     |     |
  +-----+-----+-----+-----+-----+-----+-----+-----+
3 |     |  ‚ôï  |     |     |     |  ‚ôô  |  ‚ôô  |  ‚ôî  |
  +-----+-----+-----+-----+-----+-----+-----+-----+
2 |     |     |     |     |     |     |     |     |
  +-----+-----+-----+-----+-----+-----+-----+-----+
1 |     |     |     |     |     |     |     |     |
  +-----+-----+-----+-----+-----+-----+-----+-----+
Coup (eg. a1a8) ? 

     a     b     c     d     e     f     g     h    
  +-----+-----+-----+-----+-----+-----+-----+-----+
8 |     |     |     |  ‚ôú  |     |     |  ‚ôö  |     |
  +-----+-----+-----+-----+-----+-----+-----+-----+
7 |     |     |     |  ‚ôõ  |     |  ‚ôü  |  ‚ôü  |     |
  +-----+-----+-----+-----+-----+-----+-----+-----+
6 |  ‚ôü   |     |     |     |     |     |     |  ‚ôü  |
  +-----+-----+-----+-----+-----+-----+-----+-----+
5 |  ‚ôô   |     |     |     |  ‚ôñ  |  ‚ôô  |     |  ‚ôô  |
  +-----+-----+-----+-----+-----+-----+-----+-----+
4 |     |     |     |  ‚ôô  |     |     |     |     |
  +-----+-----+-----+-----+-----+-----+-----+-----+
3 |     |  ‚ôï  |     |     |     |  ‚ôô  |  ‚ôô  |  ‚ôî  |
  +-----+-----+-----+-----+-----+-----+-----+-----+
2 |     |     |     |     |     |     |     |     |
  +-----+-----+-----+-----+-----+-----+-----+-----+
1 |     |     |     |     |     |     |     |     |
  +-----+-----+-----+-----+-----+-----+-----+-----+
Coup (eg. a1a8) ? 

     a     b     c     d     e     f     g     h    
  +-----+-----+-----+-----+-----+-----+-----+-----+
8 |     |     |     |  ‚ôú  |     |     |  ‚ôö  |     |
  +-----+-----+-----+-----+-----+-----+-----+-----+
7 |     |     |     |  ‚ôõ  |     |  ‚ôü  |  ‚ôü  |     |
  +-----+-----+-----+-----+-----+-----+-----+-----+
6 |  ‚ôü   |  ‚ôï  |     |     |     |     |     |  ‚ôü  |
  +-----+-----+-----+-----+-----+-----+-----+-----+
5 |  ‚ôô   |     |     |     |  ‚ôñ  |  ‚ôô  |     |  ‚ôô  |
  +-----+-----+-----+-----+-----+-----+-----+-----+
4 |     |     |     |  ‚ôô  |     |     |     |     |
  +-----+-----+-----+-----+-----+-----+-----+-----+
3 |     |     |     |     |     |  ‚ôô  |  ‚ôô  |  ‚ôî  |
  +-----+-----+-----+-----+-----+-----+-----+-----+
2 |     |     |     |     |     |     |     |     |
  +-----+-----+-----+-----+-----+-----+-----+-----+
1 |     |     |     |     |     |     |     |     |
  +-----+-----+-----+-----+-----+-----+-----+-----+
Coup (eg. a1a8) ? 

     a     b     c     d     e     f     g     h    
  +-----+-----+-----+-----+-----+-----+-----+-----+
8 |     |     |     |  ‚ôú  |     |     |     |     |
  +-----+-----+-----+-----+-----+-----+-----+-----+
7 |     |     |     |  ‚ôõ  |     |  ‚ôü  |  ‚ôü  |  ‚ôö  |
  +-----+-----+-----+-----+-----+-----+-----+-----+
6 |  ‚ôü   |  ‚ôï  |     |     |     |     |     |  ‚ôü  |
  +-----+-----+-----+-----+-----+-----+-----+-----+
5 |  ‚ôô   |     |     |     |  ‚ôñ  |  ‚ôô  |     |  ‚ôô  |
  +-----+-----+-----+-----+-----+-----+-----+-----+
4 |     |     |     |  ‚ôô  |     |     |     |     |
  +-----+-----+-----+-----+-----+-----+-----+-----+
3 |     |     |     |     |     |  ‚ôô  |  ‚ôô  |  ‚ôî  |
  +-----+-----+-----+-----+-----+-----+-----+-----+
2 |     |     |     |     |     |     |     |     |
  +-----+-----+-----+-----+-----+-----+-----+-----+
1 |     |     |     |     |     |     |     |     |
  +-----+-----+-----+-----+-----+-----+-----+-----+
Coup (eg. a1a8) ? 

     a     b     c     d     e     f     g     h    
  +-----+-----+-----+-----+-----+-----+-----+-----+
8 |     |     |     |  ‚ôú  |     |     |     |     |
  +-----+-----+-----+-----+-----+-----+-----+-----+
7 |     |     |     |  ‚ôõ  |     |  ‚ôü  |  ‚ôü  |  ‚ôö  |
  +-----+-----+-----+-----+-----+-----+-----+-----+
6 |  ‚ôü   |  ‚ôï  |     |     |     |     |     |  ‚ôü  |
  +-----+-----+-----+-----+-----+-----+-----+-----+
5 |  ‚ôô   |     |     |     |  ‚ôñ  |  ‚ôô  |     |  ‚ôô  |
  +-----+-----+-----+-----+-----+-----+-----+-----+
4 |     |     |     |  ‚ôô  |     |     |  ‚ôô  |     |
  +-----+-----+-----+-----+-----+-----+-----+-----+
3 |     |     |     |     |     |  ‚ôô  |     |  ‚ôî  |
  +-----+-----+-----+-----+-----+-----+-----+-----+
2 |     |     |     |     |     |     |     |     |
  +-----+-----+-----+-----+-----+-----+-----+-----+
1 |     |     |     |     |     |     |     |     |
  +-----+-----+-----+-----+-----+-----+-----+-----+
Coup (eg. a1a8) ? 

     a     b     c     d     e     f     g     h    
  +-----+-----+-----+-----+-----+-----+-----+-----+
8 |     |     |     |  ‚ôú  |     |     |     |     |
  +-----+-----+-----+-----+-----+-----+-----+-----+
7 |     |     |     |  ‚ôõ  |     |     |  ‚ôü  |  ‚ôö  |
  +-----+-----+-----+-----+-----+-----+-----+-----+
6 |  ‚ôü   |  ‚ôï  |     |     |     |  ‚ôü  |     |  ‚ôü  |
  +-----+-----+-----+-----+-----+-----+-----+-----+
5 |  ‚ôô   |     |     |     |  ‚ôñ  |  ‚ôô  |     |  ‚ôô  |
  +-----+-----+-----+-----+-----+-----+-----+-----+
4 |     |     |     |  ‚ôô  |     |     |  ‚ôô  |     |
  +-----+-----+-----+-----+-----+-----+-----+-----+
3 |     |     |     |     |     |  ‚ôô  |     |  ‚ôî  |
  +-----+-----+-----+-----+-----+-----+-----+-----+
2 |     |     |     |     |     |     |     |     |
  +-----+-----+-----+-----+-----+-----+-----+-----+
1 |     |     |     |     |     |     |     |     |
  +-----+-----+-----+-----+-----+-----+-----+-----+
Coup (eg. a1a8) ? 

     a     b     c     d     e     f     g     h    
  +-----+-----+-----+-----+-----+-----+-----+-----+
8 |     |     |     |  ‚ôú  |     |     |     |     |
  +-----+-----+-----+-----+-----+-----+-----+-----+
7 |     |     |     |  ‚ôõ  |     |     |  ‚ôü  |  ‚ôö  |
  +-----+-----+-----+-----+-----+-----+-----+-----+
6 |  ‚ôü   |  ‚ôï  |     |     |     |  ‚ôü  |     |  ‚ôü  |
  +-----+-----+-----+-----+-----+-----+-----+-----+
5 |  ‚ôô   |     |     |     |     |  ‚ôô  |     |  ‚ôô  |
  +-----+-----+-----+-----+-----+-----+-----+-----+
4 |     |     |     |  ‚ôô  |  ‚ôñ  |     |  ‚ôô  |     |
  +-----+-----+-----+-----+-----+-----+-----+-----+
3 |     |     |     |     |     |  ‚ôô  |     |  ‚ôî  |
  +-----+-----+-----+-----+-----+-----+-----+-----+
2 |     |     |     |     |     |     |     |     |
  +-----+-----+-----+-----+-----+-----+-----+-----+
1 |     |     |     |     |     |     |     |     |
  +-----+-----+-----+-----+-----+-----+-----+-----+
Coup (eg. a1a8) ? 

     a     b     c     d     e     f     g     h    
  +-----+-----+-----+-----+-----+-----+-----+-----+
8 |     |     |  ‚ôõ  |  ‚ôú  |     |     |     |     |
  +-----+-----+-----+-----+-----+-----+-----+-----+
7 |     |     |     |     |     |     |  ‚ôü  |  ‚ôö  |
  +-----+-----+-----+-----+-----+-----+-----+-----+
6 |  ‚ôü   |  ‚ôï  |     |     |     |  ‚ôü  |     |  ‚ôü  |
  +-----+-----+-----+-----+-----+-----+-----+-----+
5 |  ‚ôô   |     |     |     |     |  ‚ôô  |     |  ‚ôô  |
  +-----+-----+-----+-----+-----+-----+-----+-----+
4 |     |     |     |  ‚ôô  |  ‚ôñ  |     |  ‚ôô  |     |
  +-----+-----+-----+-----+-----+-----+-----+-----+
3 |     |     |     |     |     |  ‚ôô  |     |  ‚ôî  |
  +-----+-----+-----+-----+-----+-----+-----+-----+
2 |     |     |     |     |     |     |     |     |
  +-----+-----+-----+-----+-----+-----+-----+-----+
1 |     |     |     |     |     |     |     |     |
  +-----+-----+-----+-----+-----+-----+-----+-----+
Coup (eg. a1a8) ? 

     a     b     c     d     e     f     g     h    
  +-----+-----+-----+-----+-----+-----+-----+-----+
8 |     |     |  ‚ôõ  |  ‚ôú  |     |     |     |     |
  +-----+-----+-----+-----+-----+-----+-----+-----+
7 |     |     |     |     |  ‚ôñ  |     |  ‚ôü  |  ‚ôö  |
  +-----+-----+-----+-----+-----+-----+-----+-----+
6 |  ‚ôü   |  ‚ôï  |     |     |     |  ‚ôü  |     |  ‚ôü  |
  +-----+-----+-----+-----+-----+-----+-----+-----+
5 |  ‚ôô   |     |     |     |     |  ‚ôô  |     |  ‚ôô  |
  +-----+-----+-----+-----+-----+-----+-----+-----+
4 |     |     |     |  ‚ôô  |     |     |  ‚ôô  |     |
  +-----+-----+-----+-----+-----+-----+-----+-----+
3 |     |     |     |     |     |  ‚ôô  |     |  ‚ôî  |
  +-----+-----+-----+-----+-----+-----+-----+-----+
2 |     |     |     |     |     |     |     |     |
  +-----+-----+-----+-----+-----+-----+-----+-----+
1 |     |     |     |     |     |     |     |     |
  +-----+-----+-----+-----+-----+-----+-----+-----+
Coup (eg. a1a8) ? 

     a     b     c     d     e     f     g     h    
  +-----+-----+-----+-----+-----+-----+-----+-----+
8 |     |  ‚ôõ  |     |  ‚ôú  |     |     |     |     |
  +-----+-----+-----+-----+-----+-----+-----+-----+
7 |     |     |     |     |  ‚ôñ  |     |  ‚ôü  |  ‚ôö  |
  +-----+-----+-----+-----+-----+-----+-----+-----+
6 |  ‚ôü   |  ‚ôï  |     |     |     |  ‚ôü  |     |  ‚ôü  |
  +-----+-----+-----+-----+-----+-----+-----+-----+
5 |  ‚ôô   |     |     |     |     |  ‚ôô  |     |  ‚ôô  |
  +-----+-----+-----+-----+-----+-----+-----+-----+
4 |     |     |     |  ‚ôô  |     |     |  ‚ôô  |     |
  +-----+-----+-----+-----+-----+-----+-----+-----+
3 |     |     |     |     |     |  ‚ôô  |     |  ‚ôî  |
  +-----+-----+-----+-----+-----+-----+-----+-----+
2 |     |     |     |     |     |     |     |     |
  +-----+-----+-----+-----+-----+-----+-----+-----+
1 |     |     |     |     |     |     |     |     |
  +-----+-----+-----+-----+-----+-----+-----+-----+
Coup (eg. a1a8) ? 

     a     b     c     d     e     f     g     h    
  +-----+-----+-----+-----+-----+-----+-----+-----+
8 |     |  ‚ôï  |     |  ‚ôú  |     |     |     |     |
  +-----+-----+-----+-----+-----+-----+-----+-----+
7 |     |     |     |     |  ‚ôñ  |     |  ‚ôü  |  ‚ôö  |
  +-----+-----+-----+-----+-----+-----+-----+-----+
6 |  ‚ôü   |     |     |     |     |  ‚ôü  |     |  ‚ôü  |
  +-----+-----+-----+-----+-----+-----+-----+-----+
5 |  ‚ôô   |     |     |     |     |  ‚ôô  |     |  ‚ôô  |
  +-----+-----+-----+-----+-----+-----+-----+-----+
4 |     |     |     |  ‚ôô  |     |     |  ‚ôô  |     |
  +-----+-----+-----+-----+-----+-----+-----+-----+
3 |     |     |     |     |     |  ‚ôô  |     |  ‚ôî  |
  +-----+-----+-----+-----+-----+-----+-----+-----+
2 |     |     |     |     |     |     |     |     |
  +-----+-----+-----+-----+-----+-----+-----+-----+
1 |     |     |     |     |     |     |     |     |
  +-----+-----+-----+-----+-----+-----+-----+-----+
Coup (eg. a1a8) ? 

     a     b     c     d     e     f     g     h    
  +-----+-----+-----+-----+-----+-----+-----+-----+
8 |     |  ‚ôï  |     |     |     |     |     |     |
  +-----+-----+-----+-----+-----+-----+-----+-----+
7 |     |     |     |  ‚ôú  |  ‚ôñ  |     |  ‚ôü  |  ‚ôö  |
  +-----+-----+-----+-----+-----+-----+-----+-----+
6 |  ‚ôü   |     |     |     |     |  ‚ôü  |     |  ‚ôü  |
  +-----+-----+-----+-----+-----+-----+-----+-----+
5 |  ‚ôô   |     |     |     |     |  ‚ôô  |     |  ‚ôô  |
  +-----+-----+-----+-----+-----+-----+-----+-----+
4 |     |     |     |  ‚ôô  |     |     |  ‚ôô  |     |
  +-----+-----+-----+-----+-----+-----+-----+-----+
3 |     |     |     |     |     |  ‚ôô  |     |  ‚ôî  |
  +-----+-----+-----+-----+-----+-----+-----+-----+
2 |     |     |     |     |     |     |     |     |
  +-----+-----+-----+-----+-----+-----+-----+-----+
1 |     |     |     |     |     |     |     |     |
  +-----+-----+-----+-----+-----+-----+-----+-----+
Coup (eg. a1a8) ? 

     a     b     c     d     e     f     g     h    
  +-----+-----+-----+-----+-----+-----+-----+-----+
8 |     |  ‚ôï  |     |     |     |     |     |     |
  +-----+-----+-----+-----+-----+-----+-----+-----+
7 |     |     |     |  ‚ôñ  |     |     |  ‚ôü  |  ‚ôö  |
  +-----+-----+-----+-----+-----+-----+-----+-----+
6 |  ‚ôü   |     |     |     |     |  ‚ôü  |     |  ‚ôü  |
  +-----+-----+-----+-----+-----+-----+-----+-----+
5 |  ‚ôô   |     |     |     |     |  ‚ôô  |     |  ‚ôô  |
  +-----+-----+-----+-----+-----+-----+-----+-----+
4 |     |     |     |  ‚ôô  |     |     |  ‚ôô  |     |
  +-----+-----+-----+-----+-----+-----+-----+-----+
3 |     |     |     |     |     |  ‚ôô  |     |  ‚ôî  |
  +-----+-----+-----+-----+-----+-----+-----+-----+
2 |     |     |     |     |     |     |     |     |
  +-----+-----+-----+-----+-----+-----+-----+-----+
1 |     |     |     |     |     |     |     |     |
  +-----+-----+-----+-----+-----+-----+-----+-----+
Pat
,,,,,,,,,,,,,,,,,,,,,wP,,wK,,,,wP,,,wP,,wP,,,,,wP,,wP,bP,,,,,bP,,bP,,,,wR,,,bP,bK,,wQ,,,,,,, 1/2-1/2
  -> [0;32mreference position: OK[0m
  -> [0;32mreference result: OK[0m
  -> [0m(exit code=0)
